Archive member included to satisfy reference by file (symbol)

c:/program files (x86)/atmel/studio/7.0/toolchain/arm/arm-gnu-toolchain/bin/../lib/gcc/arm-none-eabi/6.3.1/thumb/v7e-m\libgcc.a(_aeabi_uldivmod.o)
                              src/main.o (__aeabi_uldivmod)
c:/program files (x86)/atmel/studio/7.0/toolchain/arm/arm-gnu-toolchain/bin/../lib/gcc/arm-none-eabi/6.3.1/thumb/v7e-m\libgcc.a(_udivmoddi4.o)
                              c:/program files (x86)/atmel/studio/7.0/toolchain/arm/arm-gnu-toolchain/bin/../lib/gcc/arm-none-eabi/6.3.1/thumb/v7e-m\libgcc.a(_aeabi_uldivmod.o) (__udivmoddi4)
c:/program files (x86)/atmel/studio/7.0/toolchain/arm/arm-gnu-toolchain/bin/../lib/gcc/arm-none-eabi/6.3.1/thumb/v7e-m\libgcc.a(_dvmd_tls.o)
                              c:/program files (x86)/atmel/studio/7.0/toolchain/arm/arm-gnu-toolchain/bin/../lib/gcc/arm-none-eabi/6.3.1/thumb/v7e-m\libgcc.a(_aeabi_uldivmod.o) (__aeabi_ldiv0)
c:/program files (x86)/atmel/studio/7.0/toolchain/arm/arm-gnu-toolchain/bin/../lib/gcc/arm-none-eabi/6.3.1/../../../../arm-none-eabi/lib/thumb/v7e-m\libc.a(lib_a-exit.o)
                              c:/program files (x86)/atmel/studio/7.0/toolchain/arm/arm-gnu-toolchain/bin/../lib/gcc/arm-none-eabi/6.3.1/../../../../arm-none-eabi/lib/thumb/v7e-m/crt0.o (exit)
c:/program files (x86)/atmel/studio/7.0/toolchain/arm/arm-gnu-toolchain/bin/../lib/gcc/arm-none-eabi/6.3.1/../../../../arm-none-eabi/lib/thumb/v7e-m\libc.a(lib_a-impure.o)
                              c:/program files (x86)/atmel/studio/7.0/toolchain/arm/arm-gnu-toolchain/bin/../lib/gcc/arm-none-eabi/6.3.1/../../../../arm-none-eabi/lib/thumb/v7e-m\libc.a(lib_a-exit.o) (_global_impure_ptr)
c:/program files (x86)/atmel/studio/7.0/toolchain/arm/arm-gnu-toolchain/bin/../lib/gcc/arm-none-eabi/6.3.1/../../../../arm-none-eabi/lib/thumb/v7e-m\libc.a(lib_a-init.o)
                              c:/program files (x86)/atmel/studio/7.0/toolchain/arm/arm-gnu-toolchain/bin/../lib/gcc/arm-none-eabi/6.3.1/../../../../arm-none-eabi/lib/thumb/v7e-m/crt0.o (__libc_init_array)
c:/program files (x86)/atmel/studio/7.0/toolchain/arm/arm-gnu-toolchain/bin/../lib/gcc/arm-none-eabi/6.3.1/../../../../arm-none-eabi/lib/thumb/v7e-m\libc.a(lib_a-iprintf.o)
                              src/main.o (iprintf)
c:/program files (x86)/atmel/studio/7.0/toolchain/arm/arm-gnu-toolchain/bin/../lib/gcc/arm-none-eabi/6.3.1/../../../../arm-none-eabi/lib/thumb/v7e-m\libc.a(lib_a-malloc.o)
                              src/ASF/common/components/touch/mxt/mxt_device_1.o (malloc)
c:/program files (x86)/atmel/studio/7.0/toolchain/arm/arm-gnu-toolchain/bin/../lib/gcc/arm-none-eabi/6.3.1/../../../../arm-none-eabi/lib/thumb/v7e-m\libc.a(lib_a-mallocr.o)
                              c:/program files (x86)/atmel/studio/7.0/toolchain/arm/arm-gnu-toolchain/bin/../lib/gcc/arm-none-eabi/6.3.1/../../../../arm-none-eabi/lib/thumb/v7e-m\libc.a(lib_a-malloc.o) (_malloc_r)
c:/program files (x86)/atmel/studio/7.0/toolchain/arm/arm-gnu-toolchain/bin/../lib/gcc/arm-none-eabi/6.3.1/../../../../arm-none-eabi/lib/thumb/v7e-m\libc.a(lib_a-memset.o)
                              c:/program files (x86)/atmel/studio/7.0/toolchain/arm/arm-gnu-toolchain/bin/../lib/gcc/arm-none-eabi/6.3.1/../../../../arm-none-eabi/lib/thumb/v7e-m/crt0.o (memset)
c:/program files (x86)/atmel/studio/7.0/toolchain/arm/arm-gnu-toolchain/bin/../lib/gcc/arm-none-eabi/6.3.1/../../../../arm-none-eabi/lib/thumb/v7e-m\libc.a(lib_a-mlock.o)
                              c:/program files (x86)/atmel/studio/7.0/toolchain/arm/arm-gnu-toolchain/bin/../lib/gcc/arm-none-eabi/6.3.1/../../../../arm-none-eabi/lib/thumb/v7e-m\libc.a(lib_a-mallocr.o) (__malloc_lock)
c:/program files (x86)/atmel/studio/7.0/toolchain/arm/arm-gnu-toolchain/bin/../lib/gcc/arm-none-eabi/6.3.1/../../../../arm-none-eabi/lib/thumb/v7e-m\libc.a(lib_a-sbrkr.o)
                              c:/program files (x86)/atmel/studio/7.0/toolchain/arm/arm-gnu-toolchain/bin/../lib/gcc/arm-none-eabi/6.3.1/../../../../arm-none-eabi/lib/thumb/v7e-m\libc.a(lib_a-mallocr.o) (_sbrk_r)
c:/program files (x86)/atmel/studio/7.0/toolchain/arm/arm-gnu-toolchain/bin/../lib/gcc/arm-none-eabi/6.3.1/../../../../arm-none-eabi/lib/thumb/v7e-m\libc.a(lib_a-setbuf.o)
                              src/main.o (setbuf)
c:/program files (x86)/atmel/studio/7.0/toolchain/arm/arm-gnu-toolchain/bin/../lib/gcc/arm-none-eabi/6.3.1/../../../../arm-none-eabi/lib/thumb/v7e-m\libc.a(lib_a-setvbuf.o)
                              c:/program files (x86)/atmel/studio/7.0/toolchain/arm/arm-gnu-toolchain/bin/../lib/gcc/arm-none-eabi/6.3.1/../../../../arm-none-eabi/lib/thumb/v7e-m\libc.a(lib_a-setbuf.o) (setvbuf)
c:/program files (x86)/atmel/studio/7.0/toolchain/arm/arm-gnu-toolchain/bin/../lib/gcc/arm-none-eabi/6.3.1/../../../../arm-none-eabi/lib/thumb/v7e-m\libc.a(lib_a-sprintf.o)
                              src/gui.o (sprintf)
[...]
Memory Configuration

Name             Origin             Length             Attributes
rom              0x00400000         0x00200000         xr
ram              0x20400000         0x00060000         xrw
*default*        0x00000000         0xffffffff

Linker script and memory map

LOAD c:/program files (x86)/atmel/studio/7.0/toolchain/arm/arm-gnu-toolchain/bin/../lib/gcc/arm-none-eabi/6.3.1/thumb/v7e-m/crti.o
LOAD c:/program files (x86)/atmel/studio/7.0/toolchain/arm/arm-gnu-toolchain/bin/../lib/gcc/arm-none-eabi/6.3.1/thumb/v7e-m/crtbegin.o
LOAD c:/program files (x86)/atmel/studio/7.0/toolchain/arm/arm-gnu-toolchain/bin/../lib/gcc/arm-none-eabi/6.3.1/../../../../arm-none-eabi/lib/thumb/v7e-m/crt0.o
LOAD src/ASF/sam/drivers/rtt/rtt.o
LOAD src/ASF/sam/drivers/tc/tc.o
LOAD src/gui.o
LOAD src/ASF/common/components/touch/mxt/mxt_device_1.o
LOAD src/ASF/common/services/clock/same70/sysclk.o
LOAD src/ASF/common/services/delay/sam/cycle_counter.o
LOAD src/ASF/common/services/serial/usart_serial.o
LOAD src/ASF/common/services/spi/sam_spi/spi_master.o
LOAD src/ASF/common/utils/interrupt/interrupt_sam_nvic.o
LOAD src/ASF/common/utils/stdio/read.o
LOAD src/ASF/common/utils/stdio/write.o
LOAD src/ASF/sam/boards/same70_xplained/init.o
LOAD src/ASF/sam/components/display/ili9488/ili9488.o
LOAD src/ASF/sam/drivers/mpu/mpu.o
LOAD src/ASF/sam/drivers/pio/pio.o
LOAD src/ASF/sam/drivers/pio/pio_handler.o
LOAD src/ASF/sam/drivers/pmc/pmc.o
LOAD src/ASF/sam/drivers/pmc/sleep.o
LOAD src/ASF/sam/drivers/spi/spi.o
LOAD src/ASF/sam/drivers/twihs/twihs.o
LOAD src/ASF/sam/drivers/uart/uart.o
LOAD src/ASF/sam/drivers/usart/usart.o
LOAD src/ASF/sam/utils/cmsis/same70/source/templates/gcc/startup_same70.o
LOAD src/ASF/sam/utils/cmsis/same70/source/templates/system_same70.o
LOAD src/ASF/sam/utils/syscalls/gcc/syscalls.o
LOAD src/main.o
START GROUP
LOAD ../src/ASF/thirdparty/CMSIS/Lib/GCC\libarm_cortexM7lfsp_math_softfp.a
LOAD c:/program files (x86)/atmel/studio/7.0/toolchain/arm/arm-gnu-toolchain/bin/../lib/gcc/arm-none-eabi/6.3.1/../../../../arm-none-eabi/lib/thumb/v7e-m\libm.a
END GROUP
START GROUP
LOAD c:/program files (x86)/atmel/studio/7.0/toolchain/arm/arm-gnu-toolchain/bin/../lib/gcc/arm-none-eabi/6.3.1/thumb/v7e-m\libgcc.a
LOAD c:/program files (x86)/atmel/studio/7.0/toolchain/arm/arm-gnu-toolchain/bin/../lib/gcc/arm-none-eabi/6.3.1/../../../../arm-none-eabi/lib/thumb/v7e-m\libc.a
END GROUP
LOAD c:/program files (x86)/atmel/studio/7.0/toolchain/arm/arm-gnu-toolchain/bin/../lib/gcc/arm-none-eabi/6.3.1/thumb/v7e-m/crtend.o
LOAD c:/program files (x86)/atmel/studio/7.0/toolchain/arm/arm-gnu-toolchain/bin/../lib/gcc/arm-none-eabi/6.3.1/thumb/v7e-m/crtn.o
                0x00002000                STACK_SIZE = DEFINED (STACK_SIZE)?STACK_SIZE:0x2000
                0x2045fffc                __ram_end__ = ((ORIGIN (ram) + LENGTH (ram)) - 0x4)
                0x00000200                HEAP_SIZE = DEFINED (HEAP_SIZE)?HEAP_SIZE:0x200

.text           0x00400000    0x39a8c
                0x00400000                . = ALIGN (0x4)
                0x00400000                _sfixed = .
 *(.vectors .vectors.*)
 .vectors       0x00400000      0x168 src/ASF/sam/utils/cmsis/same70/source/templates/gcc/startup_same70.o
                0x00400000                exception_table
 *(.text .text.* .gnu.linkonce.t.*)
 .text          0x00400168       0x6c c:/program files (x86)/atmel/studio/7.0/toolchain/arm/arm-gnu-toolchain/bin/../lib/gcc/arm-none-eabi/6.3.1/thumb/v7e-m/crtbegin.o
 .text.rtt_init
                0x004001d4       0x30 src/ASF/sam/drivers/rtt/rtt.o
                0x004001d4                rtt_init
 .text.rtt_sel_source
                0x00400204       0x58 src/ASF/sam/drivers/rtt/rtt.o
                0x00400204                rtt_sel_source
 .text.rtt_enable_interrupt
                0x0040025c       0x38 src/ASF/sam/drivers/rtt/rtt.o
                0x0040025c                rtt_enable_interrupt
 .text.rtt_disable_interrupt
                0x00400294       0x40 src/ASF/sam/drivers/rtt/rtt.o
                0x00400294                rtt_disable_interrupt
 .text.rtt_read_timer_value
                0x004002d4       0x2e src/ASF/sam/drivers/rtt/rtt.o
                0x004002d4                rtt_read_timer_value
 .text.rtt_get_status
                0x00400302       0x18 src/ASF/sam/drivers/rtt/rtt.o
                0x00400302                rtt_get_status
 *fill*         0x0040031a        0x2 
 .text.rtt_write_alarm_time
                0x0040031c       0x5c src/ASF/sam/drivers/rtt/rtt.o
                0x0040031c                rtt_write_alarm_time
 .text.tc_init  0x00400378       0x3a src/ASF/sam/drivers/tc/tc.o
                0x00400378                tc_init
 .text.tc_start
                0x004003b2       0x22 src/ASF/sam/drivers/tc/tc.o
                0x004003b2                tc_start
 .text.tc_stop  0x004003d4       0x22 src/ASF/sam/drivers/tc/tc.o
                0x004003d4                tc_stop
 .text.tc_write_rc
                0x004003f6       0x26 src/ASF/sam/drivers/tc/tc.o
                0x004003f6                tc_write_rc
 .text.tc_enable_interrupt
                0x0040041c       0x28 src/ASF/sam/drivers/tc/tc.o
                0x0040041c                tc_enable_interrupt
 .text.tc_get_status
                0x00400444       0x24 src/ASF/sam/drivers/tc/tc.o
                0x00400444                tc_get_status
 .text.tc_find_mck_divisor
                0x00400468       0xa6 src/ASF/sam/drivers/tc/tc.o
                0x00400468                tc_find_mck_divisor
 *fill*         0x0040050e        0x2 
 .text.draw_tela_inicial_logos
                0x00400510       0x54 src/gui.o
                0x00400510                draw_tela_inicial_logos
 .text.draw_ciclo
                0x00400564      0x108 src/gui.o
                0x00400564                draw_ciclo
 .text.clear_for_lavagem
                0x0040066c       0x74 src/gui.o
                0x0040066c                clear_for_lavagem
 .text.draw_lavagem
                0x004006e0       0x94 src/gui.o
                0x004006e0                draw_lavagem
 .text.draw_porta_warning
                0x00400774       0x48 src/gui.o
                0x00400774                draw_porta_warning
 .text.ioport_get_pin_level
                0x004007bc       0x50 src/ASF/common/components/touch/mxt/mxt_device_1.o
 .text.mxt_get_tot_report_ids
                0x0040080c       0x4a src/ASF/common/components/touch/mxt/mxt_device_1.o
 *fill*         0x00400856        0x2 
 .text.mxt_read_id_block
                0x00400858       0x68 src/ASF/common/components/touch/mxt/mxt_device_1.o
 .text.mxt_read_object_table
                0x004008c0       0x8c src/ASF/common/components/touch/mxt/mxt_device_1.o
 .text.mxt_read_info_block
                0x0040094c       0x48 src/ASF/common/components/touch/mxt/mxt_device_1.o
 .text.mxt_create_report_id_map
                0x00400994       0xe4 src/ASF/common/components/touch/mxt/mxt_device_1.o
 .text.mxt_crc_24
                0x00400a78       0x50 src/ASF/common/components/touch/mxt/mxt_device_1.o
 .text.mxt_calculate_infoblock_crc
                0x00400ac8       0xd4 src/ASF/common/components/touch/mxt/mxt_device_1.o
 .text.mxt_get_crc_value
                0x00400b9c       0x90 src/ASF/common/components/touch/mxt/mxt_device_1.o
 .text.mxt_validate_info_block
                0x00400c2c       0x3c src/ASF/common/components/touch/mxt/mxt_device_1.o
 .text.mxt_get_object_size
                0x00400c68       0x66 src/ASF/common/components/touch/mxt/mxt_device_1.o
 *fill*         0x00400cce        0x2 
 .text.mxt_get_report_id_offset
                0x00400cd0       0x54 src/ASF/common/components/touch/mxt/mxt_device_1.o
 .text.mxt_info_le_to_cpu
                0x00400d24       0x56 src/ASF/common/components/touch/mxt/mxt_device_1.o
 *fill*         0x00400d7a        0x2 
 .text.mxt_init_device
                0x00400d7c       0xb8 src/ASF/common/components/touch/mxt/mxt_device_1.o
                0x00400d7c                mxt_init_device
 .text.mxt_get_object_address
                0x00400e34       0x66 src/ASF/common/components/touch/mxt/mxt_device_1.o
                0x00400e34                mxt_get_object_address
 *fill*         0x00400e9a        0x2 
 .text.mxt_write_config_object
                0x00400e9c       0x7c src/ASF/common/components/touch/mxt/mxt_device_1.o
                0x00400e9c                mxt_write_config_object
 .text.mxt_write_config_reg
                0x00400f18       0x6c src/ASF/common/components/touch/mxt/mxt_device_1.o
                0x00400f18                mxt_write_config_reg
 .text.mxt_is_message_pending
                0x00400f84       0x30 src/ASF/common/components/touch/mxt/mxt_device_1.o
                0x00400f84                mxt_is_message_pending
 .text.mxt_read_message
                0x00400fb4       0x78 src/ASF/common/components/touch/mxt/mxt_device_1.o
                0x00400fb4                mxt_read_message
 .text.mxt_read_touch_event
                0x0040102c       0xb8 src/ASF/common/components/touch/mxt/mxt_device_1.o
                0x0040102c                mxt_read_touch_event
 .text.mxt_get_object_type
                0x004010e4       0x24 src/ASF/common/components/touch/mxt/mxt_device_1.o
                0x004010e4                mxt_get_object_type
 .text.osc_enable
                0x00401108       0x88 src/ASF/common/services/clock/same70/sysclk.o
 .text.osc_is_ready
                0x00401190       0x70 src/ASF/common/services/clock/same70/sysclk.o
 .text.osc_get_rate
                0x00401200       0x74 src/ASF/common/services/clock/same70/sysclk.o
 .text.osc_wait_ready
                0x00401274       0x2c src/ASF/common/services/clock/same70/sysclk.o
 .text.pll_config_init
                0x004012a0       0x6c src/ASF/common/services/clock/same70/sysclk.o
 .text.pll_enable
                0x0040130c       0x40 src/ASF/common/services/clock/same70/sysclk.o
 .text.pll_is_locked
                0x0040134c       0x2c src/ASF/common/services/clock/same70/sysclk.o
 .text.pll_enable_source
                0x00401378       0x38 src/ASF/common/services/clock/same70/sysclk.o
 .text.pll_wait_for_lock
                0x004013b0       0x24 src/ASF/common/services/clock/same70/sysclk.o
 .text.sysclk_get_main_hz
                0x004013d4       0x20 src/ASF/common/services/clock/same70/sysclk.o
 .text.sysclk_get_cpu_hz
                0x004013f4       0x14 src/ASF/common/services/clock/same70/sysclk.o
 .text.sysclk_init
                0x00401408       0x7c src/ASF/common/services/clock/same70/sysclk.o
                0x00401408                sysclk_init
 .text.usart_serial_putchar
                0x00401484      0x10c src/ASF/common/services/serial/usart_serial.o
 .text.usart_serial_write_packet
                0x00401590       0x3c src/ASF/common/services/serial/usart_serial.o
                0x00401590                usart_serial_write_packet
 .text.osc_get_rate
                0x004015cc       0x74 src/ASF/common/services/spi/sam_spi/spi_master.o
 .text.sysclk_get_main_hz
                0x00401640       0x20 src/ASF/common/services/spi/sam_spi/spi_master.o
 .text.sysclk_get_peripheral_hz
                0x00401660       0x14 src/ASF/common/services/spi/sam_spi/spi_master.o
 .text.spi_reset
                0x00401674       0x1a src/ASF/common/services/spi/sam_spi/spi_master.o
 .text.spi_set_master_mode
                0x0040168e       0x20 src/ASF/common/services/spi/sam_spi/spi_master.o
 .text.spi_set_fixed_peripheral_select
                0x004016ae       0x20 src/ASF/common/services/spi/sam_spi/spi_master.o
 .text.spi_disable_peripheral_select_decode
                0x004016ce       0x20 src/ASF/common/services/spi/sam_spi/spi_master.o
 .text.spi_get_peripheral_select_decode_setting
                0x004016ee       0x26 src/ASF/common/services/spi/sam_spi/spi_master.o
 .text.spi_disable_mode_fault_detect
                0x00401714       0x20 src/ASF/common/services/spi/sam_spi/spi_master.o
 .text.spi_disable_loopback
                0x00401734       0x20 src/ASF/common/services/spi/sam_spi/spi_master.o
 .text.spi_put  0x00401754       0x1e src/ASF/common/services/spi/sam_spi/spi_master.o
 .text.spi_get  0x00401772       0x1a src/ASF/common/services/spi/sam_spi/spi_master.o
 .text.spi_is_tx_ready
                0x0040178c       0x26 src/ASF/common/services/spi/sam_spi/spi_master.o
 .text.spi_is_rx_ready
                0x004017b2       0x2c src/ASF/common/services/spi/sam_spi/spi_master.o
 *fill*         0x004017de        0x2 
 .text.spi_write_single
                0x004017e0       0x24 src/ASF/common/services/spi/sam_spi/spi_master.o
 .text.spi_read_single
                0x00401804       0x24 src/ASF/common/services/spi/sam_spi/spi_master.o
 .text.spi_master_init
                0x00401828       0x70 src/ASF/common/services/spi/sam_spi/spi_master.o
                0x00401828                spi_master_init
 .text.spi_master_setup_device
                0x00401898       0xb4 src/ASF/common/services/spi/sam_spi/spi_master.o
                0x00401898                spi_master_setup_device
 .text.spi_select_device
                0x0040194c       0x58 src/ASF/common/services/spi/sam_spi/spi_master.o
                0x0040194c                spi_select_device
 .text.spi_write_packet
                0x004019a4       0x74 src/ASF/common/services/spi/sam_spi/spi_master.o
                0x004019a4                spi_write_packet
 .text.spi_read_packet
                0x00401a18       0xac src/ASF/common/services/spi/sam_spi/spi_master.o
                0x00401a18                spi_read_packet
 .text._read    0x00401ac4       0x54 src/ASF/common/utils/stdio/read.o
                0x00401ac4                _read
 .text._write   0x00401b18       0x6c src/ASF/common/utils/stdio/write.o
                0x00401b18                _write
 .text.SCB_EnableICache
                0x00401b84       0x38 src/ASF/sam/boards/same70_xplained/init.o
 .text.SCB_EnableDCache
                0x00401bbc       0xa4 src/ASF/sam/boards/same70_xplained/init.o
 .text.sysclk_enable_peripheral_clock
                0x00401c60       0x1c src/ASF/sam/boards/same70_xplained/init.o
 .text.ioport_init
                0x00401c7c       0x2c src/ASF/sam/boards/same70_xplained/init.o
 .text.ioport_disable_pin
                0x00401ca8       0x4c src/ASF/sam/boards/same70_xplained/init.o
 .text.ioport_set_pin_mode
                0x00401cf4      0x11c src/ASF/sam/boards/same70_xplained/init.o
 .text.ioport_set_pin_dir
                0x00401e10       0x88 src/ASF/sam/boards/same70_xplained/init.o
 .text.ioport_set_pin_level
                0x00401e98       0x6c src/ASF/sam/boards/same70_xplained/init.o
 .text.ioport_set_pin_sense_mode
                0x00401f04       0xd0 src/ASF/sam/boards/same70_xplained/init.o
 .text.tcm_disable
                0x00401fd4       0x44 src/ASF/sam/boards/same70_xplained/init.o
 .text.board_init
                0x00402018      0x1d8 src/ASF/sam/boards/same70_xplained/init.o
                0x00402018                board_init
 .text.spi_enable
                0x004021f0       0x1a src/ASF/sam/components/display/ili9488/ili9488.o
 .text.spi_enable_interrupt
                0x0040220a       0x1c src/ASF/sam/components/display/ili9488/ili9488.o
 *fill*         0x00402226        0x2 
 .text.ili9488_write_ram_prepare
                0x00402228       0x40 src/ASF/sam/components/display/ili9488/ili9488.o
 .text.ili9488_write_ram_buffer
                0x00402268       0x40 src/ASF/sam/components/display/ili9488/ili9488.o
 .text.ili9488_write_register
                0x004022a8       0x78 src/ASF/sam/components/display/ili9488/ili9488.o
 .text.ili9488_read_chipid
                0x00402320       0xcc src/ASF/sam/components/display/ili9488/ili9488.o
 .text.ili9488_delay
                0x004023ec       0x40 src/ASF/sam/components/display/ili9488/ili9488.o
                0x004023ec                ili9488_delay
 .text.ili9488_check_box_coordinates
                0x0040242c       0xa2 src/ASF/sam/components/display/ili9488/ili9488.o
 *fill*         0x004024ce        0x2 
 .text.ili9488_set_display_direction
                0x004024d0       0x34 src/ASF/sam/components/display/ili9488/ili9488.o
                0x004024d0                ili9488_set_display_direction
 .text.ili9488_set_window
                0x00402504       0xc8 src/ASF/sam/components/display/ili9488/ili9488.o
                0x00402504                ili9488_set_window
 .text.ili9488_init
                0x004025cc      0x15c src/ASF/sam/components/display/ili9488/ili9488.o
                0x004025cc                ili9488_init
 .text.ili9488_display_on
                0x00402728       0x18 src/ASF/sam/components/display/ili9488/ili9488.o
                0x00402728                ili9488_display_on
 .text.ili9488_set_foreground_color
                0x00402740       0x54 src/ASF/sam/components/display/ili9488/ili9488.o
                0x00402740                ili9488_set_foreground_color
 .text.ili9488_set_cursor_position
                0x00402794       0x84 src/ASF/sam/components/display/ili9488/ili9488.o
                0x00402794                ili9488_set_cursor_position
 .text.ili9488_draw_pixel
                0x00402818       0x54 src/ASF/sam/components/display/ili9488/ili9488.o
                0x00402818                ili9488_draw_pixel
 .text.ili9488_draw_filled_rectangle
                0x0040286c       0xdc src/ASF/sam/components/display/ili9488/ili9488.o
                0x0040286c                ili9488_draw_filled_rectangle
 .text.ili9488_draw_char
                0x00402948       0xd4 src/ASF/sam/components/display/ili9488/ili9488.o
 .text.ili9488_draw_string
                0x00402a1c       0x60 src/ASF/sam/components/display/ili9488/ili9488.o
                0x00402a1c                ili9488_draw_string
 .text.ili9488_draw_pixmap
                0x00402a7c       0xb4 src/ASF/sam/components/display/ili9488/ili9488.o
                0x00402a7c                ili9488_draw_pixmap
 .text.pio_pull_up
                0x00402b30       0x2c src/ASF/sam/drivers/pio/pio.o
                0x00402b30                pio_pull_up
 .text.pio_set_debounce_filter
                0x00402b5c       0x38 src/ASF/sam/drivers/pio/pio.o
                0x00402b5c                pio_set_debounce_filter
 .text.pio_set  0x00402b94       0x1c src/ASF/sam/drivers/pio/pio.o
                0x00402b94                pio_set
 .text.pio_get  0x00402bb0       0x46 src/ASF/sam/drivers/pio/pio.o
                0x00402bb0                pio_get
 .text.pio_set_peripheral
                0x00402bf6      0x110 src/ASF/sam/drivers/pio/pio.o
                0x00402bf6                pio_set_peripheral
 *fill*         0x00402d06        0x2 
 .text.pio_set_input
                0x00402d08       0x80 src/ASF/sam/drivers/pio/pio.o
                0x00402d08                pio_set_input
 .text.pio_set_output
                0x00402d88       0x64 src/ASF/sam/drivers/pio/pio.o
                0x00402d88                pio_set_output
 .text.pio_configure
                0x00402dec       0xcc src/ASF/sam/drivers/pio/pio.o
                0x00402dec                pio_configure
 .text.pio_configure_interrupt
                0x00402eb8       0x6c src/ASF/sam/drivers/pio/pio.o
                0x00402eb8                pio_configure_interrupt
 .text.pio_enable_interrupt
                0x00402f24       0x1c src/ASF/sam/drivers/pio/pio.o
                0x00402f24                pio_enable_interrupt
 .text.pio_disable_interrupt
                0x00402f40       0x1c src/ASF/sam/drivers/pio/pio.o
                0x00402f40                pio_disable_interrupt
 .text.pio_get_interrupt_status
                0x00402f5c       0x18 src/ASF/sam/drivers/pio/pio.o
                0x00402f5c                pio_get_interrupt_status
 .text.pio_get_interrupt_mask
                0x00402f74       0x18 src/ASF/sam/drivers/pio/pio.o
                0x00402f74                pio_get_interrupt_mask
 .text.pio_set_pin_high
                0x00402f8c       0x30 src/ASF/sam/drivers/pio/pio.o
                0x00402f8c                pio_set_pin_high
 .text.pio_set_pin_low
                0x00402fbc       0x30 src/ASF/sam/drivers/pio/pio.o
                0x00402fbc                pio_set_pin_low
 .text.pio_configure_pin
                0x00402fec      0x1b0 src/ASF/sam/drivers/pio/pio.o
                0x00402fec                pio_configure_pin
 .text.pio_get_pin_group
                0x0040319c       0x28 src/ASF/sam/drivers/pio/pio.o
                0x0040319c                pio_get_pin_group
 .text.pio_handler_process
                0x004031c4       0xb4 src/ASF/sam/drivers/pio/pio_handler.o
                0x004031c4                pio_handler_process
 .text.pio_handler_set
                0x00403278       0xa0 src/ASF/sam/drivers/pio/pio_handler.o
                0x00403278                pio_handler_set
 .text.PIOA_Handler
                0x00403318       0x18 src/ASF/sam/drivers/pio/pio_handler.o
                0x00403318                PIOA_Handler
 .text.PIOB_Handler
                0x00403330       0x18 src/ASF/sam/drivers/pio/pio_handler.o
                0x00403330                PIOB_Handler
 .text.PIOC_Handler
                0x00403348       0x18 src/ASF/sam/drivers/pio/pio_handler.o
                0x00403348                PIOC_Handler
 .text.PIOD_Handler
                0x00403360       0x18 src/ASF/sam/drivers/pio/pio_handler.o
                0x00403360                PIOD_Handler
 .text.PIOE_Handler
                0x00403378       0x18 src/ASF/sam/drivers/pio/pio_handler.o
                0x00403378                PIOE_Handler
 .text.pmc_mck_set_division
                0x00403390       0x7c src/ASF/sam/drivers/pmc/pmc.o
                0x00403390                pmc_mck_set_division
 .text.pmc_switch_mck_to_pllack
                0x0040340c       0x84 src/ASF/sam/drivers/pmc/pmc.o
                0x0040340c                pmc_switch_mck_to_pllack
 .text.pmc_switch_sclk_to_32kxtal
                0x00403490       0x38 src/ASF/sam/drivers/pmc/pmc.o
                0x00403490                pmc_switch_sclk_to_32kxtal
 .text.pmc_osc_is_ready_32kxtal
                0x004034c8       0x34 src/ASF/sam/drivers/pmc/pmc.o
                0x004034c8                pmc_osc_is_ready_32kxtal
 .text.pmc_switch_mainck_to_fastrc
                0x004034fc       0x70 src/ASF/sam/drivers/pmc/pmc.o
                0x004034fc                pmc_switch_mainck_to_fastrc
 .text.pmc_switch_mainck_to_xtal
                0x0040356c       0x78 src/ASF/sam/drivers/pmc/pmc.o
                0x0040356c                pmc_switch_mainck_to_xtal
 .text.pmc_osc_is_ready_mainck
                0x004035e4       0x1c src/ASF/sam/drivers/pmc/pmc.o
                0x004035e4                pmc_osc_is_ready_mainck
 .text.pmc_disable_pllack
                0x00403600       0x1c src/ASF/sam/drivers/pmc/pmc.o
                0x00403600                pmc_disable_pllack
 .text.pmc_is_locked_pllack
                0x0040361c       0x1c src/ASF/sam/drivers/pmc/pmc.o
                0x0040361c                pmc_is_locked_pllack
 .text.pmc_is_locked_upll
                0x00403638       0x1c src/ASF/sam/drivers/pmc/pmc.o
                0x00403638                pmc_is_locked_upll
 .text.pmc_enable_periph_clk
                0x00403654       0x3c src/ASF/sam/drivers/pmc/pmc.o
                0x00403654                pmc_enable_periph_clk
 .text.spi_get_peripheral_select_mode
                0x00403690       0x26 src/ASF/sam/drivers/spi/spi.o
 *fill*         0x004036b6        0x2 
 .text.sysclk_enable_peripheral_clock
                0x004036b8       0x1c src/ASF/sam/drivers/spi/spi.o
 .text.spi_enable_clock
                0x004036d4       0x3c src/ASF/sam/drivers/spi/spi.o
                0x004036d4                spi_enable_clock
 .text.spi_set_peripheral_chip_select_value
                0x00403710       0x34 src/ASF/sam/drivers/spi/spi.o
                0x00403710                spi_set_peripheral_chip_select_value
 .text.spi_set_delay_between_chip_select
                0x00403744       0x30 src/ASF/sam/drivers/spi/spi.o
                0x00403744                spi_set_delay_between_chip_select
 .text.spi_write
                0x00403774       0x80 src/ASF/sam/drivers/spi/spi.o
                0x00403774                spi_write
 .text.spi_set_clock_polarity
                0x004037f4       0x50 src/ASF/sam/drivers/spi/spi.o
                0x004037f4                spi_set_clock_polarity
 .text.spi_set_clock_phase
                0x00403844       0x50 src/ASF/sam/drivers/spi/spi.o
                0x00403844                spi_set_clock_phase
 .text.spi_configure_cs_behavior
                0x00403894       0xa6 src/ASF/sam/drivers/spi/spi.o
                0x00403894                spi_configure_cs_behavior
 .text.spi_set_bits_per_transfer
                0x0040393a       0x4a src/ASF/sam/drivers/spi/spi.o
                0x0040393a                spi_set_bits_per_transfer
 .text.spi_calc_baudrate_div
                0x00403984       0x3c src/ASF/sam/drivers/spi/spi.o
                0x00403984                spi_calc_baudrate_div
 .text.spi_set_baudrate_div
                0x004039c0       0x5e src/ASF/sam/drivers/spi/spi.o
                0x004039c0                spi_set_baudrate_div
 .text.spi_set_transfer_delay
                0x00403a1e       0x5e src/ASF/sam/drivers/spi/spi.o
                0x00403a1e                spi_set_transfer_delay
 .text.twihs_enable_master_mode
                0x00403a7c       0x26 src/ASF/sam/drivers/twihs/twihs.o
                0x00403a7c                twihs_enable_master_mode
 *fill*         0x00403aa2        0x2 
 .text.twihs_master_init
                0x00403aa4       0x58 src/ASF/sam/drivers/twihs/twihs.o
                0x00403aa4                twihs_master_init
 .text.twihs_set_speed
                0x00403afc       0xf4 src/ASF/sam/drivers/twihs/twihs.o
                0x00403afc                twihs_set_speed
 .text.twihs_mk_addr
                0x00403bf0       0x5c src/ASF/sam/drivers/twihs/twihs.o
 .text.twihs_master_read
                0x00403c4c       0xe8 src/ASF/sam/drivers/twihs/twihs.o
                0x00403c4c                twihs_master_read
 .text.twihs_master_write
                0x00403d34       0xdc src/ASF/sam/drivers/twihs/twihs.o
                0x00403d34                twihs_master_write
 .text.twihs_reset
                0x00403e10       0x1e src/ASF/sam/drivers/twihs/twihs.o
                0x00403e10                twihs_reset
 .text.uart_init
                0x00403e2e       0x58 src/ASF/sam/drivers/uart/uart.o
                0x00403e2e                uart_init
 .text.uart_write
                0x00403e86       0x30 src/ASF/sam/drivers/uart/uart.o
                0x00403e86                uart_write
 .text.uart_read
                0x00403eb6       0x32 src/ASF/sam/drivers/uart/uart.o
                0x00403eb6                uart_read
 .text.usart_set_async_baudrate
                0x00403ee8       0x8a src/ASF/sam/drivers/usart/usart.o
                0x00403ee8                usart_set_async_baudrate
 *fill*         0x00403f72        0x2 
 .text.usart_reset
                0x00403f74       0x54 src/ASF/sam/drivers/usart/usart.o
                0x00403f74                usart_reset
 .text.usart_init_rs232
                0x00403fc8       0x84 src/ASF/sam/drivers/usart/usart.o
                0x00403fc8                usart_init_rs232
 .text.usart_enable_tx
                0x0040404c       0x1a src/ASF/sam/drivers/usart/usart.o
                0x0040404c                usart_enable_tx
 .text.usart_reset_tx
                0x00404066       0x1a src/ASF/sam/drivers/usart/usart.o
                0x00404066                usart_reset_tx
 .text.usart_enable_rx
                0x00404080       0x1a src/ASF/sam/drivers/usart/usart.o
                0x00404080                usart_enable_rx
 .text.usart_reset_rx
                0x0040409a       0x1a src/ASF/sam/drivers/usart/usart.o
                0x0040409a                usart_reset_rx
 .text.usart_reset_status
                0x004040b4       0x1c src/ASF/sam/drivers/usart/usart.o
                0x004040b4                usart_reset_status
 .text.usart_drive_RTS_pin_high
                0x004040d0       0x1c src/ASF/sam/drivers/usart/usart.o
                0x004040d0                usart_drive_RTS_pin_high
 .text.usart_write
                0x004040ec       0x32 src/ASF/sam/drivers/usart/usart.o
                0x004040ec                usart_write
 .text.usart_read
                0x0040411e       0x34 src/ASF/sam/drivers/usart/usart.o
                0x0040411e                usart_read
 *fill*         0x00404152        0x2 
 .text.usart_disable_writeprotect
                0x00404154       0x20 src/ASF/sam/drivers/usart/usart.o
                0x00404154                usart_disable_writeprotect
 .text.cpu_irq_save
                0x00404174       0x38 src/ASF/sam/utils/cmsis/same70/source/templates/gcc/startup_same70.o
 .text.cpu_irq_is_enabled_flags
                0x004041ac       0x20 src/ASF/sam/utils/cmsis/same70/source/templates/gcc/startup_same70.o
 .text.cpu_irq_restore
                0x004041cc       0x30 src/ASF/sam/utils/cmsis/same70/source/templates/gcc/startup_same70.o
 .text.Reset_Handler
                0x004041fc       0xb0 src/ASF/sam/utils/cmsis/same70/source/templates/gcc/startup_same70.o
                0x004041fc                Reset_Handler
 .text.Dummy_Handler
                0x004042ac        0x6 src/ASF/sam/utils/cmsis/same70/source/templates/gcc/startup_same70.o
                0x004042ac                DACC_Handler
                0x004042ac                DebugMon_Handler
                0x004042ac                UART3_Handler
                0x004042ac                UART2_Handler
                0x004042ac                TRNG_Handler
                0x004042ac                HardFault_Handler
                0x004042ac                TC2_Handler
                0x004042ac                SysTick_Handler
                0x004042ac                AFEC1_Handler
                0x004042ac                PendSV_Handler
                0x004042ac                NMI_Handler
                0x004042ac                TC7_Handler
                0x004042ac                QSPI_Handler
                0x004042ac                ISI_Handler
                0x004042ac                MCAN0_INT0_Handler
                0x004042ac                TC9_Handler
                0x004042ac                RSWDT_Handler
                0x004042ac                USART0_Handler
                0x004042ac                USBHS_Handler
                0x004042ac                IXC_Handler
                0x004042ac                CCF_Handler
                0x004042ac                RTC_Handler
                0x004042ac                UsageFault_Handler
                0x004042ac                TC6_Handler
                0x004042ac                WDT_Handler
                0x004042ac                MCAN1_INT1_Handler
                0x004042ac                TC4_Handler
                0x004042ac                HSMCI_Handler
                0x004042ac                UART1_Handler
                0x004042ac                TC3_Handler
                0x004042ac                Dummy_Handler
                0x004042ac                TWIHS1_Handler
                0x004042ac                XDMAC_Handler
                0x004042ac                UART4_Handler
                0x004042ac                PWM1_Handler
                0x004042ac                USART1_Handler
                0x004042ac                PWM0_Handler
                0x004042ac                AFEC0_Handler
                0x004042ac                CCW_Handler
                0x004042ac                TC11_Handler
                0x004042ac                SSC_Handler
                0x004042ac                ACC_Handler
                0x004042ac                PMC_Handler
                0x004042ac                GMAC_Handler
                0x004042ac                MCAN0_INT1_Handler
                0x004042ac                GMAC_Q5_Handler
                0x004042ac                MemManage_Handler
                0x004042ac                SUPC_Handler
                0x004042ac                SVC_Handler
                0x004042ac                TC8_Handler
                0x004042ac                MCAN1_INT0_Handler
                0x004042ac                EFC_Handler
                0x004042ac                GMAC_Q1_Handler
                0x004042ac                USART2_Handler
                0x004042ac                SDRAMC_Handler
                0x004042ac                GMAC_Q2_Handler
                0x004042ac                SPI1_Handler
                0x004042ac                TC10_Handler
                0x004042ac                GMAC_Q3_Handler
                0x004042ac                TWIHS2_Handler
                0x004042ac                I2SC0_Handler
                0x004042ac                UART0_Handler
                0x004042ac                I2SC1_Handler
                0x004042ac                GMAC_Q4_Handler
                0x004042ac                FPU_Handler
                0x004042ac                BusFault_Handler
                0x004042ac                RSTC_Handler
                0x004042ac                TC0_Handler
                0x004042ac                TC5_Handler
                0x004042ac                AES_Handler
                0x004042ac                ICM_Handler
                0x004042ac                TWIHS0_Handler
                0x004042ac                SPI0_Handler
 *fill*         0x004042b2        0x2 
 .text.SystemCoreClockUpdate
                0x004042b4      0x168 src/ASF/sam/utils/cmsis/same70/source/templates/system_same70.o
                0x004042b4                SystemCoreClockUpdate
 .text.system_init_flash
                0x0040441c       0xb0 src/ASF/sam/utils/cmsis/same70/source/templates/system_same70.o
                0x0040441c                system_init_flash
 .text._sbrk    0x004044cc       0x58 src/ASF/sam/utils/syscalls/gcc/syscalls.o
                0x004044cc                _sbrk
 .text._close   0x00404524       0x18 src/ASF/sam/utils/syscalls/gcc/syscalls.o
                0x00404524                _close
 .text._fstat   0x0040453c       0x20 src/ASF/sam/utils/syscalls/gcc/syscalls.o
                0x0040453c                _fstat
 .text._isatty  0x0040455c       0x16 src/ASF/sam/utils/syscalls/gcc/syscalls.o
                0x0040455c                _isatty
 .text._lseek   0x00404572       0x1a src/ASF/sam/utils/syscalls/gcc/syscalls.o
                0x00404572                _lseek
 .text.NVIC_EnableIRQ
                0x0040458c       0x34 src/main.o
 .text.NVIC_DisableIRQ
                0x004045c0       0x34 src/main.o
 .text.NVIC_ClearPendingIRQ
                0x004045f4       0x34 src/main.o
 .text.NVIC_SetPriority
                0x00404628       0x54 src/main.o
 .text.osc_get_rate
                0x0040467c       0x74 src/main.o
 .text.sysclk_get_main_hz
                0x004046f0       0x20 src/main.o
 .text.sysclk_get_cpu_hz
                0x00404710       0x14 src/main.o
 .text.sysclk_get_peripheral_hz
                0x00404724       0x14 src/main.o
 .text.sysclk_enable_peripheral_clock
                0x00404738       0x1c src/main.o
 .text.usart_serial_init
                0x00404754      0x180 src/main.o
 .text.usart_serial_putchar
                0x004048d4      0x10c src/main.o
 .text.usart_serial_getchar
                0x004049e0      0x108 src/main.o
 .text.stdio_serial_init
                0x00404ae8       0x68 src/main.o
 .text.twihs_master_setup
                0x00404b50       0x74 src/main.o
 .text.prox_callback
                0x00404bc4       0x1c src/main.o
                0x00404bc4                prox_callback
 .text.ant_callback
                0x00404be0       0x1c src/main.o
                0x00404be0                ant_callback
 .text.lock_callback
                0x00404bfc       0x48 src/main.o
                0x00404bfc                lock_callback
 .text.play_callback
                0x00404c44       0x1c src/main.o
                0x00404c44                play_callback
 .text.para_callback
                0x00404c60       0x24 src/main.o
                0x00404c60                para_callback
 .text.opened_door_callback
                0x00404c84       0x38 src/main.o
                0x00404c84                opened_door_callback
 .text.processa_touch
                0x00404cbc       0x84 src/main.o
                0x00404cbc                processa_touch
 .text.configure_lcd
                0x00404d40       0x38 src/main.o
 .text.TC1_Handler
                0x00404d78       0x3c src/main.o
                0x00404d78                TC1_Handler
 .text.TC_init  0x00404db4       0x98 src/main.o
                0x00404db4                TC_init
 .text.convert_axis_system_x
                0x00404e4c       0x24 src/main.o
                0x00404e4c                convert_axis_system_x
 .text.convert_axis_system_y
                0x00404e70       0x24 src/main.o
                0x00404e70                convert_axis_system_y
 .text.mxt_init
                0x00404e94      0x210 src/main.o
 .text.mxt_handler
                0x004050a4      0x1c4 src/main.o
                0x004050a4                mxt_handler
 .text.RTT_init
                0x00405268       0x98 src/main.o
 .text.RTT_Handler
                0x00405300       0x34 src/main.o
                0x00405300                RTT_Handler
 .text.RTT_reboot
                0x00405334       0x28 src/main.o
                0x00405334                RTT_reboot
 .text.porta_init
                0x0040535c       0x80 src/main.o
                0x0040535c                porta_init
 .text.inicia_lavagem
                0x004053dc      0x17c src/main.o
                0x004053dc                inicia_lavagem
 .text.initMenuOrder
                0x00405558       0x60 src/main.o
                0x00405558                initMenuOrder
 .text.tela_inicial
                0x004055b8      0x118 src/main.o
                0x004055b8                tela_inicial
 .text.interrompe_lavagem
                0x004056d0       0xa8 src/main.o
                0x004056d0                interrompe_lavagem
 .text.main     0x00405778      0x210 src/main.o
                0x00405778                main
 .text          0x00405988       0x30 c:/program files (x86)/atmel/studio/7.0/toolchain/arm/arm-gnu-toolchain/bin/../lib/gcc/arm-none-eabi/6.3.1/thumb/v7e-m\libgcc.a(_aeabi_uldivmod.o)
                0x00405988                __aeabi_uldivmod
 .text          0x004059b8      0x2dc c:/program files (x86)/atmel/studio/7.0/toolchain/arm/arm-gnu-toolchain/bin/../lib/gcc/arm-none-eabi/6.3.1/thumb/v7e-m\libgcc.a(_udivmoddi4.o)
                0x004059b8                __udivmoddi4
 .text          0x00405c94        0x4 c:/program files (x86)/atmel/studio/7.0/toolchain/arm/arm-gnu-toolchain/bin/../lib/gcc/arm-none-eabi/6.3.1/thumb/v7e-m\libgcc.a(_dvmd_tls.o)
                0x00405c94                __aeabi_idiv0
                0x00405c94                __aeabi_ldiv0
 .text.__libc_init_array
                0x00405c98       0x50 c:/program files (x86)/atmel/studio/7.0/toolchain/arm/arm-gnu-toolchain/bin/../lib/gcc/arm-none-eabi/6.3.1/../../../../arm-none-eabi/lib/thumb/v7e-m\libc.a(lib_a-init.o)
                0x00405c98                __libc_init_array
 .text.iprintf  0x00405ce8       0x28 c:/program files (x86)/atmel/studio/7.0/toolchain/arm/arm-gnu-toolchain/bin/../lib/gcc/arm-none-eabi/6.3.1/../../../../arm-none-eabi/lib/thumb/v7e-m\libc.a(lib_a-iprintf.o)
                0x00405ce8                iprintf
 .text.malloc   0x00405d10       0x10 c:/program files (x86)/atmel/studio/7.0/toolchain/arm/arm-gnu-toolchain/bin/../lib/gcc/arm-none-eabi/6.3.1/../../../../arm-none-eabi/lib/thumb/v7e-m\libc.a(lib_a-malloc.o)
                0x00405d10                malloc
 .text._malloc_r
                0x00405d20      0x560 c:/program files (x86)/atmel/studio/7.0/toolchain/arm/arm-gnu-toolchain/bin/../lib/gcc/arm-none-eabi/6.3.1/../../../../arm-none-eabi/lib/thumb/v7e-m\libc.a(lib_a-mallocr.o)
                0x00405d20                _malloc_r
 .text.memset   0x00406280       0x9c c:/program files (x86)/atmel/studio/7.0/toolchain/arm/arm-gnu-toolchain/bin/../lib/gcc/arm-none-eabi/6.3.1/../../../../arm-none-eabi/lib/thumb/v7e-m\libc.a(lib_a-memset.o)
                0x00406280                memset
 .text.__malloc_lock
                0x0040631c        0xc c:/program files (x86)/atmel/studio/7.0/toolchain/arm/arm-gnu-toolchain/bin/../lib/gcc/arm-none-eabi/6.3.1/../../../../arm-none-eabi/lib/thumb/v7e-m\libc.a(lib_a-mlock.o)
                0x0040631c                __malloc_lock
 .text.__malloc_unlock
                0x00406328        0xc c:/program files (x86)/atmel/studio/7.0/toolchain/arm/arm-gnu-toolchain/bin/../lib/gcc/arm-none-eabi/6.3.1/../../../../arm-none-eabi/lib/thumb/v7e-m\libc.a(lib_a-mlock.o)
                0x00406328                __malloc_unlock
 .text._sbrk_r  0x00406334       0x24 c:/program files (x86)/atmel/studio/7.0/toolchain/arm/arm-gnu-toolchain/bin/../lib/gcc/arm-none-eabi/6.3.1/../../../../arm-none-eabi/lib/thumb/v7e-m\libc.a(lib_a-sbrkr.o)
                0x00406334                _sbrk_r
 .text.setbuf   0x00406358       0x10 c:/program files (x86)/atmel/studio/7.0/toolchain/arm/arm-gnu-toolchain/bin/../lib/gcc/arm-none-eabi/6.3.1/../../../../arm-none-eabi/lib/thumb/v7e-m\libc.a(lib_a-setbuf.o)
                0x00406358                setbuf
 .text.setvbuf  0x00406368      0x190 c:/program files (x86)/atmel/studio/7.0/toolchain/arm/arm-gnu-toolchain/bin/../lib/gcc/arm-none-eabi/6.3.1/../../../../arm-none-eabi/lib/thumb/v7e-m\libc.a(lib_a-setvbuf.o)
                0x00406368                setvbuf
 .text.sprintf  0x004064f8       0x4c c:/program files (x86)/atmel/studio/7.0/toolchain/arm/arm-gnu-toolchain/bin/../lib/gcc/arm-none-eabi/6.3.1/../../../../arm-none-eabi/lib/thumb/v7e-m\libc.a(lib_a-sprintf.o)
                0x004064f8                sprintf
 .text.strcat   0x00406544       0x40 c:/program files (x86)/atmel/studio/7.0/toolchain/arm/arm-gnu-toolchain/bin/../lib/gcc/arm-none-eabi/6.3.1/../../../../arm-none-eabi/lib/thumb/v7e-m\libc.a(lib_a-strcat.o)
                0x00406544                strcat
 .text.strcpy   0x00406584       0xbc c:/program files (x86)/atmel/studio/7.0/toolchain/arm/arm-gnu-toolchain/bin/../lib/gcc/arm-none-eabi/6.3.1/../../../../arm-none-eabi/lib/thumb/v7e-m\libc.a(lib_a-strcpy.o)
                0x00406584                strcpy
 .text          0x00406640       0xdc c:/program files (x86)/atmel/studio/7.0/toolchain/arm/arm-gnu-toolchain/bin/../lib/gcc/arm-none-eabi/6.3.1/../../../../arm-none-eabi/lib/thumb/v7e-m\libc.a(lib_a-strlen.o)
                0x00406640                strlen
 .text._svfprintf_r
                0x0040671c     0x145c c:/program files (x86)/atmel/studio/7.0/toolchain/arm/arm-gnu-toolchain/bin/../lib/gcc/arm-none-eabi/6.3.1/../../../../arm-none-eabi/lib/thumb/v7e-m\libc.a(lib_a-svfprintf.o)
                0x0040671c                _svfprintf_r
 .text.__sprint_r.part.0
                0x00407b78       0x80 c:/program files (x86)/atmel/studio/7.0/toolchain/arm/arm-gnu-toolchain/bin/../lib/gcc/arm-none-eabi/6.3.1/../../../../arm-none-eabi/lib/thumb/v7e-m\libc.a(lib_a-vfiprintf.o)
 .text._vfiprintf_r
                0x00407bf8      0xc90 c:/program files (x86)/atmel/studio/7.0/toolchain/arm/arm-gnu-toolchain/bin/../lib/gcc/arm-none-eabi/6.3.1/../../../../arm-none-eabi/lib/thumb/v7e-m\libc.a(lib_a-vfiprintf.o)
                0x00407bf8                _vfiprintf_r
 .text.__sbprintf
                0x00408888       0x84 c:/program files (x86)/atmel/studio/7.0/toolchain/arm/arm-gnu-toolchain/bin/../lib/gcc/arm-none-eabi/6.3.1/../../../../arm-none-eabi/lib/thumb/v7e-m\libc.a(lib_a-vfiprintf.o)
 .text.__swsetup_r
                0x0040890c       0xc8 c:/program files (x86)/atmel/studio/7.0/toolchain/arm/arm-gnu-toolchain/bin/../lib/gcc/arm-none-eabi/6.3.1/../../../../arm-none-eabi/lib/thumb/v7e-m\libc.a(lib_a-wsetup.o)
                0x0040890c                __swsetup_r
 .text.startup.register_fini
                0x004089d4       0x14 c:/program files (x86)/atmel/studio/7.0/toolchain/arm/arm-gnu-toolchain/bin/../lib/gcc/arm-none-eabi/6.3.1/../../../../arm-none-eabi/lib/thumb/v7e-m\libc.a(lib_a-__call_atexit.o)
 .text.atexit   0x004089e8        0xc c:/program files (x86)/atmel/studio/7.0/toolchain/arm/arm-gnu-toolchain/bin/../lib/gcc/arm-none-eabi/6.3.1/../../../../arm-none-eabi/lib/thumb/v7e-m\libc.a(lib_a-atexit.o)
                0x004089e8                atexit
 .text.quorem   0x004089f4      0x128 c:/program files (x86)/atmel/studio/7.0/toolchain/arm/arm-gnu-toolchain/bin/../lib/gcc/arm-none-eabi/6.3.1/../../../../arm-none-eabi/lib/thumb/v7e-m\libc.a(lib_a-dtoa.o)
 *fill*         0x00408b1c        0x4 
 .text._dtoa_r  0x00408b20      0xe54 c:/program files (x86)/atmel/studio/7.0/toolchain/arm/arm-gnu-toolchain/bin/../lib/gcc/arm-none-eabi/6.3.1/../../../../arm-none-eabi/lib/thumb/v7e-m\libc.a(lib_a-dtoa.o)
                0x00408b20                _dtoa_r
 .text.__sflush_r
                0x00409974      0x140 c:/program files (x86)/atmel/studio/7.0/toolchain/arm/arm-gnu-toolchain/bin/../lib/gcc/arm-none-eabi/6.3.1/../../../../arm-none-eabi/lib/thumb/v7e-m\libc.a(lib_a-fflush.o)
                0x00409974                __sflush_r
 .text._fflush_r
                0x00409ab4       0x54 c:/program files (x86)/atmel/studio/7.0/toolchain/arm/arm-gnu-toolchain/bin/../lib/gcc/arm-none-eabi/6.3.1/../../../../arm-none-eabi/lib/thumb/v7e-m\libc.a(lib_a-fflush.o)
                0x00409ab4                _fflush_r
 .text._cleanup_r
                0x00409b08        0xc c:/program files (x86)/atmel/studio/7.0/toolchain/arm/arm-gnu-toolchain/bin/../lib/gcc/arm-none-eabi/6.3.1/../../../../arm-none-eabi/lib/thumb/v7e-m\libc.a(lib_a-findfp.o)
                0x00409b08                _cleanup_r
 .text.std.isra.0
                0x00409b14       0x50 c:/program files (x86)/atmel/studio/7.0/toolchain/arm/arm-gnu-toolchain/bin/../lib/gcc/arm-none-eabi/6.3.1/../../../../arm-none-eabi/lib/thumb/v7e-m\libc.a(lib_a-findfp.o)
 .text.__sinit  0x00409b64       0x58 c:/program files (x86)/atmel/studio/7.0/toolchain/arm/arm-gnu-toolchain/bin/../lib/gcc/arm-none-eabi/6.3.1/../../../../arm-none-eabi/lib/thumb/v7e-m\libc.a(lib_a-findfp.o)
                0x00409b64                __sinit
 .text.__sfp_lock_acquire
                0x00409bbc        0xc c:/program files (x86)/atmel/studio/7.0/toolchain/arm/arm-gnu-toolchain/bin/../lib/gcc/arm-none-eabi/6.3.1/../../../../arm-none-eabi/lib/thumb/v7e-m\libc.a(lib_a-findfp.o)
                0x00409bbc                __sfp_lock_acquire
 .text.__sfp_lock_release
                0x00409bc8        0xc c:/program files (x86)/atmel/studio/7.0/toolchain/arm/arm-gnu-toolchain/bin/../lib/gcc/arm-none-eabi/6.3.1/../../../../arm-none-eabi/lib/thumb/v7e-m\libc.a(lib_a-findfp.o)
                0x00409bc8                __sfp_lock_release
 .text.__libc_fini_array
                0x00409bd4       0x34 c:/program files (x86)/atmel/studio/7.0/toolchain/arm/arm-gnu-toolchain/bin/../lib/gcc/arm-none-eabi/6.3.1/../../../../arm-none-eabi/lib/thumb/v7e-m\libc.a(lib_a-fini.o)
                0x00409bd4                __libc_fini_array
 .text.__fputwc
                0x00409c08       0xa0 c:/program files (x86)/atmel/studio/7.0/toolchain/arm/arm-gnu-toolchain/bin/../lib/gcc/arm-none-eabi/6.3.1/../../../../arm-none-eabi/lib/thumb/v7e-m\libc.a(lib_a-fputwc.o)
                0x00409c08                __fputwc
 .text._fputwc_r
                0x00409ca8       0x68 c:/program files (x86)/atmel/studio/7.0/toolchain/arm/arm-gnu-toolchain/bin/../lib/gcc/arm-none-eabi/6.3.1/../../../../arm-none-eabi/lib/thumb/v7e-m\libc.a(lib_a-fputwc.o)
                0x00409ca8                _fputwc_r
 .text._malloc_trim_r
                0x00409d10       0xa0 c:/program files (x86)/atmel/studio/7.0/toolchain/arm/arm-gnu-toolchain/bin/../lib/gcc/arm-none-eabi/6.3.1/../../../../arm-none-eabi/lib/thumb/v7e-m\libc.a(lib_a-freer.o)
                0x00409d10                _malloc_trim_r
 .text._free_r  0x00409db0      0x1cc c:/program files (x86)/atmel/studio/7.0/toolchain/arm/arm-gnu-toolchain/bin/../lib/gcc/arm-none-eabi/6.3.1/../../../../arm-none-eabi/lib/thumb/v7e-m\libc.a(lib_a-freer.o)
                0x00409db0                _free_r
 .text.__sfvwrite_r
                0x00409f7c      0x2f0 c:/program files (x86)/atmel/studio/7.0/toolchain/arm/arm-gnu-toolchain/bin/../lib/gcc/arm-none-eabi/6.3.1/../../../../arm-none-eabi/lib/thumb/v7e-m\libc.a(lib_a-fvwrite.o)
                0x00409f7c                __sfvwrite_r
 .text._fwalk_reent
                0x0040a26c       0x54 c:/program files (x86)/atmel/studio/7.0/toolchain/arm/arm-gnu-toolchain/bin/../lib/gcc/arm-none-eabi/6.3.1/../../../../arm-none-eabi/lib/thumb/v7e-m\libc.a(lib_a-fwalk.o)
                0x0040a26c                _fwalk_reent
 .text.__locale_mb_cur_max
                0x0040a2c0       0x1c c:/program files (x86)/atmel/studio/7.0/toolchain/arm/arm-gnu-toolchain/bin/../lib/gcc/arm-none-eabi/6.3.1/../../../../arm-none-eabi/lib/thumb/v7e-m\libc.a(lib_a-locale.o)
                0x0040a2c0                __locale_mb_cur_max
 .text._localeconv_r
                0x0040a2dc       0x1c c:/program files (x86)/atmel/studio/7.0/toolchain/arm/arm-gnu-toolchain/bin/../lib/gcc/arm-none-eabi/6.3.1/../../../../arm-none-eabi/lib/thumb/v7e-m\libc.a(lib_a-localeconv.o)
                0x0040a2dc                _localeconv_r
 .text.__retarget_lock_init_recursive
                0x0040a2f8        0x4 c:/program files (x86)/atmel/studio/7.0/toolchain/arm/arm-gnu-toolchain/bin/../lib/gcc/arm-none-eabi/6.3.1/../../../../arm-none-eabi/lib/thumb/v7e-m\libc.a(lib_a-lock.o)
                0x0040a2f8                __retarget_lock_init_recursive
 .text.__retarget_lock_close_recursive
                0x0040a2fc        0x4 c:/program files (x86)/atmel/studio/7.0/toolchain/arm/arm-gnu-toolchain/bin/../lib/gcc/arm-none-eabi/6.3.1/../../../../arm-none-eabi/lib/thumb/v7e-m\libc.a(lib_a-lock.o)
                0x0040a2fc                __retarget_lock_close_recursive
 .text.__retarget_lock_acquire_recursive
                0x0040a300        0x4 c:/program files (x86)/atmel/studio/7.0/toolchain/arm/arm-gnu-toolchain/bin/../lib/gcc/arm-none-eabi/6.3.1/../../../../arm-none-eabi/lib/thumb/v7e-m\libc.a(lib_a-lock.o)
                0x0040a300                __retarget_lock_acquire_recursive
 .text.__retarget_lock_release_recursive
                0x0040a304        0x4 c:/program files (x86)/atmel/studio/7.0/toolchain/arm/arm-gnu-toolchain/bin/../lib/gcc/arm-none-eabi/6.3.1/../../../../arm-none-eabi/lib/thumb/v7e-m\libc.a(lib_a-lock.o)
                0x0040a304                __retarget_lock_release_recursive
 .text.__swhatbuf_r
                0x0040a308       0x5c c:/program files (x86)/atmel/studio/7.0/toolchain/arm/arm-gnu-toolchain/bin/../lib/gcc/arm-none-eabi/6.3.1/../../../../arm-none-eabi/lib/thumb/v7e-m\libc.a(lib_a-makebuf.o)
                0x0040a308                __swhatbuf_r
 .text.__smakebuf_r
                0x0040a364       0x94 c:/program files (x86)/atmel/studio/7.0/toolchain/arm/arm-gnu-toolchain/bin/../lib/gcc/arm-none-eabi/6.3.1/../../../../arm-none-eabi/lib/thumb/v7e-m\libc.a(lib_a-makebuf.o)
                0x0040a364                __smakebuf_r
 .text.__ascii_mbtowc
                0x0040a3f8       0x2c c:/program files (x86)/atmel/studio/7.0/toolchain/arm/arm-gnu-toolchain/bin/../lib/gcc/arm-none-eabi/6.3.1/../../../../arm-none-eabi/lib/thumb/v7e-m\libc.a(lib_a-mbtowc_r.o)
                0x0040a3f8                __ascii_mbtowc
 *fill*         0x0040a424        0xc 
 .text          0x0040a430       0xa0 c:/program files (x86)/atmel/studio/7.0/toolchain/arm/arm-gnu-toolchain/bin/../lib/gcc/arm-none-eabi/6.3.1/../../../../arm-none-eabi/lib/thumb/v7e-m\libc.a(lib_a-memchr.o)
                0x0040a430                memchr
 .text          0x0040a4d0      0x134 c:/program files (x86)/atmel/studio/7.0/toolchain/arm/arm-gnu-toolchain/bin/../lib/gcc/arm-none-eabi/6.3.1/../../../../arm-none-eabi/lib/thumb/v7e-m\libc.a(lib_a-memcpy.o)
                0x0040a4d0                memcpy
 .text.memmove  0x0040a604       0xc8 c:/program files (x86)/atmel/studio/7.0/toolchain/arm/arm-gnu-toolchain/bin/../lib/gcc/arm-none-eabi/6.3.1/../../../../arm-none-eabi/lib/thumb/v7e-m\libc.a(lib_a-memmove.o)
                0x0040a604                memmove
 .text._Balloc  0x0040a6cc       0x4c c:/program files (x86)/atmel/studio/7.0/toolchain/arm/arm-gnu-toolchain/bin/../lib/gcc/arm-none-eabi/6.3.1/../../../../arm-none-eabi/lib/thumb/v7e-m\libc.a(lib_a-mprec.o)
                0x0040a6cc                _Balloc
 .text._Bfree   0x0040a718       0x14 c:/program files (x86)/atmel/studio/7.0/toolchain/arm/arm-gnu-toolchain/bin/../lib/gcc/arm-none-eabi/6.3.1/../../../../arm-none-eabi/lib/thumb/v7e-m\libc.a(lib_a-mprec.o)
                0x0040a718                _Bfree
 .text.__multadd
                0x0040a72c       0x80 c:/program files (x86)/atmel/studio/7.0/toolchain/arm/arm-gnu-toolchain/bin/../lib/gcc/arm-none-eabi/6.3.1/../../../../arm-none-eabi/lib/thumb/v7e-m\libc.a(lib_a-mprec.o)
                0x0040a72c                __multadd
 .text.__hi0bits
                0x0040a7ac       0x40 c:/program files (x86)/atmel/studio/7.0/toolchain/arm/arm-gnu-toolchain/bin/../lib/gcc/arm-none-eabi/6.3.1/../../../../arm-none-eabi/lib/thumb/v7e-m\libc.a(lib_a-mprec.o)
                0x0040a7ac                __hi0bits
 .text.__lo0bits
                0x0040a7ec       0x60 c:/program files (x86)/atmel/studio/7.0/toolchain/arm/arm-gnu-toolchain/bin/../lib/gcc/arm-none-eabi/6.3.1/../../../../arm-none-eabi/lib/thumb/v7e-m\libc.a(lib_a-mprec.o)
                0x0040a7ec                __lo0bits
 .text.__i2b    0x0040a84c       0x14 c:/program files (x86)/atmel/studio/7.0/toolchain/arm/arm-gnu-toolchain/bin/../lib/gcc/arm-none-eabi/6.3.1/../../../../arm-none-eabi/lib/thumb/v7e-m\libc.a(lib_a-mprec.o)
                0x0040a84c                __i2b
 .text.__multiply
                0x0040a860      0x124 c:/program files (x86)/atmel/studio/7.0/toolchain/arm/arm-gnu-toolchain/bin/../lib/gcc/arm-none-eabi/6.3.1/../../../../arm-none-eabi/lib/thumb/v7e-m\libc.a(lib_a-mprec.o)
                0x0040a860                __multiply
 .text.__pow5mult
                0x0040a984       0xa0 c:/program files (x86)/atmel/studio/7.0/toolchain/arm/arm-gnu-toolchain/bin/../lib/gcc/arm-none-eabi/6.3.1/../../../../arm-none-eabi/lib/thumb/v7e-m\libc.a(lib_a-mprec.o)
                0x0040a984                __pow5mult
 .text.__lshift
                0x0040aa24       0xa4 c:/program files (x86)/atmel/studio/7.0/toolchain/arm/arm-gnu-toolchain/bin/../lib/gcc/arm-none-eabi/6.3.1/../../../../arm-none-eabi/lib/thumb/v7e-m\libc.a(lib_a-mprec.o)
                0x0040aa24                __lshift
 .text.__mcmp   0x0040aac8       0x38 c:/program files (x86)/atmel/studio/7.0/toolchain/arm/arm-gnu-toolchain/bin/../lib/gcc/arm-none-eabi/6.3.1/../../../../arm-none-eabi/lib/thumb/v7e-m\libc.a(lib_a-mprec.o)
                0x0040aac8                __mcmp
 .text.__mdiff  0x0040ab00      0x108 c:/program files (x86)/atmel/studio/7.0/toolchain/arm/arm-gnu-toolchain/bin/../lib/gcc/arm-none-eabi/6.3.1/../../../../arm-none-eabi/lib/thumb/v7e-m\libc.a(lib_a-mprec.o)
                0x0040ab00                __mdiff
 .text.__d2b    0x0040ac08       0xb8 c:/program files (x86)/atmel/studio/7.0/toolchain/arm/arm-gnu-toolchain/bin/../lib/gcc/arm-none-eabi/6.3.1/../../../../arm-none-eabi/lib/thumb/v7e-m\libc.a(lib_a-mprec.o)
                0x0040ac08                __d2b
 .text._realloc_r
                0x0040acc0      0x34c c:/program files (x86)/atmel/studio/7.0/toolchain/arm/arm-gnu-toolchain/bin/../lib/gcc/arm-none-eabi/6.3.1/../../../../arm-none-eabi/lib/thumb/v7e-m\libc.a(lib_a-reallocr.o)
                0x0040acc0                _realloc_r
 .text.__sread  0x0040b00c       0x24 c:/program files (x86)/atmel/studio/7.0/toolchain/arm/arm-gnu-toolchain/bin/../lib/gcc/arm-none-eabi/6.3.1/../../../../arm-none-eabi/lib/thumb/v7e-m\libc.a(lib_a-stdio.o)
                0x0040b00c                __sread
 .text.__swrite
                0x0040b030       0x3c c:/program files (x86)/atmel/studio/7.0/toolchain/arm/arm-gnu-toolchain/bin/../lib/gcc/arm-none-eabi/6.3.1/../../../../arm-none-eabi/lib/thumb/v7e-m\libc.a(lib_a-stdio.o)
                0x0040b030                __swrite
 .text.__sseek  0x0040b06c       0x20 c:/program files (x86)/atmel/studio/7.0/toolchain/arm/arm-gnu-toolchain/bin/../lib/gcc/arm-none-eabi/6.3.1/../../../../arm-none-eabi/lib/thumb/v7e-m\libc.a(lib_a-stdio.o)
                0x0040b06c                __sseek
 .text.__sclose
                0x0040b08c        0x8 c:/program files (x86)/atmel/studio/7.0/toolchain/arm/arm-gnu-toolchain/bin/../lib/gcc/arm-none-eabi/6.3.1/../../../../arm-none-eabi/lib/thumb/v7e-m\libc.a(lib_a-stdio.o)
                0x0040b08c                __sclose
 .text.__ssprint_r
                0x0040b094       0xfc c:/program files (x86)/atmel/studio/7.0/toolchain/arm/arm-gnu-toolchain/bin/../lib/gcc/arm-none-eabi/6.3.1/../../../../arm-none-eabi/lib/thumb/v7e-m\libc.a(lib_a-svfiprintf.o)
                0x0040b094                __ssprint_r
 .text.__swbuf_r
                0x0040b190       0xb0 c:/program files (x86)/atmel/studio/7.0/toolchain/arm/arm-gnu-toolchain/bin/../lib/gcc/arm-none-eabi/6.3.1/../../../../arm-none-eabi/lib/thumb/v7e-m\libc.a(lib_a-wbuf.o)
                0x0040b190                __swbuf_r
 .text._wcrtomb_r
                0x0040b240       0x54 c:/program files (x86)/atmel/studio/7.0/toolchain/arm/arm-gnu-toolchain/bin/../lib/gcc/arm-none-eabi/6.3.1/../../../../arm-none-eabi/lib/thumb/v7e-m\libc.a(lib_a-wcrtomb.o)
                0x0040b240                _wcrtomb_r
 .text.__ascii_wctomb
                0x0040b294       0x1c c:/program files (x86)/atmel/studio/7.0/toolchain/arm/arm-gnu-toolchain/bin/../lib/gcc/arm-none-eabi/6.3.1/../../../../arm-none-eabi/lib/thumb/v7e-m\libc.a(lib_a-wctomb_r.o)
                0x0040b294                __ascii_wctomb
 .text._write_r
                0x0040b2b0       0x2c c:/program files (x86)/atmel/studio/7.0/toolchain/arm/arm-gnu-toolchain/bin/../lib/gcc/arm-none-eabi/6.3.1/../../../../arm-none-eabi/lib/thumb/v7e-m\libc.a(lib_a-writer.o)
                0x0040b2b0                _write_r
 .text.__register_exitproc
                0x0040b2dc       0xc4 c:/program files (x86)/atmel/studio/7.0/toolchain/arm/arm-gnu-toolchain/bin/../lib/gcc/arm-none-eabi/6.3.1/../../../../arm-none-eabi/lib/thumb/v7e-m\libc.a(lib_a-__atexit.o)
                0x0040b2dc                __register_exitproc
 .text._calloc_r
                0x0040b3a0       0x60 c:/program files (x86)/atmel/studio/7.0/toolchain/arm/arm-gnu-toolchain/bin/../lib/gcc/arm-none-eabi/6.3.1/../../../../arm-none-eabi/lib/thumb/v7e-m\libc.a(lib_a-callocr.o)
                0x0040b3a0                _calloc_r
 .text._close_r
                0x0040b400       0x24 c:/program files (x86)/atmel/studio/7.0/toolchain/arm/arm-gnu-toolchain/bin/../lib/gcc/arm-none-eabi/6.3.1/../../../../arm-none-eabi/lib/thumb/v7e-m\libc.a(lib_a-closer.o)
                0x0040b400                _close_r
 .text._fclose_r
                0x0040b424       0xc4 c:/program files (x86)/atmel/studio/7.0/toolchain/arm/arm-gnu-toolchain/bin/../lib/gcc/arm-none-eabi/6.3.1/../../../../arm-none-eabi/lib/thumb/v7e-m\libc.a(lib_a-fclose.o)
                0x0040b424                _fclose_r
 .text._fstat_r
                0x0040b4e8       0x28 c:/program files (x86)/atmel/studio/7.0/toolchain/arm/arm-gnu-toolchain/bin/../lib/gcc/arm-none-eabi/6.3.1/../../../../arm-none-eabi/lib/thumb/v7e-m\libc.a(lib_a-fstatr.o)
                0x0040b4e8                _fstat_r
 .text._isatty_r
                0x0040b510       0x24 c:/program files (x86)/atmel/studio/7.0/toolchain/arm/arm-gnu-toolchain/bin/../lib/gcc/arm-none-eabi/6.3.1/../../../../arm-none-eabi/lib/thumb/v7e-m\libc.a(lib_a-isattyr.o)
                0x0040b510                _isatty_r
 .text._lseek_r
                0x0040b534       0x2c c:/program files (x86)/atmel/studio/7.0/toolchain/arm/arm-gnu-toolchain/bin/../lib/gcc/arm-none-eabi/6.3.1/../../../../arm-none-eabi/lib/thumb/v7e-m\libc.a(lib_a-lseekr.o)
                0x0040b534                _lseek_r
 .text._read_r  0x0040b560       0x2c c:/program files (x86)/atmel/studio/7.0/toolchain/arm/arm-gnu-toolchain/bin/../lib/gcc/arm-none-eabi/6.3.1/../../../../arm-none-eabi/lib/thumb/v7e-m\libc.a(lib_a-readr.o)
                0x0040b560                _read_r
 .text          0x0040b58c      0x370 c:/program files (x86)/atmel/studio/7.0/toolchain/arm/arm-gnu-toolchain/bin/../lib/gcc/arm-none-eabi/6.3.1/thumb/v7e-m\libgcc.a(_arm_addsubdf3.o)
                0x0040b58c                __aeabi_drsub
                0x0040b594                __aeabi_dsub
                0x0040b594                __subdf3
                0x0040b598                __aeabi_dadd
                0x0040b598                __adddf3
                0x0040b810                __floatunsidf
                0x0040b810                __aeabi_ui2d
                0x0040b830                __floatsidf
                0x0040b830                __aeabi_i2d
                0x0040b854                __aeabi_f2d
                0x0040b854                __extendsfdf2
                0x0040b890                __floatundidf
                0x0040b890                __aeabi_ul2d
                0x0040b8a0                __floatdidf
                0x0040b8a0                __aeabi_l2d
 .text          0x0040b8fc      0x424 c:/program files (x86)/atmel/studio/7.0/toolchain/arm/arm-gnu-toolchain/bin/../lib/gcc/arm-none-eabi/6.3.1/thumb/v7e-m\libgcc.a(_arm_muldivdf3.o)
                0x0040b8fc                __aeabi_dmul
                0x0040b8fc                __muldf3
                0x0040bb50                __divdf3
                0x0040bb50                __aeabi_ddiv
 .text          0x0040bd20      0x110 c:/program files (x86)/atmel/studio/7.0/toolchain/arm/arm-gnu-toolchain/bin/../lib/gcc/arm-none-eabi/6.3.1/thumb/v7e-m\libgcc.a(_arm_cmpdf2.o)
                0x0040bd20                __gtdf2
                0x0040bd20                __gedf2
                0x0040bd28                __ltdf2
                0x0040bd28                __ledf2
                0x0040bd30                __nedf2
                0x0040bd30                __eqdf2
                0x0040bd30                __cmpdf2
                0x0040bdac                __aeabi_cdrcmple
                0x0040bdbc                __aeabi_cdcmpeq
                0x0040bdbc                __aeabi_cdcmple
                0x0040bdcc                __aeabi_dcmpeq
                0x0040bde0                __aeabi_dcmplt
                0x0040bdf4                __aeabi_dcmple
                0x0040be08                __aeabi_dcmpge
                0x0040be1c                __aeabi_dcmpgt
 .text          0x0040be30       0x2c c:/program files (x86)/atmel/studio/7.0/toolchain/arm/arm-gnu-toolchain/bin/../lib/gcc/arm-none-eabi/6.3.1/thumb/v7e-m\libgcc.a(_arm_unorddf2.o)
                0x0040be30                __unorddf2
                0x0040be30                __aeabi_dcmpun
 .text          0x0040be5c       0x50 c:/program files (x86)/atmel/studio/7.0/toolchain/arm/arm-gnu-toolchain/bin/../lib/gcc/arm-none-eabi/6.3.1/thumb/v7e-m\libgcc.a(_arm_fixdfsi.o)
                0x0040be5c                __aeabi_d2iz
                0x0040be5c                __fixdfsi
 *(.glue_7t)
 .glue_7t       0x0040beac        0x0 linker stubs
 *(.glue_7)
 .glue_7        0x0040beac        0x0 linker stubs
 *(.rodata .rodata* .gnu.linkonce.r.*)
 .rodata.image_data_door_open
                0x0040beac     0x3000 src/gui.o
 .rodata        0x0040eeac       0x2d src/gui.o
 *fill*         0x0040eed9        0x3 
 .rodata.crcpoly.9987
                0x0040eedc        0x4 src/ASF/common/components/touch/mxt/mxt_device_1.o
 .rodata.p_uc_charset10x14
                0x0040eee0      0x780 src/ASF/sam/components/display/ili9488/ili9488.o
                0x0040eee0                p_uc_charset10x14
 .rodata.image_data_next
                0x0040f660     0x3000 src/main.o
 .rodata.next   0x00412660        0xc src/main.o
                0x00412660                next
 .rodata.image_data_back
                0x0041266c     0x3000 src/main.o
 .rodata.back   0x0041566c        0xc src/main.o
                0x0041566c                back
 .rodata.image_data_locked
                0x00415678     0x3000 src/main.o
 .rodata.locked
                0x00418678        0xc src/main.o
                0x00418678                locked
 .rodata.image_data_unlocked
                0x00418684     0x3000 src/main.o
 .rodata.unlocked
                0x0041b684        0xc src/main.o
                0x0041b684                unlocked
 .rodata.image_data_play_butt
                0x0041b690     0x3000 src/main.o
 .rodata.play_butt
                0x0041e690        0xc src/main.o
                0x0041e690                play_butt
 .rodata.image_data_para
                0x0041e69c     0x3000 src/main.o
 .rodata.para   0x0042169c        0xc src/main.o
                0x0042169c                para
 .rodata.image_data_laundry
                0x004216a8     0x3000 src/main.o
 .rodata.laundry
                0x004246a8        0xc src/main.o
                0x004246a8                laundry
 .rodata.image_data_rpm
                0x004246b4     0x3000 src/main.o
 .rodata.rpm    0x004276b4        0xc src/main.o
                0x004276b4                rpm
 .rodata.image_data_bubble
                0x004276c0     0x3000 src/main.o
 .rodata.bubble
                0x0042a6c0        0xc src/main.o
                0x0042a6c0                bubble
 .rodata.image_data_diario
                0x0042a6cc     0x3000 src/main.o
 .rodata.diario
                0x0042d6cc        0xc src/main.o
                0x0042d6cc                diario
 .rodata.image_data_fast
                0x0042d6d8     0x3000 src/main.o
 .rodata.fast   0x004306d8        0xc src/main.o
                0x004306d8                fast
 .rodata.image_data_centrifuge
                0x004306e4     0x3000 src/main.o
 .rodata.centrifuge
                0x004336e4        0xc src/main.o
                0x004336e4                centrifuge
 .rodata.image_data_pesado
                0x004336f0     0x3000 src/main.o
 .rodata.pesado
                0x004366f0        0xc src/main.o
                0x004366f0                pesado
 .rodata.image_data_enxague
                0x004366fc     0x3000 src/main.o
 .rodata.enxague
                0x004396fc        0xc src/main.o
                0x004396fc                enxague
 .rodata        0x00439708       0xb4 src/main.o
 .rodata._global_impure_ptr
                0x004397bc        0x4 c:/program files (x86)/atmel/studio/7.0/toolchain/arm/arm-gnu-toolchain/bin/../lib/gcc/arm-none-eabi/6.3.1/../../../../arm-none-eabi/lib/thumb/v7e-m\libc.a(lib_a-impure.o)
                0x004397bc                _global_impure_ptr
 .rodata._svfprintf_r.str1.4
                0x004397c0       0x42 c:/program files (x86)/atmel/studio/7.0/toolchain/arm/arm-gnu-toolchain/bin/../lib/gcc/arm-none-eabi/6.3.1/../../../../arm-none-eabi/lib/thumb/v7e-m\libc.a(lib_a-svfprintf.o)
 *fill*         0x00439802        0x2 
 .rodata.blanks.7223
                0x00439804       0x10 c:/program files (x86)/atmel/studio/7.0/toolchain/arm/arm-gnu-toolchain/bin/../lib/gcc/arm-none-eabi/6.3.1/../../../../arm-none-eabi/lib/thumb/v7e-m\libc.a(lib_a-svfprintf.o)
 .rodata.zeroes.7224
                0x00439814       0x10 c:/program files (x86)/atmel/studio/7.0/toolchain/arm/arm-gnu-toolchain/bin/../lib/gcc/arm-none-eabi/6.3.1/../../../../arm-none-eabi/lib/thumb/v7e-m\libc.a(lib_a-svfprintf.o)
 .rodata._vfiprintf_r.str1.4
                0x00439824       0x2f c:/program files (x86)/atmel/studio/7.0/toolchain/arm/arm-gnu-toolchain/bin/../lib/gcc/arm-none-eabi/6.3.1/../../../../arm-none-eabi/lib/thumb/v7e-m\libc.a(lib_a-vfiprintf.o)
 .rodata.blanks.7217
                0x00439824       0x10 c:/program files (x86)/atmel/studio/7.0/toolchain/arm/arm-gnu-toolchain/bin/../lib/gcc/arm-none-eabi/6.3.1/../../../../arm-none-eabi/lib/thumb/v7e-m\libc.a(lib_a-vfiprintf.o)
 .rodata.zeroes.7218
                0x00439834       0x10 c:/program files (x86)/atmel/studio/7.0/toolchain/arm/arm-gnu-toolchain/bin/../lib/gcc/arm-none-eabi/6.3.1/../../../../arm-none-eabi/lib/thumb/v7e-m\libc.a(lib_a-vfiprintf.o)
 .rodata._dtoa_r.str1.4
                0x00439844       0x10 c:/program files (x86)/atmel/studio/7.0/toolchain/arm/arm-gnu-toolchain/bin/../lib/gcc/arm-none-eabi/6.3.1/../../../../arm-none-eabi/lib/thumb/v7e-m\libc.a(lib_a-dtoa.o)
                                 0x12 (size before relaxing)
 .rodata._setlocale_r.str1.4
                0x00439854        0xa c:/program files (x86)/atmel/studio/7.0/toolchain/arm/arm-gnu-toolchain/bin/../lib/gcc/arm-none-eabi/6.3.1/../../../../arm-none-eabi/lib/thumb/v7e-m\libc.a(lib_a-locale.o)
                                  0xd (size before relaxing)
 *fill*         0x0043985e        0x2 
 .rodata.str1.4
                0x00439860        0x4 c:/program files (x86)/atmel/studio/7.0/toolchain/arm/arm-gnu-toolchain/bin/../lib/gcc/arm-none-eabi/6.3.1/../../../../arm-none-eabi/lib/thumb/v7e-m\libc.a(lib_a-locale.o)
                                  0x2 (size before relaxing)
 *fill*         0x00439864        0x4 
 .rodata.__mprec_bigtens
                0x00439868       0x28 c:/program files (x86)/atmel/studio/7.0/toolchain/arm/arm-gnu-toolchain/bin/../lib/gcc/arm-none-eabi/6.3.1/../../../../arm-none-eabi/lib/thumb/v7e-m\libc.a(lib_a-mprec.o)
                0x00439868                __mprec_bigtens
 .rodata.__mprec_tens
                0x00439890       0xc8 c:/program files (x86)/atmel/studio/7.0/toolchain/arm/arm-gnu-toolchain/bin/../lib/gcc/arm-none-eabi/6.3.1/../../../../arm-none-eabi/lib/thumb/v7e-m\libc.a(lib_a-mprec.o)
                0x00439890                __mprec_tens
 .rodata.p05.6055
                0x00439958        0xc c:/program files (x86)/atmel/studio/7.0/toolchain/arm/arm-gnu-toolchain/bin/../lib/gcc/arm-none-eabi/6.3.1/../../../../arm-none-eabi/lib/thumb/v7e-m\libc.a(lib_a-mprec.o)
 .rodata._ctype_
                0x00439964      0x101 c:/program files (x86)/atmel/studio/7.0/toolchain/arm/arm-gnu-toolchain/bin/../lib/gcc/arm-none-eabi/6.3.1/../../../../arm-none-eabi/lib/thumb/v7e-m\libc.a(lib_a-ctype_.o)
                0x00439964                _ctype_
 *(.ARM.extab* .gnu.linkonce.armextab.*)
                0x00439a68                . = ALIGN (0x4)
 *fill*         0x00439a65        0x3 
 *(.init)
 .init          0x00439a68        0x4 c:/program files (x86)/atmel/studio/7.0/toolchain/arm/arm-gnu-toolchain/bin/../lib/gcc/arm-none-eabi/6.3.1/thumb/v7e-m/crti.o
                0x00439a68                _init
 .init          0x00439a6c        0x8 c:/program files (x86)/atmel/studio/7.0/toolchain/arm/arm-gnu-toolchain/bin/../lib/gcc/arm-none-eabi/6.3.1/thumb/v7e-m/crtn.o
                0x00439a74                . = ALIGN (0x4)
                0x00439a74                __preinit_array_start = .
 *(.preinit_array)
                0x00439a74                __preinit_array_end = .
                0x00439a74                . = ALIGN (0x4)
                0x00439a74                __init_array_start = .
 *(SORT(.init_array.*))
 .init_array.00000
                0x00439a74        0x4 c:/program files (x86)/atmel/studio/7.0/toolchain/arm/arm-gnu-toolchain/bin/../lib/gcc/arm-none-eabi/6.3.1/../../../../arm-none-eabi/lib/thumb/v7e-m\libc.a(lib_a-__call_atexit.o)
 *(.init_array)
 .init_array    0x00439a78        0x4 c:/program files (x86)/atmel/studio/7.0/toolchain/arm/arm-gnu-toolchain/bin/../lib/gcc/arm-none-eabi/6.3.1/thumb/v7e-m/crtbegin.o
                0x00439a7c                __init_array_end = .
                0x00439a7c                . = ALIGN (0x4)
 *crtbegin.o(.ctors)
 *(EXCLUDE_FILE(*crtend.o) .ctors)
 *(SORT(.ctors.*))
 *crtend.o(.ctors)
                0x00439a7c                . = ALIGN (0x4)
 *(.fini)
 .fini          0x00439a7c        0x4 c:/program files (x86)/atmel/studio/7.0/toolchain/arm/arm-gnu-toolchain/bin/../lib/gcc/arm-none-eabi/6.3.1/thumb/v7e-m/crti.o
                0x00439a7c                _fini
 .fini          0x00439a80        0x8 c:/program files (x86)/atmel/studio/7.0/toolchain/arm/arm-gnu-toolchain/bin/../lib/gcc/arm-none-eabi/6.3.1/thumb/v7e-m/crtn.o
                0x00439a88                . = ALIGN (0x4)
                0x00439a88                __fini_array_start = .
 *(.fini_array)
 .fini_array    0x00439a88        0x4 c:/program files (x86)/atmel/studio/7.0/toolchain/arm/arm-gnu-toolchain/bin/../lib/gcc/arm-none-eabi/6.3.1/thumb/v7e-m/crtbegin.o
 *(SORT(.fini_array.*))
                0x00439a8c                __fini_array_end = .
 *crtbegin.o(.dtors)
 *(EXCLUDE_FILE(*crtend.o) .dtors)
 *(SORT(.dtors.*))
 *crtend.o(.dtors)
                0x00439a8c                . = ALIGN (0x4)
                0x00439a8c                _efixed = .
                [!provide]                PROVIDE (__exidx_start, .)

.vfp11_veneer   0x00439a8c        0x0
 .vfp11_veneer  0x00439a8c        0x0 linker stubs

.v4_bx          0x00439a8c        0x0
 .v4_bx         0x00439a8c        0x0 linker stubs

.iplt           0x00439a8c        0x0
 .iplt          0x00439a8c        0x0 c:/program files (x86)/atmel/studio/7.0/toolchain/arm/arm-gnu-toolchain/bin/../lib/gcc/arm-none-eabi/6.3.1/thumb/v7e-m/crtbegin.o

.ARM.exidx      0x00439a8c        0x8
 *(.ARM.exidx* .gnu.linkonce.armexidx.*)
 .ARM.exidx     0x00439a8c        0x8 c:/program files (x86)/atmel/studio/7.0/toolchain/arm/arm-gnu-toolchain/bin/../lib/gcc/arm-none-eabi/6.3.1/thumb/v7e-m\libgcc.a(_udivmoddi4.o)
                [!provide]                PROVIDE (__exidx_end, .)

.eh_frame       0x00439a94        0x0
 .eh_frame      0x00439a94        0x0 c:/program files (x86)/atmel/studio/7.0/toolchain/arm/arm-gnu-toolchain/bin/../lib/gcc/arm-none-eabi/6.3.1/thumb/v7e-m/crtbegin.o

.rel.dyn        0x00439a94        0x0
 .rel.iplt      0x00439a94        0x0 c:/program files (x86)/atmel/studio/7.0/toolchain/arm/arm-gnu-toolchain/bin/../lib/gcc/arm-none-eabi/6.3.1/thumb/v7e-m/crtbegin.o

.jcr            0x00439a94        0x0
 .jcr           0x00439a94        0x0 c:/program files (x86)/atmel/studio/7.0/toolchain/arm/arm-gnu-toolchain/bin/../lib/gcc/arm-none-eabi/6.3.1/thumb/v7e-m/crtbegin.o

.igot.plt       0x00439a94        0x0
 .igot.plt      0x00439a94        0x0 c:/program files (x86)/atmel/studio/7.0/toolchain/arm/arm-gnu-toolchain/bin/../lib/gcc/arm-none-eabi/6.3.1/thumb/v7e-m/crtbegin.o
                0x00439a94                . = ALIGN (0x4)
                0x00439a94                _etext = .

.relocate       0x20400000      0xb50 load address 0x00439a94
                0x20400000                . = ALIGN (0x4)
                0x20400000                _srelocate = .
 *(.ramfunc .ramfunc.*)
 .ramfunc       0x20400000        0xa src/ASF/common/services/delay/sam/cycle_counter.o
                0x20400000                portable_delay_cycles
 *(.data .data.*)
 .data.g_interrupt_enabled
                0x2040000a        0x1 src/ASF/common/utils/interrupt/interrupt_sam_nvic.o
                0x2040000a                g_interrupt_enabled
 *fill*         0x2040000b        0x1 
 .data.SystemCoreClock
                0x2040000c        0x4 src/ASF/sam/utils/cmsis/same70/source/templates/system_same70.o
                0x2040000c                SystemCoreClock
 .data.c_rapido
                0x20400010       0x40 src/main.o
                0x20400010                c_rapido
 .data.c_diario
                0x20400050       0x40 src/main.o
                0x20400050                c_diario
 .data.c_pesado
                0x20400090       0x40 src/main.o
                0x20400090                c_pesado
 .data.c_enxague
                0x204000d0       0x40 src/main.o
                0x204000d0                c_enxague
 .data.c_centrifuga
                0x20400110       0x40 src/main.o
                0x20400110                c_centrifuga
 .data.prox     0x20400150       0x10 src/main.o
                0x20400150                prox
 .data.ant      0x20400160       0x10 src/main.o
                0x20400160                ant
 .data.lock     0x20400170       0x10 src/main.o
                0x20400170                lock
 .data.play     0x20400180       0x10 src/main.o
                0x20400180                play
 .data.cancela  0x20400190       0x10 src/main.o
                0x20400190                cancela
 .data._impure_ptr
                0x204001a0        0x4 c:/program files (x86)/atmel/studio/7.0/toolchain/arm/arm-gnu-toolchain/bin/../lib/gcc/arm-none-eabi/6.3.1/../../../../arm-none-eabi/lib/thumb/v7e-m\libc.a(lib_a-impure.o)
                0x204001a0                _impure_ptr
 *fill*         0x204001a4        0x4 
 .data.impure_data
                0x204001a8      0x428 c:/program files (x86)/atmel/studio/7.0/toolchain/arm/arm-gnu-toolchain/bin/../lib/gcc/arm-none-eabi/6.3.1/../../../../arm-none-eabi/lib/thumb/v7e-m\libc.a(lib_a-impure.o)
 .data.__malloc_av_
                0x204005d0      0x408 c:/program files (x86)/atmel/studio/7.0/toolchain/arm/arm-gnu-toolchain/bin/../lib/gcc/arm-none-eabi/6.3.1/../../../../arm-none-eabi/lib/thumb/v7e-m\libc.a(lib_a-mallocr.o)
                0x204005d0                __malloc_av_
 .data.__malloc_sbrk_base
                0x204009d8        0x4 c:/program files (x86)/atmel/studio/7.0/toolchain/arm/arm-gnu-toolchain/bin/../lib/gcc/arm-none-eabi/6.3.1/../../../../arm-none-eabi/lib/thumb/v7e-m\libc.a(lib_a-mallocr.o)
                0x204009d8                __malloc_sbrk_base
 .data.__malloc_trim_threshold
                0x204009dc        0x4 c:/program files (x86)/atmel/studio/7.0/toolchain/arm/arm-gnu-toolchain/bin/../lib/gcc/arm-none-eabi/6.3.1/../../../../arm-none-eabi/lib/thumb/v7e-m\libc.a(lib_a-mallocr.o)
                0x204009dc                __malloc_trim_threshold
 .data.__atexit_recursive_mutex
                0x204009e0        0x4 c:/program files (x86)/atmel/studio/7.0/toolchain/arm/arm-gnu-toolchain/bin/../lib/gcc/arm-none-eabi/6.3.1/../../../../arm-none-eabi/lib/thumb/v7e-m\libc.a(lib_a-__call_atexit.o)
                0x204009e0                __atexit_recursive_mutex
 .data.__global_locale
                0x204009e4      0x16c c:/program files (x86)/atmel/studio/7.0/toolchain/arm/arm-gnu-toolchain/bin/../lib/gcc/arm-none-eabi/6.3.1/../../../../arm-none-eabi/lib/thumb/v7e-m\libc.a(lib_a-locale.o)
                0x204009e4                __global_locale
                0x20400b50                . = ALIGN (0x4)
                0x20400b50                _erelocate = .

.bss            0x20400b50      0x6ec load address 0x0043a5e4
                0x20400b50                . = ALIGN (0x4)
                0x20400b50                _sbss = .
                0x20400b50                _szero = .
 *(.bss .bss.*)
 .bss           0x20400b50       0x1c c:/program files (x86)/atmel/studio/7.0/toolchain/arm/arm-gnu-toolchain/bin/../lib/gcc/arm-none-eabi/6.3.1/thumb/v7e-m/crtbegin.o
 .bss.g_wobits_in_rtt_mr
                0x20400b6c        0x4 src/ASF/sam/drivers/rtt/rtt.o
 .bss.g_ul_pixel_cache
                0x20400b70      0x5a0 src/ASF/sam/components/display/ili9488/ili9488.o
 .bss.gs_interrupt_sources
                0x20401110       0x70 src/ASF/sam/drivers/pio/pio_handler.o
 .bss.gs_ul_nb_sources
                0x20401180        0x4 src/ASF/sam/drivers/pio/pio_handler.o
 .bss.ul_reg_val.9451
                0x20401184        0x4 src/ASF/sam/drivers/usart/usart.o
 .bss.heap.6420
                0x20401188        0x4 src/ASF/sam/utils/syscalls/gcc/syscalls.o
 .bss.touch_counter
                0x2040118c        0x4 src/main.o
                0x2040118c                touch_counter
 .bss.f_rtt_alarme
                0x20401190        0x1 src/main.o
                0x20401190                f_rtt_alarme
 *fill*         0x20401191        0x3 
 .bss.__malloc_current_mallinfo
                0x20401194       0x28 c:/program files (x86)/atmel/studio/7.0/toolchain/arm/arm-gnu-toolchain/bin/../lib/gcc/arm-none-eabi/6.3.1/../../../../arm-none-eabi/lib/thumb/v7e-m\libc.a(lib_a-mallocr.o)
                0x20401194                __malloc_current_mallinfo
 .bss.__malloc_max_sbrked_mem
                0x204011bc        0x4 c:/program files (x86)/atmel/studio/7.0/toolchain/arm/arm-gnu-toolchain/bin/../lib/gcc/arm-none-eabi/6.3.1/../../../../arm-none-eabi/lib/thumb/v7e-m\libc.a(lib_a-mallocr.o)
                0x204011bc                __malloc_max_sbrked_mem
 .bss.__malloc_max_total_mem
                0x204011c0        0x4 c:/program files (x86)/atmel/studio/7.0/toolchain/arm/arm-gnu-toolchain/bin/../lib/gcc/arm-none-eabi/6.3.1/../../../../arm-none-eabi/lib/thumb/v7e-m\libc.a(lib_a-mallocr.o)
                0x204011c0                __malloc_max_total_mem
 .bss.__malloc_top_pad
                0x204011c4        0x4 c:/program files (x86)/atmel/studio/7.0/toolchain/arm/arm-gnu-toolchain/bin/../lib/gcc/arm-none-eabi/6.3.1/../../../../arm-none-eabi/lib/thumb/v7e-m\libc.a(lib_a-mallocr.o)
                0x204011c4                __malloc_top_pad
 *(COMMON)
 COMMON         0x204011c8        0x4 src/ASF/common/utils/stdio/read.o
                0x204011c8                ptr_get
 COMMON         0x204011cc        0x8 src/ASF/common/utils/stdio/write.o
                0x204011cc                ptr_put
                0x204011d0                stdio_base
 COMMON         0x204011d4       0x40 src/main.o
                0x204011d4                tempo
                0x204011d8                blocked
                0x204011dc                buffer
                0x204011fc                g_ili9488_display_opt
                0x2040120c                lavando
                0x2040120d                interrompe
                0x20401210                p_ciclo
 COMMON         0x20401214       0x21 c:/program files (x86)/atmel/studio/7.0/toolchain/arm/arm-gnu-toolchain/bin/../lib/gcc/arm-none-eabi/6.3.1/../../../../arm-none-eabi/lib/thumb/v7e-m\libc.a(lib_a-lock.o)
                0x20401214                __lock___atexit_recursive_mutex
                0x20401218                __lock___arc4random_mutex
                0x2040121c                __lock___env_recursive_mutex
                0x20401220                __lock___sinit_recursive_mutex
                0x20401224                __lock___malloc_recursive_mutex
                0x20401228                __lock___at_quick_exit_mutex
                0x2040122c                __lock___dd_hash_mutex
                0x20401230                __lock___tz_mutex
                0x20401234                __lock___sfp_recursive_mutex
 *fill*         0x20401235        0x3 
 COMMON         0x20401238        0x4 c:/program files (x86)/atmel/studio/7.0/toolchain/arm/arm-gnu-toolchain/bin/../lib/gcc/arm-none-eabi/6.3.1/../../../../arm-none-eabi/lib/thumb/v7e-m\libc.a(lib_a-reent.o)
                0x20401238                errno
                0x2040123c                . = ALIGN (0x4)
                0x2040123c                _ebss = .
                0x2040123c                _ezero = .

.stack          0x2040123c     0x2004 load address 0x0043acd0
                0x20401240                . = ALIGN (0x8)
 *fill*         0x2040123c        0x4 
                0x20401240                _sstack = .
                0x20403240                . = (. + STACK_SIZE)
 *fill*         0x20401240     0x2000 
                0x20403240                . = ALIGN (0x8)
                0x20403240                _estack = .

.heap           0x20403240      0x200 load address 0x0043ccd4
                0x20403240                . = ALIGN (0x8)
                0x20403240                _sheap = .
                0x20403440                . = (. + HEAP_SIZE)
 *fill*         0x20403240      0x200 
                0x20403440                . = ALIGN (0x8)
                0x20403440                _eheap = .
                0x20403440                . = ALIGN (0x4)
                0x20403440                _end = .
                0x2045ffff                _ram_end_ = ((ORIGIN (ram) + LENGTH (ram)) - 0x1)
OUTPUT(WashMachineAPS2.elf elf32-littlearm)

.ARM.attributes
                0x00000000       0x2e
 .ARM.attributes
                0x00000000       0x1e c:/program files (x86)/atmel/studio/7.0/toolchain/arm/arm-gnu-toolchain/bin/../lib/gcc/arm-none-eabi/6.3.1/thumb/v7e-m/crti.o
 .ARM.attributes
                0x0000001e       0x2e c:/program files (x86)/atmel/studio/7.0/toolchain/arm/arm-gnu-toolchain/bin/../lib/gcc/arm-none-eabi/6.3.1/thumb/v7e-m/crtbegin.o
 .ARM.attributes
                0x0000004c       0x37 src/ASF/sam/drivers/rtt/rtt.o
 .ARM.attributes
                0x00000083       0x37 src/ASF/sam/drivers/tc/tc.o
 .ARM.attributes
                0x000000ba       0x37 src/gui.o
 .ARM.attributes
                0x000000f1       0x37 src/ASF/common/components/touch/mxt/mxt_device_1.o
 .ARM.attributes
                0x00000128       0x37 src/ASF/common/services/clock/same70/sysclk.o
 .ARM.attributes
                0x0000015f       0x37 src/ASF/common/services/delay/sam/cycle_counter.o
 .ARM.attributes
                0x00000196       0x37 src/ASF/common/services/serial/usart_serial.o
 .ARM.attributes
                0x000001cd       0x37 src/ASF/common/services/spi/sam_spi/spi_master.o
 .ARM.attributes
                0x00000204       0x37 src/ASF/common/utils/interrupt/interrupt_sam_nvic.o
 .ARM.attributes
                0x0000023b       0x37 src/ASF/common/utils/stdio/read.o
 .ARM.attributes
                0x00000272       0x37 src/ASF/common/utils/stdio/write.o
 .ARM.attributes
                0x000002a9       0x37 src/ASF/sam/boards/same70_xplained/init.o
 .ARM.attributes
                0x000002e0       0x37 src/ASF/sam/components/display/ili9488/ili9488.o
 .ARM.attributes
                0x00000317       0x37 src/ASF/sam/drivers/pio/pio.o
 .ARM.attributes
                0x0000034e       0x37 src/ASF/sam/drivers/pio/pio_handler.o
 .ARM.attributes
                0x00000385       0x37 src/ASF/sam/drivers/pmc/pmc.o
 .ARM.attributes
                0x000003bc       0x37 src/ASF/sam/drivers/spi/spi.o
 .ARM.attributes
                0x000003f3       0x37 src/ASF/sam/drivers/twihs/twihs.o
 .ARM.attributes
                0x0000042a       0x37 src/ASF/sam/drivers/uart/uart.o
 .ARM.attributes
                0x00000461       0x37 src/ASF/sam/drivers/usart/usart.o
 .ARM.attributes
                0x00000498       0x37 src/ASF/sam/utils/cmsis/same70/source/templates/gcc/startup_same70.o
 .ARM.attributes
                0x000004cf       0x37 src/ASF/sam/utils/cmsis/same70/source/templates/system_same70.o
 .ARM.attributes
                0x00000506       0x37 src/ASF/sam/utils/syscalls/gcc/syscalls.o
 .ARM.attributes
                0x0000053d       0x37 src/main.o
 .ARM.attributes
                0x00000574       0x1e c:/program files (x86)/atmel/studio/7.0/toolchain/arm/arm-gnu-toolchain/bin/../lib/gcc/arm-none-eabi/6.3.1/thumb/v7e-m\libgcc.a(_aeabi_uldivmod.o)
 .ARM.attributes
                0x00000592       0x2e c:/program files (x86)/atmel/studio/7.0/toolchain/arm/arm-gnu-toolchain/bin/../lib/gcc/arm-none-eabi/6.3.1/thumb/v7e-m\libgcc.a(_udivmoddi4.o)
 .ARM.attributes
                0x000005c0       0x1e c:/program files (x86)/atmel/studio/7.0/toolchain/arm/arm-gnu-toolchain/bin/../lib/gcc/arm-none-eabi/6.3.1/thumb/v7e-m\libgcc.a(_dvmd_tls.o)
 .ARM.attributes
                0x000005de       0x2e c:/program files (x86)/atmel/studio/7.0/toolchain/arm/arm-gnu-toolchain/bin/../lib/gcc/arm-none-eabi/6.3.1/../../../../arm-none-eabi/lib/thumb/v7e-m\libc.a(lib_a-impure.o)
 .ARM.attributes
                0x0000060c       0x2e c:/program files (x86)/atmel/studio/7.0/toolchain/arm/arm-gnu-toolchain/bin/../lib/gcc/arm-none-eabi/6.3.1/../../../../arm-none-eabi/lib/thumb/v7e-m\libc.a(lib_a-init.o)
 .ARM.attributes
                0x0000063a       0x2e c:/program files (x86)/atmel/studio/7.0/toolchain/arm/arm-gnu-toolchain/bin/../lib/gcc/arm-none-eabi/6.3.1/../../../../arm-none-eabi/lib/thumb/v7e-m\libc.a(lib_a-iprintf.o)
 .ARM.attributes
                0x00000668       0x2e c:/program files (x86)/atmel/studio/7.0/toolchain/arm/arm-gnu-toolchain/bin/../lib/gcc/arm-none-eabi/6.3.1/../../../../arm-none-eabi/lib/thumb/v7e-m\libc.a(lib_a-malloc.o)
 .ARM.attributes
                0x00000696       0x2e c:/program files (x86)/atmel/studio/7.0/toolchain/arm/arm-gnu-toolchain/bin/../lib/gcc/arm-none-eabi/6.3.1/../../../../arm-none-eabi/lib/thumb/v7e-m\libc.a(lib_a-mallocr.o)
 .ARM.attributes
                0x000006c4       0x2e c:/program files (x86)/atmel/studio/7.0/toolchain/arm/arm-gnu-toolchain/bin/../lib/gcc/arm-none-eabi/6.3.1/../../../../arm-none-eabi/lib/thumb/v7e-m\libc.a(lib_a-memset.o)
 .ARM.attributes
                0x000006f2       0x2e c:/program files (x86)/atmel/studio/7.0/toolchain/arm/arm-gnu-toolchain/bin/../lib/gcc/arm-none-eabi/6.3.1/../../../../arm-none-eabi/lib/thumb/v7e-m\libc.a(lib_a-mlock.o)
 .ARM.attributes
                0x00000720       0x2e c:/program files (x86)/atmel/studio/7.0/toolchain/arm/arm-gnu-toolchain/bin/../lib/gcc/arm-none-eabi/6.3.1/../../../../arm-none-eabi/lib/thumb/v7e-m\libc.a(lib_a-sbrkr.o)
 .ARM.attributes
                0x0000074e       0x2e c:/program files (x86)/atmel/studio/7.0/toolchain/arm/arm-gnu-toolchain/bin/../lib/gcc/arm-none-eabi/6.3.1/../../../../arm-none-eabi/lib/thumb/v7e-m\libc.a(lib_a-setbuf.o)
 .ARM.attributes
                0x0000077c       0x2e c:/program files (x86)/atmel/studio/7.0/toolchain/arm/arm-gnu-toolchain/bin/../lib/gcc/arm-none-eabi/6.3.1/../../../../arm-none-eabi/lib/thumb/v7e-m\libc.a(lib_a-setvbuf.o)
 .ARM.attributes
                0x000007aa       0x2e c:/program files (x86)/atmel/studio/7.0/toolchain/arm/arm-gnu-toolchain/bin/../lib/gcc/arm-none-eabi/6.3.1/../../../../arm-none-eabi/lib/thumb/v7e-m\libc.a(lib_a-sprintf.o)
 .ARM.attributes
                0x000007d8       0x2e c:/program files (x86)/atmel/studio/7.0/toolchain/arm/arm-gnu-toolchain/bin/../lib/gcc/arm-none-eabi/6.3.1/../../../../arm-none-eabi/lib/thumb/v7e-m\libc.a(lib_a-strcat.o)
 .ARM.attributes
                0x00000806       0x2e c:/program files (x86)/atmel/studio/7.0/toolchain/arm/arm-gnu-toolchain/bin/../lib/gcc/arm-none-eabi/6.3.1/../../../../arm-none-eabi/lib/thumb/v7e-m\libc.a(lib_a-strcpy.o)
 .ARM.attributes
                0x00000834       0x1c c:/program files (x86)/atmel/studio/7.0/toolchain/arm/arm-gnu-toolchain/bin/../lib/gcc/arm-none-eabi/6.3.1/../../../../arm-none-eabi/lib/thumb/v7e-m\libc.a(lib_a-strlen.o)
 .ARM.attributes
                0x00000850       0x2e c:/program files (x86)/atmel/studio/7.0/toolchain/arm/arm-gnu-toolchain/bin/../lib/gcc/arm-none-eabi/6.3.1/../../../../arm-none-eabi/lib/thumb/v7e-m\libc.a(lib_a-svfprintf.o)
 .ARM.attributes
                0x0000087e       0x2e c:/program files (x86)/atmel/studio/7.0/toolchain/arm/arm-gnu-toolchain/bin/../lib/gcc/arm-none-eabi/6.3.1/../../../../arm-none-eabi/lib/thumb/v7e-m\libc.a(lib_a-vfiprintf.o)
 .ARM.attributes
                0x000008ac       0x2e c:/program files (x86)/atmel/studio/7.0/toolchain/arm/arm-gnu-toolchain/bin/../lib/gcc/arm-none-eabi/6.3.1/../../../../arm-none-eabi/lib/thumb/v7e-m\libc.a(lib_a-wsetup.o)
 .ARM.attributes
                0x000008da       0x2e c:/program files (x86)/atmel/studio/7.0/toolchain/arm/arm-gnu-toolchain/bin/../lib/gcc/arm-none-eabi/6.3.1/../../../../arm-none-eabi/lib/thumb/v7e-m\libc.a(lib_a-__call_atexit.o)
 .ARM.attributes
                0x00000908       0x2e c:/program files (x86)/atmel/studio/7.0/toolchain/arm/arm-gnu-toolchain/bin/../lib/gcc/arm-none-eabi/6.3.1/../../../../arm-none-eabi/lib/thumb/v7e-m\libc.a(lib_a-atexit.o)
 .ARM.attributes
                0x00000936       0x2e c:/program files (x86)/atmel/studio/7.0/toolchain/arm/arm-gnu-toolchain/bin/../lib/gcc/arm-none-eabi/6.3.1/../../../../arm-none-eabi/lib/thumb/v7e-m\libc.a(lib_a-dtoa.o)
 .ARM.attributes
                0x00000964       0x2e c:/program files (x86)/atmel/studio/7.0/toolchain/arm/arm-gnu-toolchain/bin/../lib/gcc/arm-none-eabi/6.3.1/../../../../arm-none-eabi/lib/thumb/v7e-m\libc.a(lib_a-fflush.o)
 .ARM.attributes
                0x00000992       0x2e c:/program files (x86)/atmel/studio/7.0/toolchain/arm/arm-gnu-toolchain/bin/../lib/gcc/arm-none-eabi/6.3.1/../../../../arm-none-eabi/lib/thumb/v7e-m\libc.a(lib_a-findfp.o)
 .ARM.attributes