Archive member included to satisfy reference by file (symbol)

c:/program files (x86)/atmel/studio/7.0/toolchain/arm/arm-gnu-toolchain/bin/../lib/gcc/arm-none-eabi/6.3.1/thumb/v7e-m\libgcc.a(_aeabi_uldivmod.o)
                              src/main.o (__aeabi_uldivmod)
c:/program files (x86)/atmel/studio/7.0/toolchain/arm/arm-gnu-toolchain/bin/../lib/gcc/arm-none-eabi/6.3.1/thumb/v7e-m\libgcc.a(_udivmoddi4.o)
                              c:/program files (x86)/atmel/studio/7.0/toolchain/arm/arm-gnu-toolchain/bin/../lib/gcc/arm-none-eabi/6.3.1/thumb/v7e-m\libgcc.a(_aeabi_uldivmod.o) (__udivmoddi4)
c:/program files (x86)/atmel/studio/7.0/toolchain/arm/arm-gnu-toolchain/bin/../lib/gcc/arm-none-eabi/6.3.1/thumb/v7e-m\libgcc.a(_dvmd_tls.o)
                              c:/program files (x86)/atmel/studio/7.0/toolchain/arm/arm-gnu-toolchain/bin/../lib/gcc/arm-none-eabi/6.3.1/thumb/v7e-m\libgcc.a(_aeabi_uldivmod.o) (__aeabi_ldiv0)
c:/program files (x86)/atmel/studio/7.0/toolchain/arm/arm-gnu-toolchain/bin/../lib/gcc/arm-none-eabi/6.3.1/../../../../arm-none-eabi/lib/thumb/v7e-m\libc.a(lib_a-exit.o)
                              c:/program files (x86)/atmel/studio/7.0/toolchain/arm/arm-gnu-toolchain/bin/../lib/gcc/arm-none-eabi/6.3.1/../../../../arm-none-eabi/lib/thumb/v7e-m/crt0.o (exit)
c:/program files (x86)/atmel/studio/7.0/toolchain/arm/arm-gnu-toolchain/bin/../lib/gcc/arm-none-eabi/6.3.1/../../../../arm-none-eabi/lib/thumb/v7e-m\libc.a(lib_a-impure.o)
                              c:/program files (x86)/atmel/studio/7.0/toolchain/arm/arm-gnu-toolchain/bin/../lib/gcc/arm-none-eabi/6.3.1/../../../../arm-none-eabi/lib/thumb/v7e-m\libc.a(lib_a-exit.o) (_global_impure_ptr)
c:/program files (x86)/atmel/studio/7.0/toolchain/arm/arm-gnu-toolchain/bin/../lib/gcc/arm-none-eabi/6.3.1/../../../../arm-none-eabi/lib/thumb/v7e-m\libc.a(lib_a-init.o)
                              c:/program files (x86)/atmel/studio/7.0/toolchain/arm/arm-gnu-toolchain/bin/../lib/gcc/arm-none-eabi/6.3.1/../../../../arm-none-eabi/lib/thumb/v7e-m/crt0.o (__libc_init_array)
c:/program files (x86)/atmel/studio/7.0/toolchain/arm/arm-gnu-toolchain/bin/../lib/gcc/arm-none-eabi/6.3.1/../../../../arm-none-eabi/lib/thumb/v7e-m\libc.a(lib_a-iprintf.o)
                              src/main.o (iprintf)
c:/program files (x86)/atmel/studio/7.0/toolchain/arm/arm-gnu-toolchain/bin/../lib/gcc/arm-none-eabi/6.3.1/../../../../arm-none-eabi/lib/thumb/v7e-m\libc.a(lib_a-malloc.o)
                              src/ASF/common/components/touch/mxt/mxt_device_1.o (malloc)
c:/program files (x86)/atmel/studio/7.0/toolchain/arm/arm-gnu-toolchain/bin/../lib/gcc/arm-none-eabi/6.3.1/../../../../arm-none-eabi/lib/thumb/v7e-m\libc.a(lib_a-mallocr.o)
                              c:/program files (x86)/atmel/studio/7.0/toolchain/arm/arm-gnu-toolchain/bin/../lib/gcc/arm-none-eabi/6.3.1/../../../../arm-none-eabi/lib/thumb/v7e-m\libc.a(lib_a-malloc.o) (_malloc_r)
c:/program files (x86)/atmel/studio/7.0/toolchain/arm/arm-gnu-toolchain/bin/../lib/gcc/arm-none-eabi/6.3.1/../../../../arm-none-eabi/lib/thumb/v7e-m\libc.a(lib_a-memset.o)
                              c:/program files (x86)/atmel/studio/7.0/toolchain/arm/arm-gnu-toolchain/bin/../lib/gcc/arm-none-eabi/6.3.1/../../../../arm-none-eabi/lib/thumb/v7e-m/crt0.o (memset)
c:/program files (x86)/atmel/studio/7.0/toolchain/arm/arm-gnu-toolchain/bin/../lib/gcc/arm-none-eabi/6.3.1/../../../../arm-none-eabi/lib/thumb/v7e-m\libc.a(lib_a-mlock.o)
                              c:/program files (x86)/atmel/studio/7.0/toolchain/arm/arm-gnu-toolchain/bin/../lib/gcc/arm-none-eabi/6.3.1/../../../../arm-none-eabi/lib/thumb/v7e-m\libc.a(lib_a-mallocr.o) (__malloc_lock)
c:/program files (x86)/atmel/studio/7.0/toolchain/arm/arm-gnu-toolchain/bin/../lib/gcc/arm-none-eabi/6.3.1/../../../../arm-none-eabi/lib/thumb/v7e-m\libc.a(lib_a-sbrkr.o)
                              c:/program files (x86)/atmel/studio/7.0/toolchain/arm/arm-gnu-toolchain/bin/../lib/gcc/arm-none-eabi/6.3.1/../../../../arm-none-eabi/lib/thumb/v7e-m\libc.a(lib_a-mallocr.o) (_sbrk_r)
c:/program files (x86)/atmel/studio/7.0/toolchain/arm/arm-gnu-toolchain/bin/../lib/gcc/arm-none-eabi/6.3.1/../../../../arm-none-eabi/lib/thumb/v7e-m\libc.a(lib_a-setbuf.o)
                              src/main.o (setbuf)
c:/program files (x86)/atmel/studio/7.0/toolchain/arm/arm-gnu-toolchain/bin/../lib/gcc/arm-none-eabi/6.3.1/../../../../arm-none-eabi/lib/thumb/v7e-m\libc.a(lib_a-setvbuf.o)
                              c:/program files (x86)/atmel/studio/7.0/toolchain/arm/arm-gnu-toolchain/bin/../lib/gcc/arm-none-eabi/6.3.1/../../../../arm-none-eabi/lib/thumb/v7e-m\libc.a(lib_a-setbuf.o) (setvbuf)
c:/program files (x86)/atmel/studio/7.0/toolchain/arm/arm-gnu-toolchain/bin/../lib/gcc/arm-none-eabi/6.3.1/../../../../arm-none-eabi/lib/thumb/v7e-m\libc.a(lib_a-sprintf.o)
                              src/main.o (sprintf)
[...]
Memory Configuration

Name             Origin             Length             Attributes
rom              0x00400000         0x00200000         xr
ram              0x20400000         0x00060000         xrw
*default*        0x00000000         0xffffffff

Linker script and memory map

LOAD c:/program files (x86)/atmel/studio/7.0/toolchain/arm/arm-gnu-toolchain/bin/../lib/gcc/arm-none-eabi/6.3.1/thumb/v7e-m/crti.o
LOAD c:/program files (x86)/atmel/studio/7.0/toolchain/arm/arm-gnu-toolchain/bin/../lib/gcc/arm-none-eabi/6.3.1/thumb/v7e-m/crtbegin.o
LOAD c:/program files (x86)/atmel/studio/7.0/toolchain/arm/arm-gnu-toolchain/bin/../lib/gcc/arm-none-eabi/6.3.1/../../../../arm-none-eabi/lib/thumb/v7e-m/crt0.o
LOAD src/ASF/sam/drivers/rtt/rtt.o
LOAD src/ASF/sam/drivers/tc/tc.o
LOAD src/ASF/common/components/touch/mxt/mxt_device_1.o
LOAD src/ASF/common/services/clock/same70/sysclk.o
LOAD src/ASF/common/services/delay/sam/cycle_counter.o
LOAD src/ASF/common/services/serial/usart_serial.o
LOAD src/ASF/common/services/spi/sam_spi/spi_master.o
LOAD src/ASF/common/utils/interrupt/interrupt_sam_nvic.o
LOAD src/ASF/common/utils/stdio/read.o
LOAD src/ASF/common/utils/stdio/write.o
LOAD src/ASF/sam/boards/same70_xplained/init.o
LOAD src/ASF/sam/components/display/ili9488/ili9488.o
LOAD src/ASF/sam/drivers/mpu/mpu.o
LOAD src/ASF/sam/drivers/pio/pio.o
LOAD src/ASF/sam/drivers/pio/pio_handler.o
LOAD src/ASF/sam/drivers/pmc/pmc.o
LOAD src/ASF/sam/drivers/pmc/sleep.o
LOAD src/ASF/sam/drivers/spi/spi.o
LOAD src/ASF/sam/drivers/twihs/twihs.o
LOAD src/ASF/sam/drivers/uart/uart.o
LOAD src/ASF/sam/drivers/usart/usart.o
LOAD src/ASF/sam/utils/cmsis/same70/source/templates/gcc/startup_same70.o
LOAD src/ASF/sam/utils/cmsis/same70/source/templates/system_same70.o
LOAD src/ASF/sam/utils/syscalls/gcc/syscalls.o
LOAD src/main.o
START GROUP
LOAD ../src/ASF/thirdparty/CMSIS/Lib/GCC\libarm_cortexM7lfsp_math_softfp.a
LOAD c:/program files (x86)/atmel/studio/7.0/toolchain/arm/arm-gnu-toolchain/bin/../lib/gcc/arm-none-eabi/6.3.1/../../../../arm-none-eabi/lib/thumb/v7e-m\libm.a
END GROUP
START GROUP
LOAD c:/program files (x86)/atmel/studio/7.0/toolchain/arm/arm-gnu-toolchain/bin/../lib/gcc/arm-none-eabi/6.3.1/thumb/v7e-m\libgcc.a
LOAD c:/program files (x86)/atmel/studio/7.0/toolchain/arm/arm-gnu-toolchain/bin/../lib/gcc/arm-none-eabi/6.3.1/../../../../arm-none-eabi/lib/thumb/v7e-m\libc.a
END GROUP
LOAD c:/program files (x86)/atmel/studio/7.0/toolchain/arm/arm-gnu-toolchain/bin/../lib/gcc/arm-none-eabi/6.3.1/thumb/v7e-m/crtend.o
LOAD c:/program files (x86)/atmel/studio/7.0/toolchain/arm/arm-gnu-toolchain/bin/../lib/gcc/arm-none-eabi/6.3.1/thumb/v7e-m/crtn.o
                0x00002000                STACK_SIZE = DEFINED (STACK_SIZE)?STACK_SIZE:0x2000
                0x2045fffc                __ram_end__ = ((ORIGIN (ram) + LENGTH (ram)) - 0x4)
                0x00000200                HEAP_SIZE = DEFINED (HEAP_SIZE)?HEAP_SIZE:0x200

.text           0x00400000    0x39524
                0x00400000                . = ALIGN (0x4)
                0x00400000                _sfixed = .
 *(.vectors .vectors.*)
 .vectors       0x00400000      0x168 src/ASF/sam/utils/cmsis/same70/source/templates/gcc/startup_same70.o
                0x00400000                exception_table
 *(.text .text.* .gnu.linkonce.t.*)
 .text          0x00400168       0x6c c:/program files (x86)/atmel/studio/7.0/toolchain/arm/arm-gnu-toolchain/bin/../lib/gcc/arm-none-eabi/6.3.1/thumb/v7e-m/crtbegin.o
 .text.rtt_init
                0x004001d4       0x30 src/ASF/sam/drivers/rtt/rtt.o
                0x004001d4                rtt_init
 .text.rtt_sel_source
                0x00400204       0x58 src/ASF/sam/drivers/rtt/rtt.o
                0x00400204                rtt_sel_source
 .text.rtt_enable_interrupt
                0x0040025c       0x38 src/ASF/sam/drivers/rtt/rtt.o
                0x0040025c                rtt_enable_interrupt
 .text.rtt_disable_interrupt
                0x00400294       0x40 src/ASF/sam/drivers/rtt/rtt.o
                0x00400294                rtt_disable_interrupt
 .text.rtt_read_timer_value
                0x004002d4       0x2e src/ASF/sam/drivers/rtt/rtt.o
                0x004002d4                rtt_read_timer_value
 .text.rtt_get_status
                0x00400302       0x18 src/ASF/sam/drivers/rtt/rtt.o
                0x00400302                rtt_get_status
 *fill*         0x0040031a        0x2 
 .text.rtt_write_alarm_time
                0x0040031c       0x5c src/ASF/sam/drivers/rtt/rtt.o
                0x0040031c                rtt_write_alarm_time
 .text.ioport_get_pin_level
                0x00400378       0x50 src/ASF/common/components/touch/mxt/mxt_device_1.o
 .text.mxt_get_tot_report_ids
                0x004003c8       0x4a src/ASF/common/components/touch/mxt/mxt_device_1.o
 *fill*         0x00400412        0x2 
 .text.mxt_read_id_block
                0x00400414       0x68 src/ASF/common/components/touch/mxt/mxt_device_1.o
 .text.mxt_read_object_table
                0x0040047c       0x8c src/ASF/common/components/touch/mxt/mxt_device_1.o
 .text.mxt_read_info_block
                0x00400508       0x48 src/ASF/common/components/touch/mxt/mxt_device_1.o
 .text.mxt_create_report_id_map
                0x00400550       0xe4 src/ASF/common/components/touch/mxt/mxt_device_1.o
 .text.mxt_crc_24
                0x00400634       0x50 src/ASF/common/components/touch/mxt/mxt_device_1.o
 .text.mxt_calculate_infoblock_crc
                0x00400684       0xd4 src/ASF/common/components/touch/mxt/mxt_device_1.o
 .text.mxt_get_crc_value
                0x00400758       0x90 src/ASF/common/components/touch/mxt/mxt_device_1.o
 .text.mxt_validate_info_block
                0x004007e8       0x3c src/ASF/common/components/touch/mxt/mxt_device_1.o
 .text.mxt_get_object_size
                0x00400824       0x66 src/ASF/common/components/touch/mxt/mxt_device_1.o
 *fill*         0x0040088a        0x2 
 .text.mxt_get_report_id_offset
                0x0040088c       0x54 src/ASF/common/components/touch/mxt/mxt_device_1.o
 .text.mxt_info_le_to_cpu
                0x004008e0       0x56 src/ASF/common/components/touch/mxt/mxt_device_1.o
 *fill*         0x00400936        0x2 
 .text.mxt_init_device
                0x00400938       0xb8 src/ASF/common/components/touch/mxt/mxt_device_1.o
                0x00400938                mxt_init_device
 .text.mxt_get_object_address
                0x004009f0       0x66 src/ASF/common/components/touch/mxt/mxt_device_1.o
                0x004009f0                mxt_get_object_address
 *fill*         0x00400a56        0x2 
 .text.mxt_write_config_object
                0x00400a58       0x7c src/ASF/common/components/touch/mxt/mxt_device_1.o
                0x00400a58                mxt_write_config_object
 .text.mxt_write_config_reg
                0x00400ad4       0x6c src/ASF/common/components/touch/mxt/mxt_device_1.o
                0x00400ad4                mxt_write_config_reg
 .text.mxt_is_message_pending
                0x00400b40       0x30 src/ASF/common/components/touch/mxt/mxt_device_1.o
                0x00400b40                mxt_is_message_pending
 .text.mxt_read_message
                0x00400b70       0x78 src/ASF/common/components/touch/mxt/mxt_device_1.o
                0x00400b70                mxt_read_message
 .text.mxt_read_touch_event
                0x00400be8       0xb8 src/ASF/common/components/touch/mxt/mxt_device_1.o
                0x00400be8                mxt_read_touch_event
 .text.mxt_get_object_type
                0x00400ca0       0x24 src/ASF/common/components/touch/mxt/mxt_device_1.o
                0x00400ca0                mxt_get_object_type
 .text.osc_enable
                0x00400cc4       0x88 src/ASF/common/services/clock/same70/sysclk.o
 .text.osc_is_ready
                0x00400d4c       0x70 src/ASF/common/services/clock/same70/sysclk.o
 .text.osc_get_rate
                0x00400dbc       0x74 src/ASF/common/services/clock/same70/sysclk.o
 .text.osc_wait_ready
                0x00400e30       0x2c src/ASF/common/services/clock/same70/sysclk.o
 .text.pll_config_init
                0x00400e5c       0x6c src/ASF/common/services/clock/same70/sysclk.o
 .text.pll_enable
                0x00400ec8       0x40 src/ASF/common/services/clock/same70/sysclk.o
 .text.pll_is_locked
                0x00400f08       0x2c src/ASF/common/services/clock/same70/sysclk.o
 .text.pll_enable_source
                0x00400f34       0x38 src/ASF/common/services/clock/same70/sysclk.o
 .text.pll_wait_for_lock
                0x00400f6c       0x24 src/ASF/common/services/clock/same70/sysclk.o
 .text.sysclk_get_main_hz
                0x00400f90       0x20 src/ASF/common/services/clock/same70/sysclk.o
 .text.sysclk_get_cpu_hz
                0x00400fb0       0x14 src/ASF/common/services/clock/same70/sysclk.o
 .text.sysclk_init
                0x00400fc4       0x7c src/ASF/common/services/clock/same70/sysclk.o
                0x00400fc4                sysclk_init
 .text.usart_serial_putchar
                0x00401040      0x10c src/ASF/common/services/serial/usart_serial.o
 .text.usart_serial_write_packet
                0x0040114c       0x3c src/ASF/common/services/serial/usart_serial.o
                0x0040114c                usart_serial_write_packet
 .text.osc_get_rate
                0x00401188       0x74 src/ASF/common/services/spi/sam_spi/spi_master.o
 .text.sysclk_get_main_hz
                0x004011fc       0x20 src/ASF/common/services/spi/sam_spi/spi_master.o
 .text.sysclk_get_peripheral_hz
                0x0040121c       0x14 src/ASF/common/services/spi/sam_spi/spi_master.o
 .text.spi_reset
                0x00401230       0x1a src/ASF/common/services/spi/sam_spi/spi_master.o
 .text.spi_set_master_mode
                0x0040124a       0x20 src/ASF/common/services/spi/sam_spi/spi_master.o
 .text.spi_set_fixed_peripheral_select
                0x0040126a       0x20 src/ASF/common/services/spi/sam_spi/spi_master.o
 .text.spi_disable_peripheral_select_decode
                0x0040128a       0x20 src/ASF/common/services/spi/sam_spi/spi_master.o
 .text.spi_get_peripheral_select_decode_setting
                0x004012aa       0x26 src/ASF/common/services/spi/sam_spi/spi_master.o
 .text.spi_disable_mode_fault_detect
                0x004012d0       0x20 src/ASF/common/services/spi/sam_spi/spi_master.o
 .text.spi_disable_loopback
                0x004012f0       0x20 src/ASF/common/services/spi/sam_spi/spi_master.o
 .text.spi_put  0x00401310       0x1e src/ASF/common/services/spi/sam_spi/spi_master.o
 .text.spi_get  0x0040132e       0x1a src/ASF/common/services/spi/sam_spi/spi_master.o
 .text.spi_is_tx_ready
                0x00401348       0x26 src/ASF/common/services/spi/sam_spi/spi_master.o
 .text.spi_is_rx_ready
                0x0040136e       0x2c src/ASF/common/services/spi/sam_spi/spi_master.o
 *fill*         0x0040139a        0x2 
 .text.spi_write_single
                0x0040139c       0x24 src/ASF/common/services/spi/sam_spi/spi_master.o
 .text.spi_read_single
                0x004013c0       0x24 src/ASF/common/services/spi/sam_spi/spi_master.o
 .text.spi_master_init
                0x004013e4       0x70 src/ASF/common/services/spi/sam_spi/spi_master.o
                0x004013e4                spi_master_init
 .text.spi_master_setup_device
                0x00401454       0xb4 src/ASF/common/services/spi/sam_spi/spi_master.o
                0x00401454                spi_master_setup_device
 .text.spi_select_device
                0x00401508       0x58 src/ASF/common/services/spi/sam_spi/spi_master.o
                0x00401508                spi_select_device
 .text.spi_write_packet
                0x00401560       0x74 src/ASF/common/services/spi/sam_spi/spi_master.o
                0x00401560                spi_write_packet
 .text.spi_read_packet
                0x004015d4       0xac src/ASF/common/services/spi/sam_spi/spi_master.o
                0x004015d4                spi_read_packet
 .text._read    0x00401680       0x54 src/ASF/common/utils/stdio/read.o
                0x00401680                _read
 .text._write   0x004016d4       0x6c src/ASF/common/utils/stdio/write.o
                0x004016d4                _write
 .text.SCB_EnableICache
                0x00401740       0x38 src/ASF/sam/boards/same70_xplained/init.o
 .text.SCB_EnableDCache
                0x00401778       0xa4 src/ASF/sam/boards/same70_xplained/init.o
 .text.sysclk_enable_peripheral_clock
                0x0040181c       0x1c src/ASF/sam/boards/same70_xplained/init.o
 .text.ioport_init
                0x00401838       0x2c src/ASF/sam/boards/same70_xplained/init.o
 .text.ioport_disable_pin
                0x00401864       0x4c src/ASF/sam/boards/same70_xplained/init.o
 .text.ioport_set_pin_mode
                0x004018b0      0x11c src/ASF/sam/boards/same70_xplained/init.o
 .text.ioport_set_pin_dir
                0x004019cc       0x88 src/ASF/sam/boards/same70_xplained/init.o
 .text.ioport_set_pin_level
                0x00401a54       0x6c src/ASF/sam/boards/same70_xplained/init.o
 .text.ioport_set_pin_sense_mode
                0x00401ac0       0xd0 src/ASF/sam/boards/same70_xplained/init.o
 .text.tcm_disable
                0x00401b90       0x44 src/ASF/sam/boards/same70_xplained/init.o
 .text.board_init
                0x00401bd4      0x1d8 src/ASF/sam/boards/same70_xplained/init.o
                0x00401bd4                board_init
 .text.spi_enable
                0x00401dac       0x1a src/ASF/sam/components/display/ili9488/ili9488.o
 .text.spi_enable_interrupt
                0x00401dc6       0x1c src/ASF/sam/components/display/ili9488/ili9488.o
 *fill*         0x00401de2        0x2 
 .text.ili9488_write_ram_prepare
                0x00401de4       0x40 src/ASF/sam/components/display/ili9488/ili9488.o
 .text.ili9488_write_ram_buffer
                0x00401e24       0x40 src/ASF/sam/components/display/ili9488/ili9488.o
 .text.ili9488_write_register
                0x00401e64       0x78 src/ASF/sam/components/display/ili9488/ili9488.o
 .text.ili9488_read_chipid
                0x00401edc       0xcc src/ASF/sam/components/display/ili9488/ili9488.o
 .text.ili9488_delay
                0x00401fa8       0x40 src/ASF/sam/components/display/ili9488/ili9488.o
                0x00401fa8                ili9488_delay
 .text.ili9488_check_box_coordinates
                0x00401fe8       0xa2 src/ASF/sam/components/display/ili9488/ili9488.o
 *fill*         0x0040208a        0x2 
 .text.ili9488_set_display_direction
                0x0040208c       0x34 src/ASF/sam/components/display/ili9488/ili9488.o
                0x0040208c                ili9488_set_display_direction
 .text.ili9488_set_window
                0x004020c0       0xc8 src/ASF/sam/components/display/ili9488/ili9488.o
                0x004020c0                ili9488_set_window
 .text.ili9488_init
                0x00402188      0x15c src/ASF/sam/components/display/ili9488/ili9488.o
                0x00402188                ili9488_init
 .text.ili9488_display_on
                0x004022e4       0x18 src/ASF/sam/components/display/ili9488/ili9488.o
                0x004022e4                ili9488_display_on
 .text.ili9488_set_foreground_color
                0x004022fc       0x54 src/ASF/sam/components/display/ili9488/ili9488.o
                0x004022fc                ili9488_set_foreground_color
 .text.ili9488_set_cursor_position
                0x00402350       0x84 src/ASF/sam/components/display/ili9488/ili9488.o
                0x00402350                ili9488_set_cursor_position
 .text.ili9488_draw_pixel
                0x004023d4       0x54 src/ASF/sam/components/display/ili9488/ili9488.o
                0x004023d4                ili9488_draw_pixel
 .text.ili9488_draw_filled_rectangle
                0x00402428       0xdc src/ASF/sam/components/display/ili9488/ili9488.o
                0x00402428                ili9488_draw_filled_rectangle
 .text.ili9488_draw_char
                0x00402504       0xd4 src/ASF/sam/components/display/ili9488/ili9488.o
 .text.ili9488_draw_string
                0x004025d8       0x60 src/ASF/sam/components/display/ili9488/ili9488.o
                0x004025d8                ili9488_draw_string
 .text.ili9488_draw_pixmap
                0x00402638       0xb4 src/ASF/sam/components/display/ili9488/ili9488.o
                0x00402638                ili9488_draw_pixmap
 .text.pio_pull_up
                0x004026ec       0x2c src/ASF/sam/drivers/pio/pio.o
                0x004026ec                pio_pull_up
 .text.pio_set_debounce_filter
                0x00402718       0x38 src/ASF/sam/drivers/pio/pio.o
                0x00402718                pio_set_debounce_filter
 .text.pio_set  0x00402750       0x1c src/ASF/sam/drivers/pio/pio.o
                0x00402750                pio_set
 .text.pio_get  0x0040276c       0x46 src/ASF/sam/drivers/pio/pio.o
                0x0040276c                pio_get
 .text.pio_set_peripheral
                0x004027b2      0x110 src/ASF/sam/drivers/pio/pio.o
                0x004027b2                pio_set_peripheral
 *fill*         0x004028c2        0x2 
 .text.pio_set_input
                0x004028c4       0x80 src/ASF/sam/drivers/pio/pio.o
                0x004028c4                pio_set_input
 .text.pio_set_output
                0x00402944       0x64 src/ASF/sam/drivers/pio/pio.o
                0x00402944                pio_set_output
 .text.pio_configure
                0x004029a8       0xcc src/ASF/sam/drivers/pio/pio.o
                0x004029a8                pio_configure
 .text.pio_disable_interrupt
                0x00402a74       0x1c src/ASF/sam/drivers/pio/pio.o
                0x00402a74                pio_disable_interrupt
 .text.pio_get_interrupt_status
                0x00402a90       0x18 src/ASF/sam/drivers/pio/pio.o
                0x00402a90                pio_get_interrupt_status
 .text.pio_get_interrupt_mask
                0x00402aa8       0x18 src/ASF/sam/drivers/pio/pio.o
                0x00402aa8                pio_get_interrupt_mask
 .text.pio_set_pin_high
                0x00402ac0       0x30 src/ASF/sam/drivers/pio/pio.o
                0x00402ac0                pio_set_pin_high
 .text.pio_set_pin_low
                0x00402af0       0x30 src/ASF/sam/drivers/pio/pio.o
                0x00402af0                pio_set_pin_low
 .text.pio_configure_pin
                0x00402b20      0x1b0 src/ASF/sam/drivers/pio/pio.o
                0x00402b20                pio_configure_pin
 .text.pio_get_pin_group
                0x00402cd0       0x28 src/ASF/sam/drivers/pio/pio.o
                0x00402cd0                pio_get_pin_group
 .text.pio_handler_process
                0x00402cf8       0xb4 src/ASF/sam/drivers/pio/pio_handler.o
                0x00402cf8                pio_handler_process
 .text.PIOA_Handler
                0x00402dac       0x18 src/ASF/sam/drivers/pio/pio_handler.o
                0x00402dac                PIOA_Handler
 .text.PIOB_Handler
                0x00402dc4       0x18 src/ASF/sam/drivers/pio/pio_handler.o
                0x00402dc4                PIOB_Handler
 .text.PIOC_Handler
                0x00402ddc       0x18 src/ASF/sam/drivers/pio/pio_handler.o
                0x00402ddc                PIOC_Handler
 .text.PIOD_Handler
                0x00402df4       0x18 src/ASF/sam/drivers/pio/pio_handler.o
                0x00402df4                PIOD_Handler
 .text.PIOE_Handler
                0x00402e0c       0x18 src/ASF/sam/drivers/pio/pio_handler.o
                0x00402e0c                PIOE_Handler
 .text.pmc_mck_set_division
                0x00402e24       0x7c src/ASF/sam/drivers/pmc/pmc.o
                0x00402e24                pmc_mck_set_division
 .text.pmc_switch_mck_to_pllack
                0x00402ea0       0x84 src/ASF/sam/drivers/pmc/pmc.o
                0x00402ea0                pmc_switch_mck_to_pllack
 .text.pmc_switch_sclk_to_32kxtal
                0x00402f24       0x38 src/ASF/sam/drivers/pmc/pmc.o
                0x00402f24                pmc_switch_sclk_to_32kxtal
 .text.pmc_osc_is_ready_32kxtal
                0x00402f5c       0x34 src/ASF/sam/drivers/pmc/pmc.o
                0x00402f5c                pmc_osc_is_ready_32kxtal
 .text.pmc_switch_mainck_to_fastrc
                0x00402f90       0x70 src/ASF/sam/drivers/pmc/pmc.o
                0x00402f90                pmc_switch_mainck_to_fastrc
 .text.pmc_switch_mainck_to_xtal
                0x00403000       0x78 src/ASF/sam/drivers/pmc/pmc.o
                0x00403000                pmc_switch_mainck_to_xtal
 .text.pmc_osc_is_ready_mainck
                0x00403078       0x1c src/ASF/sam/drivers/pmc/pmc.o
                0x00403078                pmc_osc_is_ready_mainck
 .text.pmc_disable_pllack
                0x00403094       0x1c src/ASF/sam/drivers/pmc/pmc.o
                0x00403094                pmc_disable_pllack
 .text.pmc_is_locked_pllack
                0x004030b0       0x1c src/ASF/sam/drivers/pmc/pmc.o
                0x004030b0                pmc_is_locked_pllack
 .text.pmc_is_locked_upll
                0x004030cc       0x1c src/ASF/sam/drivers/pmc/pmc.o
                0x004030cc                pmc_is_locked_upll
 .text.pmc_enable_periph_clk
                0x004030e8       0x3c src/ASF/sam/drivers/pmc/pmc.o
                0x004030e8                pmc_enable_periph_clk
 .text.spi_get_peripheral_select_mode
                0x00403124       0x26 src/ASF/sam/drivers/spi/spi.o
 *fill*         0x0040314a        0x2 
 .text.sysclk_enable_peripheral_clock
                0x0040314c       0x1c src/ASF/sam/drivers/spi/spi.o
 .text.spi_enable_clock
                0x00403168       0x3c src/ASF/sam/drivers/spi/spi.o
                0x00403168                spi_enable_clock
 .text.spi_set_peripheral_chip_select_value
                0x004031a4       0x34 src/ASF/sam/drivers/spi/spi.o
                0x004031a4                spi_set_peripheral_chip_select_value
 .text.spi_set_delay_between_chip_select
                0x004031d8       0x30 src/ASF/sam/drivers/spi/spi.o
                0x004031d8                spi_set_delay_between_chip_select
 .text.spi_write
                0x00403208       0x80 src/ASF/sam/drivers/spi/spi.o
                0x00403208                spi_write
 .text.spi_set_clock_polarity
                0x00403288       0x50 src/ASF/sam/drivers/spi/spi.o
                0x00403288                spi_set_clock_polarity
 .text.spi_set_clock_phase
                0x004032d8       0x50 src/ASF/sam/drivers/spi/spi.o
                0x004032d8                spi_set_clock_phase
 .text.spi_configure_cs_behavior
                0x00403328       0xa6 src/ASF/sam/drivers/spi/spi.o
                0x00403328                spi_configure_cs_behavior
 .text.spi_set_bits_per_transfer
                0x004033ce       0x4a src/ASF/sam/drivers/spi/spi.o
                0x004033ce                spi_set_bits_per_transfer
 .text.spi_calc_baudrate_div
                0x00403418       0x3c src/ASF/sam/drivers/spi/spi.o
                0x00403418                spi_calc_baudrate_div
 .text.spi_set_baudrate_div
                0x00403454       0x5e src/ASF/sam/drivers/spi/spi.o
                0x00403454                spi_set_baudrate_div
 .text.spi_set_transfer_delay
                0x004034b2       0x5e src/ASF/sam/drivers/spi/spi.o
                0x004034b2                spi_set_transfer_delay
 .text.twihs_enable_master_mode
                0x00403510       0x26 src/ASF/sam/drivers/twihs/twihs.o
                0x00403510                twihs_enable_master_mode
 *fill*         0x00403536        0x2 
 .text.twihs_master_init
                0x00403538       0x58 src/ASF/sam/drivers/twihs/twihs.o
                0x00403538                twihs_master_init
 .text.twihs_set_speed
                0x00403590       0xf4 src/ASF/sam/drivers/twihs/twihs.o
                0x00403590                twihs_set_speed
 .text.twihs_mk_addr
                0x00403684       0x5c src/ASF/sam/drivers/twihs/twihs.o
 .text.twihs_master_read
                0x004036e0       0xe8 src/ASF/sam/drivers/twihs/twihs.o
                0x004036e0                twihs_master_read
 .text.twihs_master_write
                0x004037c8       0xdc src/ASF/sam/drivers/twihs/twihs.o
                0x004037c8                twihs_master_write
 .text.twihs_reset
                0x004038a4       0x1e src/ASF/sam/drivers/twihs/twihs.o
                0x004038a4                twihs_reset
 .text.uart_init
                0x004038c2       0x58 src/ASF/sam/drivers/uart/uart.o
                0x004038c2                uart_init
 .text.uart_write
                0x0040391a       0x30 src/ASF/sam/drivers/uart/uart.o
                0x0040391a                uart_write
 .text.uart_read
                0x0040394a       0x32 src/ASF/sam/drivers/uart/uart.o
                0x0040394a                uart_read
 .text.usart_set_async_baudrate
                0x0040397c       0x8a src/ASF/sam/drivers/usart/usart.o
                0x0040397c                usart_set_async_baudrate
 *fill*         0x00403a06        0x2 
 .text.usart_reset
                0x00403a08       0x54 src/ASF/sam/drivers/usart/usart.o
                0x00403a08                usart_reset
 .text.usart_init_rs232
                0x00403a5c       0x84 src/ASF/sam/drivers/usart/usart.o
                0x00403a5c                usart_init_rs232
 .text.usart_enable_tx
                0x00403ae0       0x1a src/ASF/sam/drivers/usart/usart.o
                0x00403ae0                usart_enable_tx
 .text.usart_reset_tx
                0x00403afa       0x1a src/ASF/sam/drivers/usart/usart.o
                0x00403afa                usart_reset_tx
 .text.usart_enable_rx
                0x00403b14       0x1a src/ASF/sam/drivers/usart/usart.o
                0x00403b14                usart_enable_rx
 .text.usart_reset_rx
                0x00403b2e       0x1a src/ASF/sam/drivers/usart/usart.o
                0x00403b2e                usart_reset_rx
 .text.usart_reset_status
                0x00403b48       0x1c src/ASF/sam/drivers/usart/usart.o
                0x00403b48                usart_reset_status
 .text.usart_drive_RTS_pin_high
                0x00403b64       0x1c src/ASF/sam/drivers/usart/usart.o
                0x00403b64                usart_drive_RTS_pin_high
 .text.usart_write
                0x00403b80       0x32 src/ASF/sam/drivers/usart/usart.o
                0x00403b80                usart_write
 .text.usart_read
                0x00403bb2       0x34 src/ASF/sam/drivers/usart/usart.o
                0x00403bb2                usart_read
 *fill*         0x00403be6        0x2 
 .text.usart_disable_writeprotect
                0x00403be8       0x20 src/ASF/sam/drivers/usart/usart.o
                0x00403be8                usart_disable_writeprotect
 .text.cpu_irq_save
                0x00403c08       0x38 src/ASF/sam/utils/cmsis/same70/source/templates/gcc/startup_same70.o
 .text.cpu_irq_is_enabled_flags
                0x00403c40       0x20 src/ASF/sam/utils/cmsis/same70/source/templates/gcc/startup_same70.o
 .text.cpu_irq_restore
                0x00403c60       0x30 src/ASF/sam/utils/cmsis/same70/source/templates/gcc/startup_same70.o
 .text.Reset_Handler
                0x00403c90       0xb0 src/ASF/sam/utils/cmsis/same70/source/templates/gcc/startup_same70.o
                0x00403c90                Reset_Handler
 .text.Dummy_Handler
                0x00403d40        0x6 src/ASF/sam/utils/cmsis/same70/source/templates/gcc/startup_same70.o
                0x00403d40                DACC_Handler
                0x00403d40                DebugMon_Handler
                0x00403d40                UART3_Handler
                0x00403d40                UART2_Handler
                0x00403d40                TRNG_Handler
                0x00403d40                HardFault_Handler
                0x00403d40                TC2_Handler
                0x00403d40                SysTick_Handler
                0x00403d40                AFEC1_Handler
                0x00403d40                PendSV_Handler
                0x00403d40                NMI_Handler
                0x00403d40                TC7_Handler
                0x00403d40                QSPI_Handler
                0x00403d40                ISI_Handler
                0x00403d40                MCAN0_INT0_Handler
                0x00403d40                TC9_Handler
                0x00403d40                RSWDT_Handler
                0x00403d40                USART0_Handler
                0x00403d40                USBHS_Handler
                0x00403d40                IXC_Handler
                0x00403d40                CCF_Handler
                0x00403d40                RTC_Handler
                0x00403d40                UsageFault_Handler
                0x00403d40                TC6_Handler
                0x00403d40                WDT_Handler
                0x00403d40                MCAN1_INT1_Handler
                0x00403d40                TC4_Handler
                0x00403d40                TC1_Handler
                0x00403d40                HSMCI_Handler
                0x00403d40                UART1_Handler
                0x00403d40                TC3_Handler
                0x00403d40                Dummy_Handler
                0x00403d40                TWIHS1_Handler
                0x00403d40                XDMAC_Handler
                0x00403d40                UART4_Handler
                0x00403d40                PWM1_Handler
                0x00403d40                USART1_Handler
                0x00403d40                PWM0_Handler
                0x00403d40                AFEC0_Handler
                0x00403d40                CCW_Handler
                0x00403d40                TC11_Handler
                0x00403d40                SSC_Handler
                0x00403d40                ACC_Handler
                0x00403d40                PMC_Handler
                0x00403d40                GMAC_Handler
                0x00403d40                MCAN0_INT1_Handler
                0x00403d40                GMAC_Q5_Handler
                0x00403d40                MemManage_Handler
                0x00403d40                SUPC_Handler
                0x00403d40                SVC_Handler
                0x00403d40                TC8_Handler
                0x00403d40                MCAN1_INT0_Handler
                0x00403d40                EFC_Handler
                0x00403d40                GMAC_Q1_Handler
                0x00403d40                USART2_Handler
                0x00403d40                SDRAMC_Handler
                0x00403d40                GMAC_Q2_Handler
                0x00403d40                SPI1_Handler
                0x00403d40                TC10_Handler
                0x00403d40                GMAC_Q3_Handler
                0x00403d40                TWIHS2_Handler
                0x00403d40                I2SC0_Handler
                0x00403d40                UART0_Handler
                0x00403d40                I2SC1_Handler
                0x00403d40                GMAC_Q4_Handler
                0x00403d40                FPU_Handler
                0x00403d40                BusFault_Handler
                0x00403d40                RSTC_Handler
                0x00403d40                TC0_Handler
                0x00403d40                TC5_Handler
                0x00403d40                AES_Handler
                0x00403d40                ICM_Handler
                0x00403d40                TWIHS0_Handler
                0x00403d40                SPI0_Handler
 *fill*         0x00403d46        0x2 
 .text.SystemCoreClockUpdate
                0x00403d48      0x168 src/ASF/sam/utils/cmsis/same70/source/templates/system_same70.o
                0x00403d48                SystemCoreClockUpdate
 .text.system_init_flash
                0x00403eb0       0xb0 src/ASF/sam/utils/cmsis/same70/source/templates/system_same70.o
                0x00403eb0                system_init_flash
 .text._sbrk    0x00403f60       0x58 src/ASF/sam/utils/syscalls/gcc/syscalls.o
                0x00403f60                _sbrk
 .text._close   0x00403fb8       0x18 src/ASF/sam/utils/syscalls/gcc/syscalls.o
                0x00403fb8                _close
 .text._fstat   0x00403fd0       0x20 src/ASF/sam/utils/syscalls/gcc/syscalls.o
                0x00403fd0                _fstat
 .text._isatty  0x00403ff0       0x16 src/ASF/sam/utils/syscalls/gcc/syscalls.o
                0x00403ff0                _isatty
 .text._lseek   0x00404006       0x1a src/ASF/sam/utils/syscalls/gcc/syscalls.o
                0x00404006                _lseek
 .text.NVIC_EnableIRQ
                0x00404020       0x34 src/main.o
 .text.NVIC_DisableIRQ
                0x00404054       0x34 src/main.o
 .text.NVIC_ClearPendingIRQ
                0x00404088       0x34 src/main.o
 .text.NVIC_SetPriority
                0x004040bc       0x54 src/main.o
 .text.osc_get_rate
                0x00404110       0x74 src/main.o
 .text.sysclk_get_main_hz
                0x00404184       0x20 src/main.o
 .text.sysclk_get_cpu_hz
                0x004041a4       0x14 src/main.o
 .text.sysclk_get_peripheral_hz
                0x004041b8       0x14 src/main.o
 .text.sysclk_enable_peripheral_clock
                0x004041cc       0x1c src/main.o
 .text.usart_serial_init
                0x004041e8      0x180 src/main.o
 .text.usart_serial_putchar
                0x00404368      0x10c src/main.o
 .text.usart_serial_getchar
                0x00404474      0x108 src/main.o
 .text.stdio_serial_init
                0x0040457c       0x68 src/main.o
 .text.twihs_master_setup
                0x004045e4       0x74 src/main.o
 .text.prox_callback
                0x00404658       0x38 src/main.o
                0x00404658                prox_callback
 .text.ant_callback
                0x00404690       0x38 src/main.o
                0x00404690                ant_callback
 .text.lock_callback
                0x004046c8       0x48 src/main.o
                0x004046c8                lock_callback
 .text.play_callback
                0x00404710       0x1c src/main.o
                0x00404710                play_callback
 .text.para_callback
                0x0040472c       0x24 src/main.o
                0x0040472c                para_callback
 .text.processa_touch
                0x00404750       0x84 src/main.o
                0x00404750                processa_touch
 .text.configure_lcd
                0x004047d4       0x38 src/main.o
 .text.convert_axis_system_x
                0x0040480c       0x24 src/main.o
                0x0040480c                convert_axis_system_x
 .text.convert_axis_system_y
                0x00404830       0x24 src/main.o
                0x00404830                convert_axis_system_y
 .text.mxt_init
                0x00404854      0x210 src/main.o
 .text.mxt_handler
                0x00404a64      0x188 src/main.o
                0x00404a64                mxt_handler
 .text.RTT_init
                0x00404bec       0x98 src/main.o
 .text.RTT_Handler
                0x00404c84       0x34 src/main.o
                0x00404c84                RTT_Handler
 .text.porta_init
                0x00404cb8       0x3c src/main.o
                0x00404cb8                porta_init
 .text.inicia_lavagem
                0x00404cf4      0x19c src/main.o
                0x00404cf4                inicia_lavagem
 .text.initMenuOrder
                0x00404e90       0x60 src/main.o
                0x00404e90                initMenuOrder
 .text.tela_inicial
                0x00404ef0      0x1b0 src/main.o
                0x00404ef0                tela_inicial
 .text.main     0x004050a0      0x39c src/main.o
                0x004050a0                main
 .text          0x0040543c       0x30 c:/program files (x86)/atmel/studio/7.0/toolchain/arm/arm-gnu-toolchain/bin/../lib/gcc/arm-none-eabi/6.3.1/thumb/v7e-m\libgcc.a(_aeabi_uldivmod.o)
                0x0040543c                __aeabi_uldivmod
 .text          0x0040546c      0x2dc c:/program files (x86)/atmel/studio/7.0/toolchain/arm/arm-gnu-toolchain/bin/../lib/gcc/arm-none-eabi/6.3.1/thumb/v7e-m\libgcc.a(_udivmoddi4.o)
                0x0040546c                __udivmoddi4
 .text          0x00405748        0x4 c:/program files (x86)/atmel/studio/7.0/toolchain/arm/arm-gnu-toolchain/bin/../lib/gcc/arm-none-eabi/6.3.1/thumb/v7e-m\libgcc.a(_dvmd_tls.o)
                0x00405748                __aeabi_idiv0
                0x00405748                __aeabi_ldiv0
 .text.__libc_init_array
                0x0040574c       0x50 c:/program files (x86)/atmel/studio/7.0/toolchain/arm/arm-gnu-toolchain/bin/../lib/gcc/arm-none-eabi/6.3.1/../../../../arm-none-eabi/lib/thumb/v7e-m\libc.a(lib_a-init.o)
                0x0040574c                __libc_init_array
 .text.iprintf  0x0040579c       0x28 c:/program files (x86)/atmel/studio/7.0/toolchain/arm/arm-gnu-toolchain/bin/../lib/gcc/arm-none-eabi/6.3.1/../../../../arm-none-eabi/lib/thumb/v7e-m\libc.a(lib_a-iprintf.o)
                0x0040579c                iprintf
 .text.malloc   0x004057c4       0x10 c:/program files (x86)/atmel/studio/7.0/toolchain/arm/arm-gnu-toolchain/bin/../lib/gcc/arm-none-eabi/6.3.1/../../../../arm-none-eabi/lib/thumb/v7e-m\libc.a(lib_a-malloc.o)
                0x004057c4                malloc
 .text._malloc_r
                0x004057d4      0x560 c:/program files (x86)/atmel/studio/7.0/toolchain/arm/arm-gnu-toolchain/bin/../lib/gcc/arm-none-eabi/6.3.1/../../../../arm-none-eabi/lib/thumb/v7e-m\libc.a(lib_a-mallocr.o)
                0x004057d4                _malloc_r
 .text.memset   0x00405d34       0x9c c:/program files (x86)/atmel/studio/7.0/toolchain/arm/arm-gnu-toolchain/bin/../lib/gcc/arm-none-eabi/6.3.1/../../../../arm-none-eabi/lib/thumb/v7e-m\libc.a(lib_a-memset.o)
                0x00405d34                memset
 .text.__malloc_lock
                0x00405dd0        0xc c:/program files (x86)/atmel/studio/7.0/toolchain/arm/arm-gnu-toolchain/bin/../lib/gcc/arm-none-eabi/6.3.1/../../../../arm-none-eabi/lib/thumb/v7e-m\libc.a(lib_a-mlock.o)
                0x00405dd0                __malloc_lock
 .text.__malloc_unlock
                0x00405ddc        0xc c:/program files (x86)/atmel/studio/7.0/toolchain/arm/arm-gnu-toolchain/bin/../lib/gcc/arm-none-eabi/6.3.1/../../../../arm-none-eabi/lib/thumb/v7e-m\libc.a(lib_a-mlock.o)
                0x00405ddc                __malloc_unlock
 .text._sbrk_r  0x00405de8       0x24 c:/program files (x86)/atmel/studio/7.0/toolchain/arm/arm-gnu-toolchain/bin/../lib/gcc/arm-none-eabi/6.3.1/../../../../arm-none-eabi/lib/thumb/v7e-m\libc.a(lib_a-sbrkr.o)
                0x00405de8                _sbrk_r
 .text.setbuf   0x00405e0c       0x10 c:/program files (x86)/atmel/studio/7.0/toolchain/arm/arm-gnu-toolchain/bin/../lib/gcc/arm-none-eabi/6.3.1/../../../../arm-none-eabi/lib/thumb/v7e-m\libc.a(lib_a-setbuf.o)
                0x00405e0c                setbuf
 .text.setvbuf  0x00405e1c      0x190 c:/program files (x86)/atmel/studio/7.0/toolchain/arm/arm-gnu-toolchain/bin/../lib/gcc/arm-none-eabi/6.3.1/../../../../arm-none-eabi/lib/thumb/v7e-m\libc.a(lib_a-setvbuf.o)
                0x00405e1c                setvbuf
 .text.sprintf  0x00405fac       0x4c c:/program files (x86)/atmel/studio/7.0/toolchain/arm/arm-gnu-toolchain/bin/../lib/gcc/arm-none-eabi/6.3.1/../../../../arm-none-eabi/lib/thumb/v7e-m\libc.a(lib_a-sprintf.o)
                0x00405fac                sprintf
 .text.strcat   0x00405ff8       0x40 c:/program files (x86)/atmel/studio/7.0/toolchain/arm/arm-gnu-toolchain/bin/../lib/gcc/arm-none-eabi/6.3.1/../../../../arm-none-eabi/lib/thumb/v7e-m\libc.a(lib_a-strcat.o)
                0x00405ff8                strcat
 .text.strcpy   0x00406038       0xbc c:/program files (x86)/atmel/studio/7.0/toolchain/arm/arm-gnu-toolchain/bin/../lib/gcc/arm-none-eabi/6.3.1/../../../../arm-none-eabi/lib/thumb/v7e-m\libc.a(lib_a-strcpy.o)
                0x00406038                strcpy
 *fill*         0x004060f4        0xc 
 .text          0x00406100       0xdc c:/program files (x86)/atmel/studio/7.0/toolchain/arm/arm-gnu-toolchain/bin/../lib/gcc/arm-none-eabi/6.3.1/../../../../arm-none-eabi/lib/thumb/v7e-m\libc.a(lib_a-strlen.o)
                0x00406100                strlen
 .text._svfprintf_r
                0x004061dc     0x145c c:/program files (x86)/atmel/studio/7.0/toolchain/arm/arm-gnu-toolchain/bin/../lib/gcc/arm-none-eabi/6.3.1/../../../../arm-none-eabi/lib/thumb/v7e-m\libc.a(lib_a-svfprintf.o)
                0x004061dc                _svfprintf_r
 .text.__sprint_r.part.0
                0x00407638       0x80 c:/program files (x86)/atmel/studio/7.0/toolchain/arm/arm-gnu-toolchain/bin/../lib/gcc/arm-none-eabi/6.3.1/../../../../arm-none-eabi/lib/thumb/v7e-m\libc.a(lib_a-vfiprintf.o)
 .text._vfiprintf_r
                0x004076b8      0xc90 c:/program files (x86)/atmel/studio/7.0/toolchain/arm/arm-gnu-toolchain/bin/../lib/gcc/arm-none-eabi/6.3.1/../../../../arm-none-eabi/lib/thumb/v7e-m\libc.a(lib_a-vfiprintf.o)
                0x004076b8                _vfiprintf_r
 .text.__sbprintf
                0x00408348       0x84 c:/program files (x86)/atmel/studio/7.0/toolchain/arm/arm-gnu-toolchain/bin/../lib/gcc/arm-none-eabi/6.3.1/../../../../arm-none-eabi/lib/thumb/v7e-m\libc.a(lib_a-vfiprintf.o)
 .text.__swsetup_r
                0x004083cc       0xc8 c:/program files (x86)/atmel/studio/7.0/toolchain/arm/arm-gnu-toolchain/bin/../lib/gcc/arm-none-eabi/6.3.1/../../../../arm-none-eabi/lib/thumb/v7e-m\libc.a(lib_a-wsetup.o)
                0x004083cc                __swsetup_r
 .text.startup.register_fini
                0x00408494       0x14 c:/program files (x86)/atmel/studio/7.0/toolchain/arm/arm-gnu-toolchain/bin/../lib/gcc/arm-none-eabi/6.3.1/../../../../arm-none-eabi/lib/thumb/v7e-m\libc.a(lib_a-__call_atexit.o)
 .text.atexit   0x004084a8        0xc c:/program files (x86)/atmel/studio/7.0/toolchain/arm/arm-gnu-toolchain/bin/../lib/gcc/arm-none-eabi/6.3.1/../../../../arm-none-eabi/lib/thumb/v7e-m\libc.a(lib_a-atexit.o)
                0x004084a8                atexit
 .text.quorem   0x004084b4      0x128 c:/program files (x86)/atmel/studio/7.0/toolchain/arm/arm-gnu-toolchain/bin/../lib/gcc/arm-none-eabi/6.3.1/../../../../arm-none-eabi/lib/thumb/v7e-m\libc.a(lib_a-dtoa.o)
 *fill*         0x004085dc        0x4 
 .text._dtoa_r  0x004085e0      0xe54 c:/program files (x86)/atmel/studio/7.0/toolchain/arm/arm-gnu-toolchain/bin/../lib/gcc/arm-none-eabi/6.3.1/../../../../arm-none-eabi/lib/thumb/v7e-m\libc.a(lib_a-dtoa.o)
                0x004085e0                _dtoa_r
 .text.__sflush_r
                0x00409434      0x140 c:/program files (x86)/atmel/studio/7.0/toolchain/arm/arm-gnu-toolchain/bin/../lib/gcc/arm-none-eabi/6.3.1/../../../../arm-none-eabi/lib/thumb/v7e-m\libc.a(lib_a-fflush.o)
                0x00409434                __sflush_r
 .text._fflush_r
                0x00409574       0x54 c:/program files (x86)/atmel/studio/7.0/toolchain/arm/arm-gnu-toolchain/bin/../lib/gcc/arm-none-eabi/6.3.1/../../../../arm-none-eabi/lib/thumb/v7e-m\libc.a(lib_a-fflush.o)
                0x00409574                _fflush_r
 .text._cleanup_r
                0x004095c8        0xc c:/program files (x86)/atmel/studio/7.0/toolchain/arm/arm-gnu-toolchain/bin/../lib/gcc/arm-none-eabi/6.3.1/../../../../arm-none-eabi/lib/thumb/v7e-m\libc.a(lib_a-findfp.o)
                0x004095c8                _cleanup_r
 .text.std.isra.0
                0x004095d4       0x50 c:/program files (x86)/atmel/studio/7.0/toolchain/arm/arm-gnu-toolchain/bin/../lib/gcc/arm-none-eabi/6.3.1/../../../../arm-none-eabi/lib/thumb/v7e-m\libc.a(lib_a-findfp.o)
 .text.__sinit  0x00409624       0x58 c:/program files (x86)/atmel/studio/7.0/toolchain/arm/arm-gnu-toolchain/bin/../lib/gcc/arm-none-eabi/6.3.1/../../../../arm-none-eabi/lib/thumb/v7e-m\libc.a(lib_a-findfp.o)
                0x00409624                __sinit
 .text.__sfp_lock_acquire
                0x0040967c        0xc c:/program files (x86)/atmel/studio/7.0/toolchain/arm/arm-gnu-toolchain/bin/../lib/gcc/arm-none-eabi/6.3.1/../../../../arm-none-eabi/lib/thumb/v7e-m\libc.a(lib_a-findfp.o)
                0x0040967c                __sfp_lock_acquire
 .text.__sfp_lock_release
                0x00409688        0xc c:/program files (x86)/atmel/studio/7.0/toolchain/arm/arm-gnu-toolchain/bin/../lib/gcc/arm-none-eabi/6.3.1/../../../../arm-none-eabi/lib/thumb/v7e-m\libc.a(lib_a-findfp.o)
                0x00409688                __sfp_lock_release
 .text.__libc_fini_array
                0x00409694       0x34 c:/program files (x86)/atmel/studio/7.0/toolchain/arm/arm-gnu-toolchain/bin/../lib/gcc/arm-none-eabi/6.3.1/../../../../arm-none-eabi/lib/thumb/v7e-m\libc.a(lib_a-fini.o)
                0x00409694                __libc_fini_array
 .text.__fputwc
                0x004096c8       0xa0 c:/program files (x86)/atmel/studio/7.0/toolchain/arm/arm-gnu-toolchain/bin/../lib/gcc/arm-none-eabi/6.3.1/../../../../arm-none-eabi/lib/thumb/v7e-m\libc.a(lib_a-fputwc.o)
                0x004096c8                __fputwc
 .text._fputwc_r
                0x00409768       0x68 c:/program files (x86)/atmel/studio/7.0/toolchain/arm/arm-gnu-toolchain/bin/../lib/gcc/arm-none-eabi/6.3.1/../../../../arm-none-eabi/lib/thumb/v7e-m\libc.a(lib_a-fputwc.o)
                0x00409768                _fputwc_r
 .text._malloc_trim_r
                0x004097d0       0xa0 c:/program files (x86)/atmel/studio/7.0/toolchain/arm/arm-gnu-toolchain/bin/../lib/gcc/arm-none-eabi/6.3.1/../../../../arm-none-eabi/lib/thumb/v7e-m\libc.a(lib_a-freer.o)
                0x004097d0                _malloc_trim_r
 .text._free_r  0x00409870      0x1cc c:/program files (x86)/atmel/studio/7.0/toolchain/arm/arm-gnu-toolchain/bin/../lib/gcc/arm-none-eabi/6.3.1/../../../../arm-none-eabi/lib/thumb/v7e-m\libc.a(lib_a-freer.o)
                0x00409870                _free_r
 .text.__sfvwrite_r
                0x00409a3c      0x2f0 c:/program files (x86)/atmel/studio/7.0/toolchain/arm/arm-gnu-toolchain/bin/../lib/gcc/arm-none-eabi/6.3.1/../../../../arm-none-eabi/lib/thumb/v7e-m\libc.a(lib_a-fvwrite.o)
                0x00409a3c                __sfvwrite_r
 .text._fwalk_reent
                0x00409d2c       0x54 c:/program files (x86)/atmel/studio/7.0/toolchain/arm/arm-gnu-toolchain/bin/../lib/gcc/arm-none-eabi/6.3.1/../../../../arm-none-eabi/lib/thumb/v7e-m\libc.a(lib_a-fwalk.o)
                0x00409d2c                _fwalk_reent
 .text.__locale_mb_cur_max
                0x00409d80       0x1c c:/program files (x86)/atmel/studio/7.0/toolchain/arm/arm-gnu-toolchain/bin/../lib/gcc/arm-none-eabi/6.3.1/../../../../arm-none-eabi/lib/thumb/v7e-m\libc.a(lib_a-locale.o)
                0x00409d80                __locale_mb_cur_max
 .text._localeconv_r
                0x00409d9c       0x1c c:/program files (x86)/atmel/studio/7.0/toolchain/arm/arm-gnu-toolchain/bin/../lib/gcc/arm-none-eabi/6.3.1/../../../../arm-none-eabi/lib/thumb/v7e-m\libc.a(lib_a-localeconv.o)
                0x00409d9c                _localeconv_r
 .text.__retarget_lock_init_recursive
                0x00409db8        0x4 c:/program files (x86)/atmel/studio/7.0/toolchain/arm/arm-gnu-toolchain/bin/../lib/gcc/arm-none-eabi/6.3.1/../../../../arm-none-eabi/lib/thumb/v7e-m\libc.a(lib_a-lock.o)
                0x00409db8                __retarget_lock_init_recursive
 .text.__retarget_lock_close_recursive
                0x00409dbc        0x4 c:/program files (x86)/atmel/studio/7.0/toolchain/arm/arm-gnu-toolchain/bin/../lib/gcc/arm-none-eabi/6.3.1/../../../../arm-none-eabi/lib/thumb/v7e-m\libc.a(lib_a-lock.o)
                0x00409dbc                __retarget_lock_close_recursive
 .text.__retarget_lock_acquire_recursive
                0x00409dc0        0x4 c:/program files (x86)/atmel/studio/7.0/toolchain/arm/arm-gnu-toolchain/bin/../lib/gcc/arm-none-eabi/6.3.1/../../../../arm-none-eabi/lib/thumb/v7e-m\libc.a(lib_a-lock.o)
                0x00409dc0                __retarget_lock_acquire_recursive
 .text.__retarget_lock_release_recursive
                0x00409dc4        0x4 c:/program files (x86)/atmel/studio/7.0/toolchain/arm/arm-gnu-toolchain/bin/../lib/gcc/arm-none-eabi/6.3.1/../../../../arm-none-eabi/lib/thumb/v7e-m\libc.a(lib_a-lock.o)
                0x00409dc4                __retarget_lock_release_recursive
 .text.__swhatbuf_r
                0x00409dc8       0x5c c:/program files (x86)/atmel/studio/7.0/toolchain/arm/arm-gnu-toolchain/bin/../lib/gcc/arm-none-eabi/6.3.1/../../../../arm-none-eabi/lib/thumb/v7e-m\libc.a(lib_a-makebuf.o)
                0x00409dc8                __swhatbuf_r
 .text.__smakebuf_r
                0x00409e24       0x94 c:/program files (x86)/atmel/studio/7.0/toolchain/arm/arm-gnu-toolchain/bin/../lib/gcc/arm-none-eabi/6.3.1/../../../../arm-none-eabi/lib/thumb/v7e-m\libc.a(lib_a-makebuf.o)
                0x00409e24                __smakebuf_r
 .text.__ascii_mbtowc
                0x00409eb8       0x2c c:/program files (x86)/atmel/studio/7.0/toolchain/arm/arm-gnu-toolchain/bin/../lib/gcc/arm-none-eabi/6.3.1/../../../../arm-none-eabi/lib/thumb/v7e-m\libc.a(lib_a-mbtowc_r.o)
                0x00409eb8                __ascii_mbtowc
 *fill*         0x00409ee4        0xc 
 .text          0x00409ef0       0xa0 c:/program files (x86)/atmel/studio/7.0/toolchain/arm/arm-gnu-toolchain/bin/../lib/gcc/arm-none-eabi/6.3.1/../../../../arm-none-eabi/lib/thumb/v7e-m\libc.a(lib_a-memchr.o)
                0x00409ef0                memchr
 .text          0x00409f90      0x134 c:/program files (x86)/atmel/studio/7.0/toolchain/arm/arm-gnu-toolchain/bin/../lib/gcc/arm-none-eabi/6.3.1/../../../../arm-none-eabi/lib/thumb/v7e-m\libc.a(lib_a-memcpy.o)
                0x00409f90                memcpy
 .text.memmove  0x0040a0c4       0xc8 c:/program files (x86)/atmel/studio/7.0/toolchain/arm/arm-gnu-toolchain/bin/../lib/gcc/arm-none-eabi/6.3.1/../../../../arm-none-eabi/lib/thumb/v7e-m\libc.a(lib_a-memmove.o)
                0x0040a0c4                memmove
 .text._Balloc  0x0040a18c       0x4c c:/program files (x86)/atmel/studio/7.0/toolchain/arm/arm-gnu-toolchain/bin/../lib/gcc/arm-none-eabi/6.3.1/../../../../arm-none-eabi/lib/thumb/v7e-m\libc.a(lib_a-mprec.o)
                0x0040a18c                _Balloc
 .text._Bfree   0x0040a1d8       0x14 c:/program files (x86)/atmel/studio/7.0/toolchain/arm/arm-gnu-toolchain/bin/../lib/gcc/arm-none-eabi/6.3.1/../../../../arm-none-eabi/lib/thumb/v7e-m\libc.a(lib_a-mprec.o)
                0x0040a1d8                _Bfree
 .text.__multadd
                0x0040a1ec       0x80 c:/program files (x86)/atmel/studio/7.0/toolchain/arm/arm-gnu-toolchain/bin/../lib/gcc/arm-none-eabi/6.3.1/../../../../arm-none-eabi/lib/thumb/v7e-m\libc.a(lib_a-mprec.o)
                0x0040a1ec                __multadd
 .text.__hi0bits
                0x0040a26c       0x40 c:/program files (x86)/atmel/studio/7.0/toolchain/arm/arm-gnu-toolchain/bin/../lib/gcc/arm-none-eabi/6.3.1/../../../../arm-none-eabi/lib/thumb/v7e-m\libc.a(lib_a-mprec.o)
                0x0040a26c                __hi0bits
 .text.__lo0bits
                0x0040a2ac       0x60 c:/program files (x86)/atmel/studio/7.0/toolchain/arm/arm-gnu-toolchain/bin/../lib/gcc/arm-none-eabi/6.3.1/../../../../arm-none-eabi/lib/thumb/v7e-m\libc.a(lib_a-mprec.o)
                0x0040a2ac                __lo0bits
 .text.__i2b    0x0040a30c       0x14 c:/program files (x86)/atmel/studio/7.0/toolchain/arm/arm-gnu-toolchain/bin/../lib/gcc/arm-none-eabi/6.3.1/../../../../arm-none-eabi/lib/thumb/v7e-m\libc.a(lib_a-mprec.o)
                0x0040a30c                __i2b
 .text.__multiply
                0x0040a320      0x124 c:/program files (x86)/atmel/studio/7.0/toolchain/arm/arm-gnu-toolchain/bin/../lib/gcc/arm-none-eabi/6.3.1/../../../../arm-none-eabi/lib/thumb/v7e-m\libc.a(lib_a-mprec.o)
                0x0040a320                __multiply
 .text.__pow5mult
                0x0040a444       0xa0 c:/program files (x86)/atmel/studio/7.0/toolchain/arm/arm-gnu-toolchain/bin/../lib/gcc/arm-none-eabi/6.3.1/../../../../arm-none-eabi/lib/thumb/v7e-m\libc.a(lib_a-mprec.o)
                0x0040a444                __pow5mult
 .text.__lshift
                0x0040a4e4       0xa4 c:/program files (x86)/atmel/studio/7.0/toolchain/arm/arm-gnu-toolchain/bin/../lib/gcc/arm-none-eabi/6.3.1/../../../../arm-none-eabi/lib/thumb/v7e-m\libc.a(lib_a-mprec.o)
                0x0040a4e4                __lshift
 .text.__mcmp   0x0040a588       0x38 c:/program files (x86)/atmel/studio/7.0/toolchain/arm/arm-gnu-toolchain/bin/../lib/gcc/arm-none-eabi/6.3.1/../../../../arm-none-eabi/lib/thumb/v7e-m\libc.a(lib_a-mprec.o)
                0x0040a588                __mcmp
 .text.__mdiff  0x0040a5c0      0x108 c:/program files (x86)/atmel/studio/7.0/toolchain/arm/arm-gnu-toolchain/bin/../lib/gcc/arm-none-eabi/6.3.1/../../../../arm-none-eabi/lib/thumb/v7e-m\libc.a(lib_a-mprec.o)
                0x0040a5c0                __mdiff
 .text.__d2b    0x0040a6c8       0xb8 c:/program files (x86)/atmel/studio/7.0/toolchain/arm/arm-gnu-toolchain/bin/../lib/gcc/arm-none-eabi/6.3.1/../../../../arm-none-eabi/lib/thumb/v7e-m\libc.a(lib_a-mprec.o)
                0x0040a6c8                __d2b
 .text._realloc_r
                0x0040a780      0x34c c:/program files (x86)/atmel/studio/7.0/toolchain/arm/arm-gnu-toolchain/bin/../lib/gcc/arm-none-eabi/6.3.1/../../../../arm-none-eabi/lib/thumb/v7e-m\libc.a(lib_a-reallocr.o)
                0x0040a780                _realloc_r
 .text.__sread  0x0040aacc       0x24 c:/program files (x86)/atmel/studio/7.0/toolchain/arm/arm-gnu-toolchain/bin/../lib/gcc/arm-none-eabi/6.3.1/../../../../arm-none-eabi/lib/thumb/v7e-m\libc.a(lib_a-stdio.o)
                0x0040aacc                __sread
 .text.__swrite
                0x0040aaf0       0x3c c:/program files (x86)/atmel/studio/7.0/toolchain/arm/arm-gnu-toolchain/bin/../lib/gcc/arm-none-eabi/6.3.1/../../../../arm-none-eabi/lib/thumb/v7e-m\libc.a(lib_a-stdio.o)
                0x0040aaf0                __swrite
 .text.__sseek  0x0040ab2c       0x20 c:/program files (x86)/atmel/studio/7.0/toolchain/arm/arm-gnu-toolchain/bin/../lib/gcc/arm-none-eabi/6.3.1/../../../../arm-none-eabi/lib/thumb/v7e-m\libc.a(lib_a-stdio.o)
                0x0040ab2c                __sseek
 .text.__sclose
                0x0040ab4c        0x8 c:/program files (x86)/atmel/studio/7.0/toolchain/arm/arm-gnu-toolchain/bin/../lib/gcc/arm-none-eabi/6.3.1/../../../../arm-none-eabi/lib/thumb/v7e-m\libc.a(lib_a-stdio.o)
                0x0040ab4c                __sclose
 .text.__ssprint_r
                0x0040ab54       0xfc c:/program files (x86)/atmel/studio/7.0/toolchain/arm/arm-gnu-toolchain/bin/../lib/gcc/arm-none-eabi/6.3.1/../../../../arm-none-eabi/lib/thumb/v7e-m\libc.a(lib_a-svfiprintf.o)
                0x0040ab54                __ssprint_r
 .text.__swbuf_r
                0x0040ac50       0xb0 c:/program files (x86)/atmel/studio/7.0/toolchain/arm/arm-gnu-toolchain/bin/../lib/gcc/arm-none-eabi/6.3.1/../../../../arm-none-eabi/lib/thumb/v7e-m\libc.a(lib_a-wbuf.o)
                0x0040ac50                __swbuf_r
 .text._wcrtomb_r
                0x0040ad00       0x54 c:/program files (x86)/atmel/studio/7.0/toolchain/arm/arm-gnu-toolchain/bin/../lib/gcc/arm-none-eabi/6.3.1/../../../../arm-none-eabi/lib/thumb/v7e-m\libc.a(lib_a-wcrtomb.o)
                0x0040ad00                _wcrtomb_r
 .text.__ascii_wctomb
                0x0040ad54       0x1c c:/program files (x86)/atmel/studio/7.0/toolchain/arm/arm-gnu-toolchain/bin/../lib/gcc/arm-none-eabi/6.3.1/../../../../arm-none-eabi/lib/thumb/v7e-m\libc.a(lib_a-wctomb_r.o)
                0x0040ad54                __ascii_wctomb
 .text._write_r
                0x0040ad70       0x2c c:/program files (x86)/atmel/studio/7.0/toolchain/arm/arm-gnu-toolchain/bin/../lib/gcc/arm-none-eabi/6.3.1/../../../../arm-none-eabi/lib/thumb/v7e-m\libc.a(lib_a-writer.o)
                0x0040ad70                _write_r
 .text.__register_exitproc
                0x0040ad9c       0xc4 c:/program files (x86)/atmel/studio/7.0/toolchain/arm/arm-gnu-toolchain/bin/../lib/gcc/arm-none-eabi/6.3.1/../../../../arm-none-eabi/lib/thumb/v7e-m\libc.a(lib_a-__atexit.o)
                0x0040ad9c                __register_exitproc
 .text._calloc_r
                0x0040ae60       0x60 c:/program files (x86)/atmel/studio/7.0/toolchain/arm/arm-gnu-toolchain/bin/../lib/gcc/arm-none-eabi/6.3.1/../../../../arm-none-eabi/lib/thumb/v7e-m\libc.a(lib_a-callocr.o)
                0x0040ae60                _calloc_r
 .text._close_r
                0x0040aec0       0x24 c:/program files (x86)/atmel/studio/7.0/toolchain/arm/arm-gnu-toolchain/bin/../lib/gcc/arm-none-eabi/6.3.1/../../../../arm-none-eabi/lib/thumb/v7e-m\libc.a(lib_a-closer.o)
                0x0040aec0                _close_r
 .text._fclose_r
                0x0040aee4       0xc4 c:/program files (x86)/atmel/studio/7.0/toolchain/arm/arm-gnu-toolchain/bin/../lib/gcc/arm-none-eabi/6.3.1/../../../../arm-none-eabi/lib/thumb/v7e-m\libc.a(lib_a-fclose.o)
                0x0040aee4                _fclose_r
 .text._fstat_r
                0x0040afa8       0x28 c:/program files (x86)/atmel/studio/7.0/toolchain/arm/arm-gnu-toolchain/bin/../lib/gcc/arm-none-eabi/6.3.1/../../../../arm-none-eabi/lib/thumb/v7e-m\libc.a(lib_a-fstatr.o)
                0x0040afa8                _fstat_r
 .text._isatty_r
                0x0040afd0       0x24 c:/program files (x86)/atmel/studio/7.0/toolchain/arm/arm-gnu-toolchain/bin/../lib/gcc/arm-none-eabi/6.3.1/../../../../arm-none-eabi/lib/thumb/v7e-m\libc.a(lib_a-isattyr.o)
                0x0040afd0                _isatty_r
 .text._lseek_r
                0x0040aff4       0x2c c:/program files (x86)/atmel/studio/7.0/toolchain/arm/arm-gnu-toolchain/bin/../lib/gcc/arm-none-eabi/6.3.1/../../../../arm-none-eabi/lib/thumb/v7e-m\libc.a(lib_a-lseekr.o)
                0x0040aff4                _lseek_r
 .text._read_r  0x0040b020       0x2c c:/program files (x86)/atmel/studio/7.0/toolchain/arm/arm-gnu-toolchain/bin/../lib/gcc/arm-none-eabi/6.3.1/../../../../arm-none-eabi/lib/thumb/v7e-m\libc.a(lib_a-readr.o)
                0x0040b020                _read_r
 .text          0x0040b04c      0x370 c:/program files (x86)/atmel/studio/7.0/toolchain/arm/arm-gnu-toolchain/bin/../lib/gcc/arm-none-eabi/6.3.1/thumb/v7e-m\libgcc.a(_arm_addsubdf3.o)
                0x0040b04c                __aeabi_drsub
                0x0040b054                __aeabi_dsub
                0x0040b054                __subdf3
                0x0040b058                __aeabi_dadd
                0x0040b058                __adddf3
                0x0040b2d0                __floatunsidf
                0x0040b2d0                __aeabi_ui2d
                0x0040b2f0                __floatsidf
                0x0040b2f0                __aeabi_i2d
                0x0040b314                __aeabi_f2d
                0x0040b314                __extendsfdf2
                0x0040b350                __floatundidf
                0x0040b350                __aeabi_ul2d
                0x0040b360                __floatdidf
                0x0040b360                __aeabi_l2d
 .text          0x0040b3bc      0x424 c:/program files (x86)/atmel/studio/7.0/toolchain/arm/arm-gnu-toolchain/bin/../lib/gcc/arm-none-eabi/6.3.1/thumb/v7e-m\libgcc.a(_arm_muldivdf3.o)
                0x0040b3bc                __aeabi_dmul
                0x0040b3bc                __muldf3
                0x0040b610                __divdf3
                0x0040b610                __aeabi_ddiv
 .text          0x0040b7e0      0x110 c:/program files (x86)/atmel/studio/7.0/toolchain/arm/arm-gnu-toolchain/bin/../lib/gcc/arm-none-eabi/6.3.1/thumb/v7e-m\libgcc.a(_arm_cmpdf2.o)
                0x0040b7e0                __gtdf2
                0x0040b7e0                __gedf2
                0x0040b7e8                __ltdf2
                0x0040b7e8                __ledf2
                0x0040b7f0                __nedf2
                0x0040b7f0                __eqdf2
                0x0040b7f0                __cmpdf2
                0x0040b86c                __aeabi_cdrcmple
                0x0040b87c                __aeabi_cdcmpeq
                0x0040b87c                __aeabi_cdcmple
                0x0040b88c                __aeabi_dcmpeq
                0x0040b8a0                __aeabi_dcmplt
                0x0040b8b4                __aeabi_dcmple
                0x0040b8c8                __aeabi_dcmpge
                0x0040b8dc                __aeabi_dcmpgt
 .text          0x0040b8f0       0x2c c:/program files (x86)/atmel/studio/7.0/toolchain/arm/arm-gnu-toolchain/bin/../lib/gcc/arm-none-eabi/6.3.1/thumb/v7e-m\libgcc.a(_arm_unorddf2.o)
                0x0040b8f0                __unorddf2
                0x0040b8f0                __aeabi_dcmpun
 .text          0x0040b91c       0x50 c:/program files (x86)/atmel/studio/7.0/toolchain/arm/arm-gnu-toolchain/bin/../lib/gcc/arm-none-eabi/6.3.1/thumb/v7e-m\libgcc.a(_arm_fixdfsi.o)
                0x0040b91c                __aeabi_d2iz
                0x0040b91c                __fixdfsi
 *(.glue_7t)
 .glue_7t       0x0040b96c        0x0 linker stubs
 *(.glue_7)
 .glue_7        0x0040b96c        0x0 linker stubs
 *(.rodata .rodata* .gnu.linkonce.r.*)
 .rodata.crcpoly.9987
                0x0040b96c        0x4 src/ASF/common/components/touch/mxt/mxt_device_1.o
 .rodata.p_uc_charset10x14
                0x0040b970      0x780 src/ASF/sam/components/display/ili9488/ili9488.o
                0x0040b970                p_uc_charset10x14
 .rodata.image_data_next
                0x0040c0f0     0x3000 src/main.o
 .rodata.next   0x0040f0f0        0xc src/main.o
                0x0040f0f0                next
 .rodata.image_data_back
                0x0040f0fc     0x3000 src/main.o
 .rodata.back   0x004120fc        0xc src/main.o
                0x004120fc                back
 .rodata.image_data_locked
                0x00412108     0x3000 src/main.o
 .rodata.locked
                0x00415108        0xc src/main.o
                0x00415108                locked
 .rodata.image_data_unlocked
                0x00415114     0x3000 src/main.o
 .rodata.unlocked
                0x00418114        0xc src/main.o
                0x00418114                unlocked
 .rodata.image_data_play_butt
                0x00418120     0x3000 src/main.o
 .rodata.play_butt
                0x0041b120        0xc src/main.o
                0x0041b120                play_butt
 .rodata.image_data_para
                0x0041b12c     0x3000 src/main.o
 .rodata.para   0x0041e12c        0xc src/main.o
                0x0041e12c                para
 .rodata.image_data_door_open
                0x0041e138     0x3000 src/main.o
 .rodata.image_data_laundry
                0x00421138     0x3000 src/main.o
 .rodata.image_data_rpm
                0x00424138     0x3000 src/main.o
 .rodata.image_data_bubble
                0x00427138     0x3000 src/main.o
 .rodata.image_data_diario
                0x0042a138     0x3000 src/main.o
 .rodata.diario
                0x0042d138        0xc src/main.o
                0x0042d138                diario
 .rodata.image_data_fast
                0x0042d144     0x3000 src/main.o
 .rodata.fast   0x00430144        0xc src/main.o
                0x00430144                fast
 .rodata.image_data_centrifuge
                0x00430150     0x3000 src/main.o
 .rodata.centrifuge
                0x00433150        0xc src/main.o
                0x00433150                centrifuge
 .rodata.image_data_pesado
                0x0043315c     0x3000 src/main.o
 .rodata.pesado
                0x0043615c        0xc src/main.o
                0x0043615c                pesado
 .rodata.image_data_enxague
                0x00436168     0x3000 src/main.o
 .rodata.enxague
                0x00439168        0xc src/main.o
                0x00439168                enxague
 .rodata        0x00439174       0xe4 src/main.o
 .rodata._global_impure_ptr
                0x00439258        0x4 c:/program files (x86)/atmel/studio/7.0/toolchain/arm/arm-gnu-toolchain/bin/../lib/gcc/arm-none-eabi/6.3.1/../../../../arm-none-eabi/lib/thumb/v7e-m\libc.a(lib_a-impure.o)
                0x00439258                _global_impure_ptr
 .rodata._svfprintf_r.str1.4
                0x0043925c       0x42 c:/program files (x86)/atmel/studio/7.0/toolchain/arm/arm-gnu-toolchain/bin/../lib/gcc/arm-none-eabi/6.3.1/../../../../arm-none-eabi/lib/thumb/v7e-m\libc.a(lib_a-svfprintf.o)
 *fill*         0x0043929e        0x2 
 .rodata.blanks.7223
                0x004392a0       0x10 c:/program files (x86)/atmel/studio/7.0/toolchain/arm/arm-gnu-toolchain/bin/../lib/gcc/arm-none-eabi/6.3.1/../../../../arm-none-eabi/lib/thumb/v7e-m\libc.a(lib_a-svfprintf.o)
 .rodata.zeroes.7224
                0x004392b0       0x10 c:/program files (x86)/atmel/studio/7.0/toolchain/arm/arm-gnu-toolchain/bin/../lib/gcc/arm-none-eabi/6.3.1/../../../../arm-none-eabi/lib/thumb/v7e-m\libc.a(lib_a-svfprintf.o)
 .rodata._vfiprintf_r.str1.4
                0x004392c0       0x2f c:/program files (x86)/atmel/studio/7.0/toolchain/arm/arm-gnu-toolchain/bin/../lib/gcc/arm-none-eabi/6.3.1/../../../../arm-none-eabi/lib/thumb/v7e-m\libc.a(lib_a-vfiprintf.o)
 .rodata.blanks.7217
                0x004392c0       0x10 c:/program files (x86)/atmel/studio/7.0/toolchain/arm/arm-gnu-toolchain/bin/../lib/gcc/arm-none-eabi/6.3.1/../../../../arm-none-eabi/lib/thumb/v7e-m\libc.a(lib_a-vfiprintf.o)
 .rodata.zeroes.7218
                0x004392d0       0x10 c:/program files (x86)/atmel/studio/7.0/toolchain/arm/arm-gnu-toolchain/bin/../lib/gcc/arm-none-eabi/6.3.1/../../../../arm-none-eabi/lib/thumb/v7e-m\libc.a(lib_a-vfiprintf.o)
 .rodata._dtoa_r.str1.4
                0x004392e0       0x10 c:/program files (x86)/atmel/studio/7.0/toolchain/arm/arm-gnu-toolchain/bin/../lib/gcc/arm-none-eabi/6.3.1/../../../../arm-none-eabi/lib/thumb/v7e-m\libc.a(lib_a-dtoa.o)
                                 0x12 (size before relaxing)
 .rodata._setlocale_r.str1.4
                0x004392f0        0xa c:/program files (x86)/atmel/studio/7.0/toolchain/arm/arm-gnu-toolchain/bin/../lib/gcc/arm-none-eabi/6.3.1/../../../../arm-none-eabi/lib/thumb/v7e-m\libc.a(lib_a-locale.o)
                                  0xd (size before relaxing)
 *fill*         0x004392fa        0x2 
 .rodata.str1.4
                0x004392fc        0x4 c:/program files (x86)/atmel/studio/7.0/toolchain/arm/arm-gnu-toolchain/bin/../lib/gcc/arm-none-eabi/6.3.1/../../../../arm-none-eabi/lib/thumb/v7e-m\libc.a(lib_a-locale.o)
                                  0x2 (size before relaxing)
 .rodata.__mprec_bigtens
                0x00439300       0x28 c:/program files (x86)/atmel/studio/7.0/toolchain/arm/arm-gnu-toolchain/bin/../lib/gcc/arm-none-eabi/6.3.1/../../../../arm-none-eabi/lib/thumb/v7e-m\libc.a(lib_a-mprec.o)
                0x00439300                __mprec_bigtens
 .rodata.__mprec_tens
                0x00439328       0xc8 c:/program files (x86)/atmel/studio/7.0/toolchain/arm/arm-gnu-toolchain/bin/../lib/gcc/arm-none-eabi/6.3.1/../../../../arm-none-eabi/lib/thumb/v7e-m\libc.a(lib_a-mprec.o)
                0x00439328                __mprec_tens
 .rodata.p05.6055
                0x004393f0        0xc c:/program files (x86)/atmel/studio/7.0/toolchain/arm/arm-gnu-toolchain/bin/../lib/gcc/arm-none-eabi/6.3.1/../../../../arm-none-eabi/lib/thumb/v7e-m\libc.a(lib_a-mprec.o)
 .rodata._ctype_
                0x004393fc      0x101 c:/program files (x86)/atmel/studio/7.0/toolchain/arm/arm-gnu-toolchain/bin/../lib/gcc/arm-none-eabi/6.3.1/../../../../arm-none-eabi/lib/thumb/v7e-m\libc.a(lib_a-ctype_.o)
                0x004393fc                _ctype_
 *(.ARM.extab* .gnu.linkonce.armextab.*)
                0x00439500                . = ALIGN (0x4)
 *fill*         0x004394fd        0x3 
 *(.init)
 .init          0x00439500        0x4 c:/program files (x86)/atmel/studio/7.0/toolchain/arm/arm-gnu-toolchain/bin/../lib/gcc/arm-none-eabi/6.3.1/thumb/v7e-m/crti.o
                0x00439500                _init
 .init          0x00439504        0x8 c:/program files (x86)/atmel/studio/7.0/toolchain/arm/arm-gnu-toolchain/bin/../lib/gcc/arm-none-eabi/6.3.1/thumb/v7e-m/crtn.o
                0x0043950c                . = ALIGN (0x4)
                0x0043950c                __preinit_array_start = .
 *(.preinit_array)
                0x0043950c                __preinit_array_end = .
                0x0043950c                . = ALIGN (0x4)
                0x0043950c                __init_array_start = .
 *(SORT(.init_array.*))
 .init_array.00000
                0x0043950c        0x4 c:/program files (x86)/atmel/studio/7.0/toolchain/arm/arm-gnu-toolchain/bin/../lib/gcc/arm-none-eabi/6.3.1/../../../../arm-none-eabi/lib/thumb/v7e-m\libc.a(lib_a-__call_atexit.o)
 *(.init_array)
 .init_array    0x00439510        0x4 c:/program files (x86)/atmel/studio/7.0/toolchain/arm/arm-gnu-toolchain/bin/../lib/gcc/arm-none-eabi/6.3.1/thumb/v7e-m/crtbegin.o
                0x00439514                __init_array_end = .
                0x00439514                . = ALIGN (0x4)
 *crtbegin.o(.ctors)
 *(EXCLUDE_FILE(*crtend.o) .ctors)
 *(SORT(.ctors.*))
 *crtend.o(.ctors)
                0x00439514                . = ALIGN (0x4)
 *(.fini)
 .fini          0x00439514        0x4 c:/program files (x86)/atmel/studio/7.0/toolchain/arm/arm-gnu-toolchain/bin/../lib/gcc/arm-none-eabi/6.3.1/thumb/v7e-m/crti.o
                0x00439514                _fini
 .fini          0x00439518        0x8 c:/program files (x86)/atmel/studio/7.0/toolchain/arm/arm-gnu-toolchain/bin/../lib/gcc/arm-none-eabi/6.3.1/thumb/v7e-m/crtn.o
                0x00439520                . = ALIGN (0x4)
                0x00439520                __fini_array_start = .
 *(.fini_array)
 .fini_array    0x00439520        0x4 c:/program files (x86)/atmel/studio/7.0/toolchain/arm/arm-gnu-toolchain/bin/../lib/gcc/arm-none-eabi/6.3.1/thumb/v7e-m/crtbegin.o
 *(SORT(.fini_array.*))
                0x00439524                __fini_array_end = .
 *crtbegin.o(.dtors)
 *(EXCLUDE_FILE(*crtend.o) .dtors)
 *(SORT(.dtors.*))
 *crtend.o(.dtors)
                0x00439524                . = ALIGN (0x4)
                0x00439524                _efixed = .
                [!provide]                PROVIDE (__exidx_start, .)

.vfp11_veneer   0x00439524        0x0
 .vfp11_veneer  0x00439524        0x0 linker stubs

.v4_bx          0x00439524        0x0
 .v4_bx         0x00439524        0x0 linker stubs

.iplt           0x00439524        0x0
 .iplt          0x00439524        0x0 c:/program files (x86)/atmel/studio/7.0/toolchain/arm/arm-gnu-toolchain/bin/../lib/gcc/arm-none-eabi/6.3.1/thumb/v7e-m/crtbegin.o

.ARM.exidx      0x00439524        0x8
 *(.ARM.exidx* .gnu.linkonce.armexidx.*)
 .ARM.exidx     0x00439524        0x8 c:/program files (x86)/atmel/studio/7.0/toolchain/arm/arm-gnu-toolchain/bin/../lib/gcc/arm-none-eabi/6.3.1/thumb/v7e-m\libgcc.a(_udivmoddi4.o)
                [!provide]                PROVIDE (__exidx_end, .)

.eh_frame       0x0043952c        0x0
 .eh_frame      0x0043952c        0x0 c:/program files (x86)/atmel/studio/7.0/toolchain/arm/arm-gnu-toolchain/bin/../lib/gcc/arm-none-eabi/6.3.1/thumb/v7e-m/crtbegin.o

.rel.dyn        0x0043952c        0x0
 .rel.iplt      0x0043952c        0x0 c:/program files (x86)/atmel/studio/7.0/toolchain/arm/arm-gnu-toolchain/bin/../lib/gcc/arm-none-eabi/6.3.1/thumb/v7e-m/crtbegin.o

.jcr            0x0043952c        0x0
 .jcr           0x0043952c        0x0 c:/program files (x86)/atmel/studio/7.0/toolchain/arm/arm-gnu-toolchain/bin/../lib/gcc/arm-none-eabi/6.3.1/thumb/v7e-m/crtbegin.o

.igot.plt       0x0043952c        0x0
 .igot.plt      0x0043952c        0x0 c:/program files (x86)/atmel/studio/7.0/toolchain/arm/arm-gnu-toolchain/bin/../lib/gcc/arm-none-eabi/6.3.1/thumb/v7e-m/crtbegin.o
                0x0043952c                . = ALIGN (0x4)
                0x0043952c                _etext = .

.relocate       0x20400000      0xb50 load address 0x0043952c
                0x20400000                . = ALIGN (0x4)
                0x20400000                _srelocate = .
 *(.ramfunc .ramfunc.*)
 .ramfunc       0x20400000        0xa src/ASF/common/services/delay/sam/cycle_counter.o
                0x20400000                portable_delay_cycles
 *(.data .data.*)
 .data.g_interrupt_enabled
                0x2040000a        0x1 src/ASF/common/utils/interrupt/interrupt_sam_nvic.o
                0x2040000a                g_interrupt_enabled
 *fill*         0x2040000b        0x1 
 .data.SystemCoreClock
                0x2040000c        0x4 src/ASF/sam/utils/cmsis/same70/source/templates/system_same70.o
                0x2040000c                SystemCoreClock
 .data.c_rapido
                0x20400010       0x40 src/main.o
                0x20400010                c_rapido
 .data.c_diario
                0x20400050       0x40 src/main.o
                0x20400050                c_diario
 .data.c_pesado
                0x20400090       0x40 src/main.o
                0x20400090                c_pesado
 .data.c_enxague
                0x204000d0       0x40 src/main.o
                0x204000d0                c_enxague
 .data.c_centrifuga
                0x20400110       0x40 src/main.o
                0x20400110                c_centrifuga
 .data.prox     0x20400150       0x10 src/main.o
                0x20400150                prox
 .data.ant      0x20400160       0x10 src/main.o
                0x20400160                ant
 .data.lock     0x20400170       0x10 src/main.o
                0x20400170                lock
 .data.play     0x20400180       0x10 src/main.o
                0x20400180                play
 .data.cancela  0x20400190       0x10 src/main.o
                0x20400190                cancela
 .data._impure_ptr
                0x204001a0        0x4 c:/program files (x86)/atmel/studio/7.0/toolchain/arm/arm-gnu-toolchain/bin/../lib/gcc/arm-none-eabi/6.3.1/../../../../arm-none-eabi/lib/thumb/v7e-m\libc.a(lib_a-impure.o)
                0x204001a0                _impure_ptr
 *fill*         0x204001a4        0x4 
 .data.impure_data
                0x204001a8      0x428 c:/program files (x86)/atmel/studio/7.0/toolchain/arm/arm-gnu-toolchain/bin/../lib/gcc/arm-none-eabi/6.3.1/../../../../arm-none-eabi/lib/thumb/v7e-m\libc.a(lib_a-impure.o)
 .data.__malloc_av_
                0x204005d0      0x408 c:/program files (x86)/atmel/studio/7.0/toolchain/arm/arm-gnu-toolchain/bin/../lib/gcc/arm-none-eabi/6.3.1/../../../../arm-none-eabi/lib/thumb/v7e-m\libc.a(lib_a-mallocr.o)
                0x204005d0                __malloc_av_
 .data.__malloc_sbrk_base
                0x204009d8        0x4 c:/program files (x86)/atmel/studio/7.0/toolchain/arm/arm-gnu-toolchain/bin/../lib/gcc/arm-none-eabi/6.3.1/../../../../arm-none-eabi/lib/thumb/v7e-m\libc.a(lib_a-mallocr.o)
                0x204009d8                __malloc_sbrk_base
 .data.__malloc_trim_threshold
                0x204009dc        0x4 c:/program files (x86)/atmel/studio/7.0/toolchain/arm/arm-gnu-toolchain/bin/../lib/gcc/arm-none-eabi/6.3.1/../../../../arm-none-eabi/lib/thumb/v7e-m\libc.a(lib_a-mallocr.o)
                0x204009dc                __malloc_trim_threshold
 .data.__atexit_recursive_mutex
                0x204009e0        0x4 c:/program files (x86)/atmel/studio/7.0/toolchain/arm/arm-gnu-toolchain/bin/../lib/gcc/arm-none-eabi/6.3.1/../../../../arm-none-eabi/lib/thumb/v7e-m\libc.a(lib_a-__call_atexit.o)
                0x204009e0                __atexit_recursive_mutex
 .data.__global_locale
                0x204009e4      0x16c c:/program files (x86)/atmel/studio/7.0/toolchain/arm/arm-gnu-toolchain/bin/../lib/gcc/arm-none-eabi/6.3.1/../../../../arm-none-eabi/lib/thumb/v7e-m\libc.a(lib_a-locale.o)
                0x204009e4                __global_locale
                0x20400b50                . = ALIGN (0x4)
                0x20400b50                _erelocate = .

.bss            0x20400b50      0x6e8 load address 0x0043a07c
                0x20400b50                . = ALIGN (0x4)
                0x20400b50                _sbss = .
                0x20400b50                _szero = .
 *(.bss .bss.*)
 .bss           0x20400b50       0x1c c:/program files (x86)/atmel/studio/7.0/toolchain/arm/arm-gnu-toolchain/bin/../lib/gcc/arm-none-eabi/6.3.1/thumb/v7e-m/crtbegin.o
 .bss.g_wobits_in_rtt_mr
                0x20400b6c        0x4 src/ASF/sam/drivers/rtt/rtt.o
 .bss.g_ul_pixel_cache
                0x20400b70      0x5a0 src/ASF/sam/components/display/ili9488/ili9488.o
 .bss.gs_interrupt_sources
                0x20401110       0x70 src/ASF/sam/drivers/pio/pio_handler.o
 .bss.ul_reg_val.9451
                0x20401180        0x4 src/ASF/sam/drivers/usart/usart.o
 .bss.heap.6420
                0x20401184        0x4 src/ASF/sam/utils/syscalls/gcc/syscalls.o
 .bss.f_rtt_alarme
                0x20401188        0x1 src/main.o
                0x20401188                f_rtt_alarme
 *fill*         0x20401189        0x3 
 .bss.touch_counter
                0x2040118c        0x4 src/main.o
                0x2040118c                touch_counter
 .bss.__malloc_current_mallinfo
                0x20401190       0x28 c:/program files (x86)/atmel/studio/7.0/toolchain/arm/arm-gnu-toolchain/bin/../lib/gcc/arm-none-eabi/6.3.1/../../../../arm-none-eabi/lib/thumb/v7e-m\libc.a(lib_a-mallocr.o)
                0x20401190                __malloc_current_mallinfo
 .bss.__malloc_max_sbrked_mem
                0x204011b8        0x4 c:/program files (x86)/atmel/studio/7.0/toolchain/arm/arm-gnu-toolchain/bin/../lib/gcc/arm-none-eabi/6.3.1/../../../../arm-none-eabi/lib/thumb/v7e-m\libc.a(lib_a-mallocr.o)
                0x204011b8                __malloc_max_sbrked_mem
 .bss.__malloc_max_total_mem
                0x204011bc        0x4 c:/program files (x86)/atmel/studio/7.0/toolchain/arm/arm-gnu-toolchain/bin/../lib/gcc/arm-none-eabi/6.3.1/../../../../arm-none-eabi/lib/thumb/v7e-m\libc.a(lib_a-mallocr.o)
                0x204011bc                __malloc_max_total_mem
 .bss.__malloc_top_pad
                0x204011c0        0x4 c:/program files (x86)/atmel/studio/7.0/toolchain/arm/arm-gnu-toolchain/bin/../lib/gcc/arm-none-eabi/6.3.1/../../../../arm-none-eabi/lib/thumb/v7e-m\libc.a(lib_a-mallocr.o)
                0x204011c0                __malloc_top_pad
 *(COMMON)
 COMMON         0x204011c4        0x4 src/ASF/common/utils/stdio/read.o
                0x204011c4                ptr_get
 COMMON         0x204011c8        0x8 src/ASF/common/utils/stdio/write.o
                0x204011c8                ptr_put
                0x204011cc                stdio_base
 COMMON         0x204011d0       0x40 src/main.o
                0x204011d0                tempo
                0x204011d4                blocked
                0x204011d8                buffer
                0x204011f8                g_ili9488_display_opt
                0x20401208                lavando
                0x2040120c                p_ciclo
 COMMON         0x20401210       0x21 c:/program files (x86)/atmel/studio/7.0/toolchain/arm/arm-gnu-toolchain/bin/../lib/gcc/arm-none-eabi/6.3.1/../../../../arm-none-eabi/lib/thumb/v7e-m\libc.a(lib_a-lock.o)
                0x20401210                __lock___atexit_recursive_mutex
                0x20401214                __lock___arc4random_mutex
                0x20401218                __lock___env_recursive_mutex
                0x2040121c                __lock___sinit_recursive_mutex
                0x20401220                __lock___malloc_recursive_mutex
                0x20401224                __lock___at_quick_exit_mutex
                0x20401228                __lock___dd_hash_mutex
                0x2040122c                __lock___tz_mutex
                0x20401230                __lock___sfp_recursive_mutex
 *fill*         0x20401231        0x3 
 COMMON         0x20401234        0x4 c:/program files (x86)/atmel/studio/7.0/toolchain/arm/arm-gnu-toolchain/bin/../lib/gcc/arm-none-eabi/6.3.1/../../../../arm-none-eabi/lib/thumb/v7e-m\libc.a(lib_a-reent.o)
                0x20401234                errno
                0x20401238                . = ALIGN (0x4)
                0x20401238                _ebss = .
                0x20401238                _ezero = .

.stack          0x20401238     0x2000 load address 0x0043a764
                0x20401238                . = ALIGN (0x8)
                0x20401238                _sstack = .
                0x20403238                . = (. + STACK_SIZE)
 *fill*         0x20401238     0x2000 
                0x20403238                . = ALIGN (0x8)
                0x20403238                _estack = .

.heap           0x20403238      0x200 load address 0x0043c764
                0x20403238                . = ALIGN (0x8)
                0x20403238                _sheap = .
                0x20403438                . = (. + HEAP_SIZE)
 *fill*         0x20403238      0x200 
                0x20403438                . = ALIGN (0x8)
                0x20403438                _eheap = .
                0x20403438                . = ALIGN (0x4)
                0x20403438                _end = .
                0x2045ffff                _ram_end_ = ((ORIGIN (ram) + LENGTH (ram)) - 0x1)
OUTPUT(WashMachineAPS2.elf elf32-littlearm)

.ARM.attributes
                0x00000000       0x2e
 .ARM.attributes
                0x00000000       0x1e c:/program files (x86)/atmel/studio/7.0/toolchain/arm/arm-gnu-toolchain/bin/../lib/gcc/arm-none-eabi/6.3.1/thumb/v7e-m/crti.o
 .ARM.attributes
                0x0000001e       0x2e c:/program files (x86)/atmel/studio/7.0/toolchain/arm/arm-gnu-toolchain/bin/../lib/gcc/arm-none-eabi/6.3.1/thumb/v7e-m/crtbegin.o
 .ARM.attributes
                0x0000004c       0x37 src/ASF/sam/drivers/rtt/rtt.o
 .ARM.attributes
                0x00000083       0x37 src/ASF/common/components/touch/mxt/mxt_device_1.o
 .ARM.attributes
                0x000000ba       0x37 src/ASF/common/services/clock/same70/sysclk.o
 .ARM.attributes
                0x000000f1       0x37 src/ASF/common/services/delay/sam/cycle_counter.o
 .ARM.attributes
                0x00000128       0x37 src/ASF/common/services/serial/usart_serial.o
 .ARM.attributes
                0x0000015f       0x37 src/ASF/common/services/spi/sam_spi/spi_master.o
 .ARM.attributes
                0x00000196       0x37 src/ASF/common/utils/interrupt/interrupt_sam_nvic.o
 .ARM.attributes
                0x000001cd       0x37 src/ASF/common/utils/stdio/read.o
 .ARM.attributes
                0x00000204       0x37 src/ASF/common/utils/stdio/write.o
 .ARM.attributes
                0x0000023b       0x37 src/ASF/sam/boards/same70_xplained/init.o
 .ARM.attributes
                0x00000272       0x37 src/ASF/sam/components/display/ili9488/ili9488.o
 .ARM.attributes
                0x000002a9       0x37 src/ASF/sam/drivers/pio/pio.o
 .ARM.attributes
                0x000002e0       0x37 src/ASF/sam/drivers/pio/pio_handler.o
 .ARM.attributes
                0x00000317       0x37 src/ASF/sam/drivers/pmc/pmc.o
 .ARM.attributes
                0x0000034e       0x37 src/ASF/sam/drivers/spi/spi.o
 .ARM.attributes
                0x00000385       0x37 src/ASF/sam/drivers/twihs/twihs.o
 .ARM.attributes
                0x000003bc       0x37 src/ASF/sam/drivers/uart/uart.o
 .ARM.attributes
                0x000003f3       0x37 src/ASF/sam/drivers/usart/usart.o
 .ARM.attributes
                0x0000042a       0x37 src/ASF/sam/utils/cmsis/same70/source/templates/gcc/startup_same70.o
 .ARM.attributes
                0x00000461       0x37 src/ASF/sam/utils/cmsis/same70/source/templates/system_same70.o
 .ARM.attributes
                0x00000498       0x37 src/ASF/sam/utils/syscalls/gcc/syscalls.o
 .ARM.attributes
                0x000004cf       0x37 src/main.o
 .ARM.attributes
                0x00000506       0x1e c:/program files (x86)/atmel/studio/7.0/toolchain/arm/arm-gnu-toolchain/bin/../lib/gcc/arm-none-eabi/6.3.1/thumb/v7e-m\libgcc.a(_aeabi_uldivmod.o)
 .ARM.attributes
                0x00000524       0x2e c:/program files (x86)/atmel/studio/7.0/toolchain/arm/arm-gnu-toolchain/bin/../lib/gcc/arm-none-eabi/6.3.1/thumb/v7e-m\libgcc.a(_udivmoddi4.o)
 .ARM.attributes
                0x00000552       0x1e c:/program files (x86)/atmel/studio/7.0/toolchain/arm/arm-gnu-toolchain/bin/../lib/gcc/arm-none-eabi/6.3.1/thumb/v7e-m\libgcc.a(_dvmd_tls.o)
 .ARM.attributes
                0x00000570       0x2e c:/program files (x86)/atmel/studio/7.0/toolchain/arm/arm-gnu-toolchain/bin/../lib/gcc/arm-none-eabi/6.3.1/../../../../arm-none-eabi/lib/thumb/v7e-m\libc.a(lib_a-impure.o)
 .ARM.attributes
                0x0000059e       0x2e c:/program files (x86)/atmel/studio/7.0/toolchain/arm/arm-gnu-toolchain/bin/../lib/gcc/arm-none-eabi/6.3.1/../../../../arm-none-eabi/lib/thumb/v7e-m\libc.a(lib_a-init.o)
 .ARM.attributes
                0x000005cc       0x2e c:/program files (x86)/atmel/studio/7.0/toolchain/arm/arm-gnu-toolchain/bin/../lib/gcc/arm-none-eabi/6.3.1/../../../../arm-none-eabi/lib/thumb/v7e-m\libc.a(lib_a-iprintf.o)
 .ARM.attributes
                0x000005fa       0x2e c:/program files (x86)/atmel/studio/7.0/toolchain/arm/arm-gnu-toolchain/bin/../lib/gcc/arm-none-eabi/6.3.1/../../../../arm-none-eabi/lib/thumb/v7e-m\libc.a(lib_a-malloc.o)
 .ARM.attributes
                0x00000628       0x2e c:/program files (x86)/atmel/studio/7.0/toolchain/arm/arm-gnu-toolchain/bin/../lib/gcc/arm-none-eabi/6.3.1/../../../../arm-none-eabi/lib/thumb/v7e-m\libc.a(lib_a-mallocr.o)
 .ARM.attributes
                0x00000656       0x2e c:/program files (x86)/atmel/studio/7.0/toolchain/arm/arm-gnu-toolchain/bin/../lib/gcc/arm-none-eabi/6.3.1/../../../../arm-none-eabi/lib/thumb/v7e-m\libc.a(lib_a-memset.o)
 .ARM.attributes
                0x00000684       0x2e c:/program files (x86)/atmel/studio/7.0/toolchain/arm/arm-gnu-toolchain/bin/../lib/gcc/arm-none-eabi/6.3.1/../../../../arm-none-eabi/lib/thumb/v7e-m\libc.a(lib_a-mlock.o)
 .ARM.attributes
                0x000006b2       0x2e c:/program files (x86)/atmel/studio/7.0/toolchain/arm/arm-gnu-toolchain/bin/../lib/gcc/arm-none-eabi/6.3.1/../../../../arm-none-eabi/lib/thumb/v7e-m\libc.a(lib_a-sbrkr.o)
 .ARM.attributes
                0x000006e0       0x2e c:/program files (x86)/atmel/studio/7.0/toolchain/arm/arm-gnu-toolchain/bin/../lib/gcc/arm-none-eabi/6.3.1/../../../../arm-none-eabi/lib/thumb/v7e-m\libc.a(lib_a-setbuf.o)
 .ARM.attributes
                0x0000070e       0x2e c:/program files (x86)/atmel/studio/7.0/toolchain/arm/arm-gnu-toolchain/bin/../lib/gcc/arm-none-eabi/6.3.1/../../../../arm-none-eabi/lib/thumb/v7e-m\libc.a(lib_a-setvbuf.o)
 .ARM.attributes
                0x0000073c       0x2e c:/program files (x86)/atmel/studio/7.0/toolchain/arm/arm-gnu-toolchain/bin/../lib/gcc/arm-none-eabi/6.3.1/../../../../arm-none-eabi/lib/thumb/v7e-m\libc.a(lib_a-sprintf.o)
 .ARM.attributes
                0x0000076a       0x2e c:/program files (x86)/atmel/studio/7.0/toolchain/arm/arm-gnu-toolchain/bin/../lib/gcc/arm-none-eabi/6.3.1/../../../../arm-none-eabi/lib/thumb/v7e-m\libc.a(lib_a-strcat.o)
 .ARM.attributes
                0x00000798       0x2e c:/program files (x86)/atmel/studio/7.0/toolchain/arm/arm-gnu-toolchain/bin/../lib/gcc/arm-none-eabi/6.3.1/../../../../arm-none-eabi/lib/thumb/v7e-m\libc.a(lib_a-strcpy.o)
 .ARM.attributes
                0x000007c6       0x1c c:/program files (x86)/atmel/studio/7.0/toolchain/arm/arm-gnu-toolchain/bin/../lib/gcc/arm-none-eabi/6.3.1/../../../../arm-none-eabi/lib/thumb/v7e-m\libc.a(lib_a-strlen.o)
 .ARM.attributes
                0x000007e2       0x2e c:/program files (x86)/atmel/studio/7.0/toolchain/arm/arm-gnu-toolchain/bin/../lib/gcc/arm-none-eabi/6.3.1/../../../../arm-none-eabi/lib/thumb/v7e-m\libc.a(lib_a-svfprintf.o)
 .ARM.attributes
                0x00000810       0x2e c:/program files (x86)/atmel/studio/7.0/toolchain/arm/arm-gnu-toolchain/bin/../lib/gcc/arm-none-eabi/6.3.1/../../../../arm-none-eabi/lib/thumb/v7e-m\libc.a(lib_a-vfiprintf.o)
 .ARM.attributes
                0x0000083e       0x2e c:/program files (x86)/atmel/studio/7.0/toolchain/arm/arm-gnu-toolchain/bin/../lib/gcc/arm-none-eabi/6.3.1/../../../../arm-none-eabi/lib/thumb/v7e-m\libc.a(lib_a-wsetup.o)
 .ARM.attributes
                0x0000086c       0x2e c:/program files (x86)/atmel/studio/7.0/toolchain/arm/arm-gnu-toolchain/bin/../lib/gcc/arm-none-eabi/6.3.1/../../../../arm-none-eabi/lib/thumb/v7e-m\libc.a(lib_a-__call_atexit.o)
 .ARM.attributes
                0x0000089a       0x2e c:/program files (x86)/atmel/studio/7.0/toolchain/arm/arm-gnu-toolchain/bin/../lib/gcc/arm-none-eabi/6.3.1/../../../../arm-none-eabi/lib/thumb/v7e-m\libc.a(lib_a-atexit.o)
 .ARM.attributes
                0x000008c8       0x2e c:/program files (x86)/atmel/studio/7.0/toolchain/arm/arm-gnu-toolchain/bin/../lib/gcc/arm-none-eabi/6.3.1/../../../../arm-none-eabi/lib/thumb/v7e-m\libc.a(lib_a-dtoa.o)
 .ARM.attributes
                0x000008f6       0x2e c:/program files (x86)/atmel/studio/7.0/toolchain/arm/arm-gnu-toolchain/bin/../lib/gcc/arm-none-eabi/6.3.1/../../../../arm-none-eabi/lib/thumb/v7e-m\libc.a(lib_a-fflush.o)
 .ARM.attributes
                0x00000924       0x2e c:/program files (x86)/atmel/studio/7.0/toolchain/arm/arm-gnu-toolchain/bin/../lib/gcc/arm-none-eabi/6.3.1/../../../../arm-none-eabi/lib/thumb/v7e-m\libc.a(lib_a-findfp.o)
 .ARM.attributes
                0x00000952       0x2e c:/program files (x86)/atmel/studio/7.0/toolchain/arm/arm-gnu-toolchain/bin/../lib/gcc/arm-none-eabi/6.3.1/../../../../arm-none-eabi/lib/thumb/v7e-m\libc.a(lib_a-fini.o)
 .ARM.attributes
                0x00000980       0x2e c:/program files (x86)/atmel/studio/7.0/toolchain/arm/arm-gnu-toolchain/bin/../lib/gcc/arm-none-eabi/6.3.1/../../../../arm-none-eabi/lib/thumb/v7e-m\libc.a(lib_a-fputwc.o)
 .ARM.attributes
                0x000009ae       0x2e c:/program files (x86)/atmel/studio/7.0/toolchain/arm/arm-gnu-toolchain/bin/../lib/gcc/arm-none-eabi/6.3.1/../../../../arm-none-eabi/lib/thumb/v7e-m\libc.a(lib_a-freer.o)
 .ARM.attributes
                0x000009dc       0x2e c:/program files (x86)/atmel/studio/7.0/toolchain/arm/arm-gnu-toolchain/bin/../lib/gcc/arm-none-eabi/6.3.1/../../../../arm-none-eabi/lib/thumb/v7e-m\libc.a(lib_a-fvwrite.o)
 .ARM.attributes
                0x00000a0a       0x2e c:/program files (x86)/atmel/studio/7.0/toolchain/arm/arm-gnu-toolchain/bin/../lib/gcc/arm-none-eabi/6.3.1/../../../../arm-none-eabi/lib/thumb/v7e-m\libc.a(lib_a-fwalk.o)
 .ARM.attributes
                0x00000a38       0x2e c:/program files (x86)/atmel/studio/7.0/toolchain/arm/arm-gnu-toolchain/bin/../lib/gcc/arm-none-eabi/6.3.1/../../../../arm-none-eabi/lib/thumb/v7e-m\libc.a(lib_a-locale.o)
 .ARM.attributes
                0x00000a66       0x2e c:/program files (x86)/atmel/studio/7.0/toolchain/arm/arm-gnu-toolchain/bin/../lib/gcc/arm-none-eabi/6.3.1/../../../../arm-none-eabi/lib/thumb/v7e-m\libc.a(lib_a-localeconv.o)
 .ARM.attributes
                0x00000a94       0x2e c:/program files (x86)/atmel/studio/7.0/toolchain/arm/arm-gnu-toolchain/bin/../lib/gcc/arm-none-eabi/6.3.1/../../../../arm-none-eabi/lib/thumb/v7e-m\libc.a(lib_a-lock.o)
 .ARM.attributes
                0x00000ac2       0x2e c:/program files (x86)/atmel/studio/7.0/toolchain/arm/arm-gnu-toolchain/bin/../lib/gcc/arm-none-eabi/6.3.1/../../../../arm-none-eabi/lib/thumb/v7e-m\libc.a(lib_a-makebuf.o)
 .ARM.attributes
                0x00000af0       0x2e c:/program files (x86)/atmel/studio/7.0/toolchain/arm/arm-gnu-toolchain/bin/../lib/gcc/arm-none-eabi/6.3.1/../../../../arm-none-eabi/lib/thumb/v7e-m\libc.a(lib_a-mbtowc_r.o)
 .ARM.attributes
                0x00000b1e       0x1c c:/program files (x86)/atmel/studio/7.0/toolchain/arm/arm-gnu-toolchain/bin/../lib/gcc/arm-none-eabi/6.3.1/../../../../arm-none-eabi/lib/thumb/v7e-m\libc.a(lib_a-memchr.o)
 .ARM.attributes
                0x00000b3a       0x1c c:/program files (x86)/atmel/studio/7.0/toolchain/arm/arm-gnu-toolchain/bin/../lib/gcc/arm-none-eabi/6.3.1/../../../../arm-none-eabi/lib/thumb/v7e-m\libc.a(lib_a-memcpy.o)
 .ARM.attributes
                0x00000b56       0x2e c:/program files (x86)/atmel/studio/7.0/toolchain/arm/arm-gnu-toolchain/bin/../lib/gcc/arm-none-eabi/6.3.1/../../../../arm-none-eabi/lib/thumb/v7e-m\libc.a(lib_a-memmove.o)
 .ARM.attributes
                0x00000b84       0x2e c:/program files (x86)/atmel/studio/7.0/toolchain/arm/arm-gnu-toolchain/bin/../lib/gcc/arm-none-eabi/6.3.1/../../../../arm-none-eabi/lib/thumb/v7e-m\libc.a(lib_a-mprec.o)
 .ARM.attributes
                0x00000bb2       0x2e c:/program files (x86)/atmel/studio/7.0/toolchain/arm/arm-gnu-toolchain/bin/../lib/gcc/arm-none-eabi/6.3.1/../../../../arm-none-eabi/lib/thumb/v7e-m\libc.a(lib_a-reallocr.o)
 .ARM.attributes
                0x00000be0       0x2e c:/program files (x86)/atmel/studio/7.0/toolchain/arm/arm-gnu-toolchain/bin/../lib/gcc/arm-none-eabi/6.3.1/../../../../arm-none-eabi/lib/thumb/v7e-m\libc.a(lib_a-reent.o)
 .ARM.attributes